[0.011s] Invoking command in '/home/maikelborys/assignment_ws/src/robotics_software_engineer/build/module_8_assignment': CMAKE_PREFIX_PATH=${CMAKE_PREFIX_PATH}:/opt/ros/humble /usr/bin/cmake --build /home/maikelborys/assignment_ws/src/robotics_software_engineer/build/module_8_assignment -- -j16 -l16
[0.064s] [ 27%] Built target algo_astar
[0.064s] [ 27%] Built target rrt_node
[0.065s] [ 27%] Built target gtest_main
[0.065s] [ 36%] Built target algo_grid_sweep
[0.065s] [ 45%] Built target gtest
[0.066s] [ 54%] Built target map_republisher_node
[0.067s] [ 63%] Built target occupancy_grid_node
[0.087s] [ 81%] Built target algo_rrt
[0.087s] [ 81%] Built target test_rrt_node
[0.099s] [35m[1mConsolidate compiler generated dependencies of target path_planning_node[0m
[0.109s] [ 90%] Built target test_rrt
[0.117s] [ 95%] [32mBuilding CXX object CMakeFiles/path_planning_node.dir/src/path_planning.cpp.o[0m
[6.501s] [100%] [32m[1mLinking CXX executable path_planning_node[0m
[6.853s] [100%] Built target path_planning_node
[6.867s] Invoked command in '/home/maikelborys/assignment_ws/src/robotics_software_engineer/build/module_8_assignment' returned '0': CMAKE_PREFIX_PATH=${CMAKE_PREFIX_PATH}:/opt/ros/humble /usr/bin/cmake --build /home/maikelborys/assignment_ws/src/robotics_software_engineer/build/module_8_assignment -- -j16 -l16
[6.878s] Invoking command in '/home/maikelborys/assignment_ws/src/robotics_software_engineer/build/module_8_assignment': CMAKE_PREFIX_PATH=${CMAKE_PREFIX_PATH}:/opt/ros/humble /usr/bin/cmake --install /home/maikelborys/assignment_ws/src/robotics_software_engineer/build/module_8_assignment
[6.886s] -- Install configuration: ""
[6.886s] -- Up-to-date: /home/maikelborys/assignment_ws/src/robotics_software_engineer/install/module_8_assignment/share/module_8_assignment/launch
[6.886s] -- Up-to-date: /home/maikelborys/assignment_ws/src/robotics_software_engineer/install/module_8_assignment/share/module_8_assignment/launch/path_plan_rviz.launch.py
[6.886s] -- Up-to-date: /home/maikelborys/assignment_ws/src/robotics_software_engineer/install/module_8_assignment/share/module_8_assignment/launch/map_loading_2d.launch.py
[6.886s] -- Up-to-date: /home/maikelborys/assignment_ws/src/robotics_software_engineer/install/module_8_assignment/share/module_8_assignment/launch/maze_tb3_bringup.launch.py
[6.886s] -- Up-to-date: /home/maikelborys/assignment_ws/src/robotics_software_engineer/install/module_8_assignment/share/module_8_assignment/config
[6.886s] -- Up-to-date: /home/maikelborys/assignment_ws/src/robotics_software_engineer/install/module_8_assignment/share/module_8_assignment/config/search_path_planning.rviz
[6.887s] -- Up-to-date: /home/maikelborys/assignment_ws/src/robotics_software_engineer/install/module_8_assignment/share/module_8_assignment/world
[6.887s] -- Up-to-date: /home/maikelborys/assignment_ws/src/robotics_software_engineer/install/module_8_assignment/share/module_8_assignment/world/maze.world
[6.887s] -- Up-to-date: /home/maikelborys/assignment_ws/src/robotics_software_engineer/install/module_8_assignment/share/module_8_assignment/map_gens
[6.887s] -- Up-to-date: /home/maikelborys/assignment_ws/src/robotics_software_engineer/install/module_8_assignment/share/module_8_assignment/map_gens/maze_map.yaml
[6.887s] -- Up-to-date: /home/maikelborys/assignment_ws/src/robotics_software_engineer/install/module_8_assignment/share/module_8_assignment/map_gens/maze_map.pgm
[6.887s] -- Up-to-date: /home/maikelborys/assignment_ws/src/robotics_software_engineer/install/module_8_assignment/lib/module_8_assignment/occupancy_grid_node
[6.887s] -- Installing: /home/maikelborys/assignment_ws/src/robotics_software_engineer/install/module_8_assignment/lib/module_8_assignment/path_planning_node
[6.891s] -- Set runtime path of "/home/maikelborys/assignment_ws/src/robotics_software_engineer/install/module_8_assignment/lib/module_8_assignment/path_planning_node" to ""
[6.891s] -- Up-to-date: /home/maikelborys/assignment_ws/src/robotics_software_engineer/install/module_8_assignment/lib/module_8_assignment/map_republisher_node
[6.891s] -- Up-to-date: /home/maikelborys/assignment_ws/src/robotics_software_engineer/install/module_8_assignment/share/ament_index/resource_index/package_run_dependencies/module_8_assignment
[6.892s] -- Up-to-date: /home/maikelborys/assignment_ws/src/robotics_software_engineer/install/module_8_assignment/share/ament_index/resource_index/parent_prefix_path/module_8_assignment
[6.892s] -- Up-to-date: /home/maikelborys/assignment_ws/src/robotics_software_engineer/install/module_8_assignment/share/module_8_assignment/environment/ament_prefix_path.sh
[6.892s] -- Up-to-date: /home/maikelborys/assignment_ws/src/robotics_software_engineer/install/module_8_assignment/share/module_8_assignment/environment/ament_prefix_path.dsv
[6.892s] -- Up-to-date: /home/maikelborys/assignment_ws/src/robotics_software_engineer/install/module_8_assignment/share/module_8_assignment/environment/path.sh
[6.892s] -- Up-to-date: /home/maikelborys/assignment_ws/src/robotics_software_engineer/install/module_8_assignment/share/module_8_assignment/environment/path.dsv
[6.892s] -- Up-to-date: /home/maikelborys/assignment_ws/src/robotics_software_engineer/install/module_8_assignment/share/module_8_assignment/local_setup.bash
[6.892s] -- Up-to-date: /home/maikelborys/assignment_ws/src/robotics_software_engineer/install/module_8_assignment/share/module_8_assignment/local_setup.sh
[6.892s] -- Up-to-date: /home/maikelborys/assignment_ws/src/robotics_software_engineer/install/module_8_assignment/share/module_8_assignment/local_setup.zsh
[6.892s] -- Up-to-date: /home/maikelborys/assignment_ws/src/robotics_software_engineer/install/module_8_assignment/share/module_8_assignment/local_setup.dsv
[6.892s] -- Installing: /home/maikelborys/assignment_ws/src/robotics_software_engineer/install/module_8_assignment/share/module_8_assignment/package.dsv
[6.892s] -- Up-to-date: /home/maikelborys/assignment_ws/src/robotics_software_engineer/install/module_8_assignment/share/ament_index/resource_index/packages/module_8_assignment
[6.892s] -- Up-to-date: /home/maikelborys/assignment_ws/src/robotics_software_engineer/install/module_8_assignment/share/module_8_assignment/cmake/module_8_assignmentConfig.cmake
[6.893s] -- Up-to-date: /home/maikelborys/assignment_ws/src/robotics_software_engineer/install/module_8_assignment/share/module_8_assignment/cmake/module_8_assignmentConfig-version.cmake
[6.893s] -- Up-to-date: /home/maikelborys/assignment_ws/src/robotics_software_engineer/install/module_8_assignment/share/module_8_assignment/package.xml
[6.895s] Invoked command in '/home/maikelborys/assignment_ws/src/robotics_software_engineer/build/module_8_assignment' returned '0': CMAKE_PREFIX_PATH=${CMAKE_PREFIX_PATH}:/opt/ros/humble /usr/bin/cmake --install /home/maikelborys/assignment_ws/src/robotics_software_engineer/build/module_8_assignment
