[0.012s] Invoking command in '/home/maikelborys/assignment_ws/src/robotics_software_engineer/build/module_4_assignment': CMAKE_PREFIX_PATH=${CMAKE_PREFIX_PATH}:/opt/ros/humble /usr/bin/cmake --build /home/maikelborys/assignment_ws/src/robotics_software_engineer/build/module_4_assignment -- -j16 -l16
[0.069s] [ 25%] [32mBuilding CXX object CMakeFiles/mazeSolving.dir/src/maze_solving_with_lidar.cpp.o[0m
[0.071s] [ 75%] Built target lineFollowing
[6.219s] [100%] [32m[1mLinking CXX executable mazeSolving[0m
[6.578s] [100%] Built target mazeSolving
[6.590s] Invoked command in '/home/maikelborys/assignment_ws/src/robotics_software_engineer/build/module_4_assignment' returned '0': CMAKE_PREFIX_PATH=${CMAKE_PREFIX_PATH}:/opt/ros/humble /usr/bin/cmake --build /home/maikelborys/assignment_ws/src/robotics_software_engineer/build/module_4_assignment -- -j16 -l16
[6.599s] Invoking command in '/home/maikelborys/assignment_ws/src/robotics_software_engineer/build/module_4_assignment': CMAKE_PREFIX_PATH=${CMAKE_PREFIX_PATH}:/opt/ros/humble /usr/bin/cmake --install /home/maikelborys/assignment_ws/src/robotics_software_engineer/build/module_4_assignment
[6.606s] -- Install configuration: ""
[6.606s] -- Execute custom install script
[6.607s] -- Up-to-date symlink: /home/maikelborys/assignment_ws/src/robotics_software_engineer/install/module_4_assignment/lib/module_4_assignment/mazeSolving
[6.607s] -- Up-to-date symlink: /home/maikelborys/assignment_ws/src/robotics_software_engineer/install/module_4_assignment/lib/module_4_assignment/lineFollowing
[6.607s] -- Up-to-date symlink: /home/maikelborys/assignment_ws/src/robotics_software_engineer/install/module_4_assignment/share/module_4_assignment//launch/camera_line_following.launch.py
[6.607s] -- Up-to-date symlink: /home/maikelborys/assignment_ws/src/robotics_software_engineer/install/module_4_assignment/share/module_4_assignment//launch/custom_sensors.launch.py
[6.607s] -- Up-to-date symlink: /home/maikelborys/assignment_ws/src/robotics_software_engineer/install/module_4_assignment/share/module_4_assignment//launch/lidar_maze_solving.launch.py
[6.607s] -- Up-to-date symlink: /home/maikelborys/assignment_ws/src/robotics_software_engineer/install/module_4_assignment/share/module_4_assignment//worlds/line_following.world
[6.608s] -- Up-to-date symlink: /home/maikelborys/assignment_ws/src/robotics_software_engineer/install/module_4_assignment/share/module_4_assignment//worlds/maze.world
[6.608s] -- Up-to-date symlink: /home/maikelborys/assignment_ws/src/robotics_software_engineer/install/module_4_assignment/share/module_4_assignment//urdf/diff_drive.urdf
[6.608s] -- Up-to-date symlink: /home/maikelborys/assignment_ws/src/robotics_software_engineer/install/module_4_assignment/share/ament_index/resource_index/package_run_dependencies/module_4_assignment
[6.608s] -- Up-to-date symlink: /home/maikelborys/assignment_ws/src/robotics_software_engineer/install/module_4_assignment/share/ament_index/resource_index/parent_prefix_path/module_4_assignment
[6.608s] -- Up-to-date symlink: /home/maikelborys/assignment_ws/src/robotics_software_engineer/install/module_4_assignment/share/module_4_assignment/environment/ament_prefix_path.sh
[6.608s] -- Up-to-date symlink: /home/maikelborys/assignment_ws/src/robotics_software_engineer/install/module_4_assignment/share/module_4_assignment/environment/ament_prefix_path.dsv
[6.609s] -- Up-to-date symlink: /home/maikelborys/assignment_ws/src/robotics_software_engineer/install/module_4_assignment/share/module_4_assignment/environment/path.sh
[6.609s] -- Up-to-date symlink: /home/maikelborys/assignment_ws/src/robotics_software_engineer/install/module_4_assignment/share/module_4_assignment/environment/path.dsv
[6.609s] -- Up-to-date symlink: /home/maikelborys/assignment_ws/src/robotics_software_engineer/install/module_4_assignment/share/module_4_assignment/local_setup.bash
[6.609s] -- Up-to-date symlink: /home/maikelborys/assignment_ws/src/robotics_software_engineer/install/module_4_assignment/share/module_4_assignment/local_setup.sh
[6.609s] -- Up-to-date symlink: /home/maikelborys/assignment_ws/src/robotics_software_engineer/install/module_4_assignment/share/module_4_assignment/local_setup.zsh
[6.609s] -- Up-to-date symlink: /home/maikelborys/assignment_ws/src/robotics_software_engineer/install/module_4_assignment/share/module_4_assignment/local_setup.dsv
[6.609s] -- Symlinking: /home/maikelborys/assignment_ws/src/robotics_software_engineer/install/module_4_assignment/share/module_4_assignment/package.dsv
[6.618s] -- Up-to-date symlink: /home/maikelborys/assignment_ws/src/robotics_software_engineer/install/module_4_assignment/share/ament_index/resource_index/packages/module_4_assignment
[6.618s] -- Up-to-date symlink: /home/maikelborys/assignment_ws/src/robotics_software_engineer/install/module_4_assignment/share/module_4_assignment/cmake/module_4_assignmentConfig.cmake
[6.619s] -- Up-to-date symlink: /home/maikelborys/assignment_ws/src/robotics_software_engineer/install/module_4_assignment/share/module_4_assignment/cmake/module_4_assignmentConfig-version.cmake
[6.619s] -- Up-to-date symlink: /home/maikelborys/assignment_ws/src/robotics_software_engineer/install/module_4_assignment/share/module_4_assignment/package.xml
[6.621s] Invoked command in '/home/maikelborys/assignment_ws/src/robotics_software_engineer/build/module_4_assignment' returned '0': CMAKE_PREFIX_PATH=${CMAKE_PREFIX_PATH}:/opt/ros/humble /usr/bin/cmake --install /home/maikelborys/assignment_ws/src/robotics_software_engineer/build/module_4_assignment
