[ 27%] Built target algo_astar
[ 27%] Built target rrt_node
[ 31%] Built target gtest
[ 45%] Built target gtest_main
[ 45%] Built target algo_grid_sweep
[ 54%] Built target occupancy_grid_node
[ 63%] Built target map_republisher_node
[ 68%] [32mBuilding CXX object CMakeFiles/algo_rrt.dir/src/algo_rrt.cpp.o[0m
[ 77%] Built target test_rrt_node
[01m[K/home/maikelborys/assignment_ws/src/robotics_software_engineer/module_8_assignment/src/algo_rrt.cpp:11:6:[m[K [01;31m[Kerror: [m[Kno declaration matches ‘[01m[Kvoid RRT_Planner::setDomain(std::vector<int>&)[m[K’
   11 | void [01;31m[KRRT_Planner[m[K::setDomain(std::vector<int>& domain) {
      |      [01;31m[K^~~~~~~~~~~[m[K
In file included from [01m[K/home/maikelborys/assignment_ws/src/robotics_software_engineer/module_8_assignment/src/algo_rrt.cpp:1[m[K:
[01m[K/home/maikelborys/assignment_ws/src/robotics_software_engineer/module_8_assignment/include/path_planning/algo_rrt.hpp:16:10:[m[K [01;36m[Knote: [m[Kcandidate is: ‘[01m[Kvoid RRT_Planner::setDomain(int, int, const std::vector<signed char>&)[m[K’
   16 |     void [01;36m[KsetDomain[m[K(int width, int height, const std::vector<int8_t>& occupancy_data);
      |          [01;36m[K^~~~~~~~~[m[K
[01m[K/home/maikelborys/assignment_ws/src/robotics_software_engineer/module_8_assignment/include/path_planning/algo_rrt.hpp:10:7:[m[K [01;36m[Knote: [m[K‘[01m[Kclass RRT_Planner[m[K’ defined here
   10 | class [01;36m[KRRT_Planner[m[K {
      |       [01;36m[K^~~~~~~~~~~[m[K
gmake[2]: *** [CMakeFiles/algo_rrt.dir/build.make:76: CMakeFiles/algo_rrt.dir/src/algo_rrt.cpp.o] Error 1
gmake[1]: *** [CMakeFiles/Makefile2:275: CMakeFiles/algo_rrt.dir/all] Error 2
gmake: *** [Makefile:146: all] Error 2
