[0.011s] Invoking command in '/home/maikelborys/assignment_ws/src/robotics_software_engineer/build/module_8_assignment': CMAKE_PREFIX_PATH=${CMAKE_PREFIX_PATH}:/opt/ros/humble /usr/bin/cmake --build /home/maikelborys/assignment_ws/src/robotics_software_engineer/build/module_8_assignment -- -j16 -l16
[0.040s] -- Found ament_cmake: 1.3.11 (/opt/ros/humble/share/ament_cmake/cmake)
[0.144s] -- Found rclcpp: 16.0.11 (/opt/ros/humble/share/rclcpp/cmake)
[0.187s] -- Found rosidl_generator_c: 3.1.6 (/opt/ros/humble/share/rosidl_generator_c/cmake)
[0.189s] -- Found rosidl_adapter: 3.1.6 (/opt/ros/humble/share/rosidl_adapter/cmake)
[0.193s] -- Found rosidl_generator_cpp: 3.1.6 (/opt/ros/humble/share/rosidl_generator_cpp/cmake)
[0.201s] -- Using all available rosidl_typesupport_c: rosidl_typesupport_fastrtps_c;rosidl_typesupport_introspection_c
[0.211s] -- Using all available rosidl_typesupport_cpp: rosidl_typesupport_fastrtps_cpp;rosidl_typesupport_introspection_cpp
[0.237s] -- Found rmw_implementation_cmake: 6.1.2 (/opt/ros/humble/share/rmw_implementation_cmake/cmake)
[0.238s] -- Found rmw_fastrtps_cpp: 6.2.7 (/opt/ros/humble/share/rmw_fastrtps_cpp/cmake)
[0.350s] -- Using RMW implementation 'rmw_fastrtps_cpp' as default
[0.393s] -- Found geometry_msgs: 4.2.4 (/opt/ros/humble/share/geometry_msgs/cmake)
[0.403s] -- Found nav_msgs: 4.2.4 (/opt/ros/humble/share/nav_msgs/cmake)
[0.416s] -- Found tf2_ros: 0.25.12 (/opt/ros/humble/share/tf2_ros/cmake)
[0.480s] -- Found ament_cmake_gtest: 1.3.11 (/opt/ros/humble/share/ament_cmake_gtest/cmake)
[0.486s] -- Found gtest sources under '/opt/ros/humble/src/gtest_vendor': C++ tests using 'Google Test' will be built
[0.539s] -- Configuring done
[0.563s] -- Generating done
[0.572s] -- Build files have been written to: /home/maikelborys/assignment_ws/src/robotics_software_engineer/build/module_8_assignment
[0.609s] [ 20%] [32mBuilding CXX object CMakeFiles/occupancy_grid_node.dir/src/occupancy_grid.cpp.o[0m
[0.609s] [ 20%] [32mBuilding CXX object CMakeFiles/rrt_node.dir/src/algo_rrt_node.cpp.o[0m
[0.609s] [ 20%] [32mBuilding CXX object gtest/CMakeFiles/gtest_main.dir/src/gtest_main.cc.o[0m
[0.609s] [ 20%] [32mBuilding CXX object CMakeFiles/algo_grid_sweep.dir/src/algo_gridsweep.cpp.o[0m
[0.609s] [ 30%] [32mBuilding CXX object gtest/CMakeFiles/gtest.dir/src/gtest-all.cc.o[0m
[0.609s] [ 30%] [32mBuilding CXX object CMakeFiles/algo_astar.dir/src/algo_astar.cpp.o[0m
[0.617s] [01m[K/home/maikelborys/assignment_ws/src/robotics_software_engineer/module_8_assignment/src/algo_rrt_node.cpp:1:10:[m[K [01;31m[Kfatal error: [m[Kalgo_rrt_node.hpp: No such file or directory
[0.617s]     1 | #include [01;31m[K<algo_rrt_node.hpp>[m[K
[0.617s]       |          [01;31m[K^~~~~~~~~~~~~~~~~~~[m[K
[0.617s] compilation terminated.
[0.617s] [01m[K/home/maikelborys/assignment_ws/src/robotics_software_engineer/module_8_assignment/src/algo_astar.cpp:1:10:[m[K [01;31m[Kfatal error: [m[Kalgo_astar.h: No such file or directory
[0.617s]     1 | #include [01;31m[K"algo_astar.h"[m[K
[0.617s]       |          [01;31m[K^~~~~~~~~~~~~~[m[K
[0.618s] compilation terminated.
[0.618s] [01m[K/home/maikelborys/assignment_ws/src/robotics_software_engineer/module_8_assignment/src/algo_gridsweep.cpp:1:10:[m[K [01;31m[Kfatal error: [m[Kalgo_gridsweep.h: No such file or directory
[0.618s]     1 | #include [01;31m[K"algo_gridsweep.h"[m[K
[0.618s]       |          [01;31m[K^~~~~~~~~~~~~~~~~~[m[K
[0.618s] compilation terminated.
[0.618s] gmake[2]: *** [CMakeFiles/rrt_node.dir/build.make:76: CMakeFiles/rrt_node.dir/src/algo_rrt_node.cpp.o] Error 1
[0.618s] gmake[1]: *** [CMakeFiles/Makefile2:247: CMakeFiles/rrt_node.dir/all] Error 2
[0.618s] gmake[1]: *** Waiting for unfinished jobs....
[0.618s] gmake[2]: *** [CMakeFiles/algo_astar.dir/build.make:76: CMakeFiles/algo_astar.dir/src/algo_astar.cpp.o] Error 1
[0.619s] gmake[1]: *** [CMakeFiles/Makefile2:221: CMakeFiles/algo_astar.dir/all] Error 2
[0.619s] gmake[2]: *** [CMakeFiles/algo_grid_sweep.dir/build.make:76: CMakeFiles/algo_grid_sweep.dir/src/algo_gridsweep.cpp.o] Error 1
[0.619s] gmake[1]: *** [CMakeFiles/Makefile2:195: CMakeFiles/algo_grid_sweep.dir/all] Error 2
[1.557s] [ 35%] [32m[1mLinking CXX static library libgtest_main.a[0m
[1.714s] [ 35%] Built target gtest_main
[3.574s] [ 40%] [32m[1mLinking CXX static library libgtest.a[0m
[3.671s] [ 40%] Built target gtest
[3.922s] [ 45%] [32m[1mLinking CXX executable occupancy_grid_node[0m
[4.174s] [ 45%] Built target occupancy_grid_node
[4.175s] gmake: *** [Makefile:146: all] Error 2
[4.179s] Invoked command in '/home/maikelborys/assignment_ws/src/robotics_software_engineer/build/module_8_assignment' returned '2': CMAKE_PREFIX_PATH=${CMAKE_PREFIX_PATH}:/opt/ros/humble /usr/bin/cmake --build /home/maikelborys/assignment_ws/src/robotics_software_engineer/build/module_8_assignment -- -j16 -l16
