[0.291s] DEBUG:colcon:Command line arguments: ['/usr/bin/colcon', 'build', '--packages-select', 'module_7_assignment']
[0.291s] DEBUG:colcon:Parsed command line arguments: Namespace(log_base=None, log_level=None, verb_name='build', build_base='build', install_base='install', merge_install=False, symlink_install=False, test_result_base=None, continue_on_error=False, executor='parallel', parallel_workers=16, event_handlers=None, ignore_user_meta=False, metas=['./colcon.meta'], base_paths=['.'], packages_ignore=None, packages_ignore_regex=None, paths=None, packages_up_to=None, packages_up_to_regex=None, packages_above=None, packages_above_and_dependencies=None, packages_above_depth=None, packages_select_by_dep=None, packages_skip_by_dep=None, packages_skip_up_to=None, packages_select_build_failed=False, packages_skip_build_finished=False, packages_select_test_failures=False, packages_skip_test_passed=False, packages_select=['module_7_assignment'], packages_skip=None, packages_select_regex=None, packages_skip_regex=None, packages_start=None, packages_end=None, allow_overriding=[], cmake_args=None, cmake_target=None, cmake_target_skip_unavailable=False, cmake_clean_cache=False, cmake_clean_first=False, cmake_force_configure=False, ament_cmake_args=None, catkin_cmake_args=None, catkin_skip_building_tests=False, mixin_files=None, mixin=None, verb_parser=<colcon_mixin.mixin.mixin_argument.MixinArgumentDecorator object at 0x7af6dcf15ed0>, verb_extension=<colcon_core.verb.build.BuildVerb object at 0x7af6dcf15900>, main=<bound method BuildVerb.main of <colcon_core.verb.build.BuildVerb object at 0x7af6dcf15900>>, mixin_verb=('build',))
[0.797s] Level 1:colcon.colcon_core.package_discovery:discover_packages(colcon_meta) check parameters
[0.797s] Level 1:colcon.colcon_core.package_discovery:discover_packages(recursive) check parameters
[0.797s] Level 1:colcon.colcon_core.package_discovery:discover_packages(ignore) check parameters
[0.797s] Level 1:colcon.colcon_core.package_discovery:discover_packages(path) check parameters
[0.797s] Level 1:colcon.colcon_core.package_discovery:discover_packages(colcon_meta) discover
[0.797s] Level 1:colcon.colcon_core.package_discovery:discover_packages(recursive) discover
[0.797s] INFO:colcon.colcon_core.package_discovery:Crawling recursively for packages in '/home/maikelborys/assignment_ws/src/robotics_software_engineer'
[0.798s] Level 1:colcon.colcon_core.package_identification:_identify(.) by extensions ['ignore', 'ignore_ament_install']
[0.798s] Level 1:colcon.colcon_core.package_identification:_identify(.) by extension 'ignore'
[0.798s] Level 1:colcon.colcon_core.package_identification:_identify(.) by extension 'ignore_ament_install'
[0.798s] Level 1:colcon.colcon_core.package_identification:_identify(.) by extensions ['colcon_pkg']
[0.798s] Level 1:colcon.colcon_core.package_identification:_identify(.) by extension 'colcon_pkg'
[0.798s] Level 1:colcon.colcon_core.package_identification:_identify(.) by extensions ['colcon_meta']
[0.798s] Level 1:colcon.colcon_core.package_identification:_identify(.) by extension 'colcon_meta'
[0.798s] Level 1:colcon.colcon_core.package_identification:_identify(.) by extensions ['ros']
[0.798s] Level 1:colcon.colcon_core.package_identification:_identify(.) by extension 'ros'
[0.806s] Level 1:colcon.colcon_core.package_identification:_identify(.) by extensions ['cmake', 'python']
[0.806s] Level 1:colcon.colcon_core.package_identification:_identify(.) by extension 'cmake'
[0.806s] Level 1:colcon.colcon_core.package_identification:_identify(.) by extension 'python'
[0.806s] Level 1:colcon.colcon_core.package_identification:_identify(.) by extensions ['python_setup_py']
[0.806s] Level 1:colcon.colcon_core.package_identification:_identify(.) by extension 'python_setup_py'
[0.806s] Level 1:colcon.colcon_core.package_identification:_identify(build) by extensions ['ignore', 'ignore_ament_install']
[0.806s] Level 1:colcon.colcon_core.package_identification:_identify(build) by extension 'ignore'
[0.806s] Level 1:colcon.colcon_core.package_identification:_identify(build) ignored
[0.806s] Level 1:colcon.colcon_core.package_identification:_identify(install) by extensions ['ignore', 'ignore_ament_install']
[0.806s] Level 1:colcon.colcon_core.package_identification:_identify(install) by extension 'ignore'
[0.806s] Level 1:colcon.colcon_core.package_identification:_identify(install) ignored
[0.806s] Level 1:colcon.colcon_core.package_identification:_identify(log) by extensions ['ignore', 'ignore_ament_install']
[0.806s] Level 1:colcon.colcon_core.package_identification:_identify(log) by extension 'ignore'
[0.806s] Level 1:colcon.colcon_core.package_identification:_identify(log) ignored
[0.806s] Level 1:colcon.colcon_core.package_identification:_identify(module_1_assignment) by extensions ['ignore', 'ignore_ament_install']
[0.806s] Level 1:colcon.colcon_core.package_identification:_identify(module_1_assignment) by extension 'ignore'
[0.806s] Level 1:colcon.colcon_core.package_identification:_identify(module_1_assignment) by extension 'ignore_ament_install'
[0.806s] Level 1:colcon.colcon_core.package_identification:_identify(module_1_assignment) by extensions ['colcon_pkg']
[0.807s] Level 1:colcon.colcon_core.package_identification:_identify(module_1_assignment) by extension 'colcon_pkg'
[0.807s] Level 1:colcon.colcon_core.package_identification:_identify(module_1_assignment) by extensions ['colcon_meta']
[0.807s] Level 1:colcon.colcon_core.package_identification:_identify(module_1_assignment) by extension 'colcon_meta'
[0.807s] Level 1:colcon.colcon_core.package_identification:_identify(module_1_assignment) by extensions ['ros']
[0.807s] Level 1:colcon.colcon_core.package_identification:_identify(module_1_assignment) by extension 'ros'
[0.815s] DEBUG:colcon.colcon_core.package_identification:Package 'module_1_assignment' with type 'ros.ament_cmake' and name 'module_1_assignment'
[0.815s] Level 1:colcon.colcon_core.package_identification:_identify(module_2_assignment) by extensions ['ignore', 'ignore_ament_install']
[0.815s] Level 1:colcon.colcon_core.package_identification:_identify(module_2_assignment) by extension 'ignore'
[0.815s] Level 1:colcon.colcon_core.package_identification:_identify(module_2_assignment) by extension 'ignore_ament_install'
[0.815s] Level 1:colcon.colcon_core.package_identification:_identify(module_2_assignment) by extensions ['colcon_pkg']
[0.815s] Level 1:colcon.colcon_core.package_identification:_identify(module_2_assignment) by extension 'colcon_pkg'
[0.815s] Level 1:colcon.colcon_core.package_identification:_identify(module_2_assignment) by extensions ['colcon_meta']
[0.815s] Level 1:colcon.colcon_core.package_identification:_identify(module_2_assignment) by extension 'colcon_meta'
[0.816s] Level 1:colcon.colcon_core.package_identification:_identify(module_2_assignment) by extensions ['ros']
[0.816s] Level 1:colcon.colcon_core.package_identification:_identify(module_2_assignment) by extension 'ros'
[0.816s] DEBUG:colcon.colcon_core.package_identification:Package 'module_2_assignment' with type 'ros.ament_cmake' and name 'module_2_assignment'
[0.816s] Level 1:colcon.colcon_core.package_identification:_identify(module_3_assignment) by extensions ['ignore', 'ignore_ament_install']
[0.816s] Level 1:colcon.colcon_core.package_identification:_identify(module_3_assignment) by extension 'ignore'
[0.816s] Level 1:colcon.colcon_core.package_identification:_identify(module_3_assignment) by extension 'ignore_ament_install'
[0.816s] Level 1:colcon.colcon_core.package_identification:_identify(module_3_assignment) by extensions ['colcon_pkg']
[0.816s] Level 1:colcon.colcon_core.package_identification:_identify(module_3_assignment) by extension 'colcon_pkg'
[0.816s] Level 1:colcon.colcon_core.package_identification:_identify(module_3_assignment) by extensions ['colcon_meta']
[0.816s] Level 1:colcon.colcon_core.package_identification:_identify(module_3_assignment) by extension 'colcon_meta'
[0.816s] Level 1:colcon.colcon_core.package_identification:_identify(module_3_assignment) by extensions ['ros']
[0.816s] Level 1:colcon.colcon_core.package_identification:_identify(module_3_assignment) by extension 'ros'
[0.817s] DEBUG:colcon.colcon_core.package_identification:Package 'module_3_assignment' with type 'ros.ament_cmake' and name 'module_3_assignment'
[0.817s] Level 1:colcon.colcon_core.package_identification:_identify(module_4_assignment) by extensions ['ignore', 'ignore_ament_install']
[0.817s] Level 1:colcon.colcon_core.package_identification:_identify(module_4_assignment) by extension 'ignore'
[0.817s] Level 1:colcon.colcon_core.package_identification:_identify(module_4_assignment) by extension 'ignore_ament_install'
[0.817s] Level 1:colcon.colcon_core.package_identification:_identify(module_4_assignment) by extensions ['colcon_pkg']
[0.817s] Level 1:colcon.colcon_core.package_identification:_identify(module_4_assignment) by extension 'colcon_pkg'
[0.817s] Level 1:colcon.colcon_core.package_identification:_identify(module_4_assignment) by extensions ['colcon_meta']
[0.817s] Level 1:colcon.colcon_core.package_identification:_identify(module_4_assignment) by extension 'colcon_meta'
[0.817s] Level 1:colcon.colcon_core.package_identification:_identify(module_4_assignment) by extensions ['ros']
[0.817s] Level 1:colcon.colcon_core.package_identification:_identify(module_4_assignment) by extension 'ros'
[0.818s] DEBUG:colcon.colcon_core.package_identification:Package 'module_4_assignment' with type 'ros.ament_cmake' and name 'module_4_assignment'
[0.818s] Level 1:colcon.colcon_core.package_identification:_identify(module_5_assignment) by extensions ['ignore', 'ignore_ament_install']
[0.818s] Level 1:colcon.colcon_core.package_identification:_identify(module_5_assignment) by extension 'ignore'
[0.818s] Level 1:colcon.colcon_core.package_identification:_identify(module_5_assignment) by extension 'ignore_ament_install'
[0.818s] Level 1:colcon.colcon_core.package_identification:_identify(module_5_assignment) by extensions ['colcon_pkg']
[0.818s] Level 1:colcon.colcon_core.package_identification:_identify(module_5_assignment) by extension 'colcon_pkg'
[0.818s] Level 1:colcon.colcon_core.package_identification:_identify(module_5_assignment) by extensions ['colcon_meta']
[0.819s] Level 1:colcon.colcon_core.package_identification:_identify(module_5_assignment) by extension 'colcon_meta'
[0.819s] Level 1:colcon.colcon_core.package_identification:_identify(module_5_assignment) by extensions ['ros']
[0.819s] Level 1:colcon.colcon_core.package_identification:_identify(module_5_assignment) by extension 'ros'
[0.819s] DEBUG:colcon.colcon_core.package_identification:Package 'module_5_assignment' with type 'ros.ament_cmake' and name 'module_5_assignment'
[0.819s] Level 1:colcon.colcon_core.package_identification:_identify(module_6_assignment) by extensions ['ignore', 'ignore_ament_install']
[0.819s] Level 1:colcon.colcon_core.package_identification:_identify(module_6_assignment) by extension 'ignore'
[0.819s] Level 1:colcon.colcon_core.package_identification:_identify(module_6_assignment) by extension 'ignore_ament_install'
[0.819s] Level 1:colcon.colcon_core.package_identification:_identify(module_6_assignment) by extensions ['colcon_pkg']
[0.819s] Level 1:colcon.colcon_core.package_identification:_identify(module_6_assignment) by extension 'colcon_pkg'
[0.819s] Level 1:colcon.colcon_core.package_identification:_identify(module_6_assignment) by extensions ['colcon_meta']
[0.819s] Level 1:colcon.colcon_core.package_identification:_identify(module_6_assignment) by extension 'colcon_meta'
[0.819s] Level 1:colcon.colcon_core.package_identification:_identify(module_6_assignment) by extensions ['ros']
[0.819s] Level 1:colcon.colcon_core.package_identification:_identify(module_6_assignment) by extension 'ros'
[0.820s] DEBUG:colcon.colcon_core.package_identification:Package 'module_6_assignment' with type 'ros.ament_cmake' and name 'module_6_assignment'
[0.820s] Level 1:colcon.colcon_core.package_identification:_identify(module_7_assignment) by extensions ['ignore', 'ignore_ament_install']
[0.820s] Level 1:colcon.colcon_core.package_identification:_identify(module_7_assignment) by extension 'ignore'
[0.820s] Level 1:colcon.colcon_core.package_identification:_identify(module_7_assignment) by extension 'ignore_ament_install'
[0.820s] Level 1:colcon.colcon_core.package_identification:_identify(module_7_assignment) by extensions ['colcon_pkg']
[0.820s] Level 1:colcon.colcon_core.package_identification:_identify(module_7_assignment) by extension 'colcon_pkg'
[0.820s] Level 1:colcon.colcon_core.package_identification:_identify(module_7_assignment) by extensions ['colcon_meta']
[0.820s] Level 1:colcon.colcon_core.package_identification:_identify(module_7_assignment) by extension 'colcon_meta'
[0.820s] Level 1:colcon.colcon_core.package_identification:_identify(module_7_assignment) by extensions ['ros']
[0.820s] Level 1:colcon.colcon_core.package_identification:_identify(module_7_assignment) by extension 'ros'
[0.820s] DEBUG:colcon.colcon_core.package_identification:Package 'module_7_assignment' with type 'ros.ament_cmake' and name 'module_7_assignment'
[0.821s] Level 1:colcon.colcon_core.package_identification:_identify(module_8_assignment) by extensions ['ignore', 'ignore_ament_install']
[0.821s] Level 1:colcon.colcon_core.package_identification:_identify(module_8_assignment) by extension 'ignore'
[0.821s] Level 1:colcon.colcon_core.package_identification:_identify(module_8_assignment) by extension 'ignore_ament_install'
[0.821s] Level 1:colcon.colcon_core.package_identification:_identify(module_8_assignment) by extensions ['colcon_pkg']
[0.821s] Level 1:colcon.colcon_core.package_identification:_identify(module_8_assignment) by extension 'colcon_pkg'
[0.821s] Level 1:colcon.colcon_core.package_identification:_identify(module_8_assignment) by extensions ['colcon_meta']
[0.821s] Level 1:colcon.colcon_core.package_identification:_identify(module_8_assignment) by extension 'colcon_meta'
[0.821s] Level 1:colcon.colcon_core.package_identification:_identify(module_8_assignment) by extensions ['ros']
[0.821s] Level 1:colcon.colcon_core.package_identification:_identify(module_8_assignment) by extension 'ros'
[0.821s] DEBUG:colcon.colcon_core.package_identification:Package 'module_8_assignment' with type 'ros.ament_cmake' and name 'module_8_assignment'
[0.821s] Level 1:colcon.colcon_core.package_discovery:discover_packages(recursive) using defaults
[0.821s] Level 1:colcon.colcon_core.package_discovery:discover_packages(ignore) discover
[0.821s] Level 1:colcon.colcon_core.package_discovery:discover_packages(ignore) using defaults
[0.821s] Level 1:colcon.colcon_core.package_discovery:discover_packages(path) discover
[0.821s] Level 1:colcon.colcon_core.package_discovery:discover_packages(path) using defaults
[0.849s] INFO:colcon.colcon_core.package_selection:Skipping not selected package 'module_1_assignment' in 'module_1_assignment'
[0.849s] INFO:colcon.colcon_core.package_selection:Skipping not selected package 'module_2_assignment' in 'module_2_assignment'
[0.849s] INFO:colcon.colcon_core.package_selection:Skipping not selected package 'module_3_assignment' in 'module_3_assignment'
[0.849s] INFO:colcon.colcon_core.package_selection:Skipping not selected package 'module_4_assignment' in 'module_4_assignment'
[0.849s] INFO:colcon.colcon_core.package_selection:Skipping not selected package 'module_5_assignment' in 'module_5_assignment'
[0.849s] INFO:colcon.colcon_core.package_selection:Skipping not selected package 'module_6_assignment' in 'module_6_assignment'
[0.849s] INFO:colcon.colcon_core.package_selection:Skipping not selected package 'module_8_assignment' in 'module_8_assignment'
[0.849s] Level 1:colcon.colcon_core.package_discovery:discover_packages(prefix_path) check parameters
[0.849s] Level 1:colcon.colcon_core.package_discovery:discover_packages(prefix_path) discover
[0.859s] DEBUG:colcon.colcon_installed_package_information.package_discovery:Found 8 installed packages in /home/maikelborys/assignment_ws/src/robotics_software_engineer/install
[0.860s] DEBUG:colcon.colcon_installed_package_information.package_discovery:Found 8 installed packages in /home/maikelborys/ros2_ws/install
[0.862s] DEBUG:colcon.colcon_installed_package_information.package_discovery:Found 423 installed packages in /opt/ros/humble
[0.863s] Level 1:colcon.colcon_core.package_discovery:discover_packages(prefix_path) using defaults
[1.347s] Level 5:colcon.colcon_core.verb:set package 'module_7_assignment' build argument 'cmake_args' from command line to 'None'
[1.347s] Level 5:colcon.colcon_core.verb:set package 'module_7_assignment' build argument 'cmake_target' from command line to 'None'
[1.347s] Level 5:colcon.colcon_core.verb:set package 'module_7_assignment' build argument 'cmake_target_skip_unavailable' from command line to 'False'
[1.347s] Level 5:colcon.colcon_core.verb:set package 'module_7_assignment' build argument 'cmake_clean_cache' from command line to 'False'
[1.347s] Level 5:colcon.colcon_core.verb:set package 'module_7_assignment' build argument 'cmake_clean_first' from command line to 'False'
[1.347s] Level 5:colcon.colcon_core.verb:set package 'module_7_assignment' build argument 'cmake_force_configure' from command line to 'False'
[1.347s] Level 5:colcon.colcon_core.verb:set package 'module_7_assignment' build argument 'ament_cmake_args' from command line to 'None'
[1.347s] Level 5:colcon.colcon_core.verb:set package 'module_7_assignment' build argument 'catkin_cmake_args' from command line to 'None'
[1.347s] Level 5:colcon.colcon_core.verb:set package 'module_7_assignment' build argument 'catkin_skip_building_tests' from command line to 'False'
[1.347s] DEBUG:colcon.colcon_core.verb:Building package 'module_7_assignment' with the following arguments: {'ament_cmake_args': None, 'build_base': '/home/maikelborys/assignment_ws/src/robotics_software_engineer/build/module_7_assignment', 'catkin_cmake_args': None, 'catkin_skip_building_tests': False, 'cmake_args': None, 'cmake_clean_cache': False, 'cmake_clean_first': False, 'cmake_force_configure': False, 'cmake_target': None, 'cmake_target_skip_unavailable': False, 'install_base': '/home/maikelborys/assignment_ws/src/robotics_software_engineer/install/module_7_assignment', 'merge_install': False, 'path': '/home/maikelborys/assignment_ws/src/robotics_software_engineer/module_7_assignment', 'symlink_install': False, 'test_result_base': None}
[1.348s] INFO:colcon.colcon_core.executor:Executing jobs using 'parallel' executor
[1.349s] DEBUG:colcon.colcon_parallel_executor.executor.parallel:run_until_complete
[1.349s] INFO:colcon.colcon_ros.task.ament_cmake.build:Building ROS package in '/home/maikelborys/assignment_ws/src/robotics_software_engineer/module_7_assignment' with build type 'ament_cmake'
[1.350s] INFO:colcon.colcon_cmake.task.cmake.build:Building CMake package in '/home/maikelborys/assignment_ws/src/robotics_software_engineer/module_7_assignment'
[1.352s] INFO:colcon.colcon_core.plugin_system:Skipping extension 'colcon_core.shell.bat': Not used on non-Windows systems
[1.353s] INFO:colcon.colcon_core.shell:Skip shell extension 'powershell' for command environment: Not usable outside of PowerShell
[1.353s] DEBUG:colcon.colcon_core.shell:Skip shell extension 'dsv' for command environment
[1.384s] DEBUG:colcon.colcon_core.event_handler.log_command:Invoking command in '/home/maikelborys/assignment_ws/src/robotics_software_engineer/build/module_7_assignment': CMAKE_PREFIX_PATH=${CMAKE_PREFIX_PATH}:/opt/ros/humble /usr/bin/cmake --build /home/maikelborys/assignment_ws/src/robotics_software_engineer/build/module_7_assignment -- -j16 -l16
[1.584s] DEBUG:colcon.colcon_core.event_handler.log_command:Invoked command in '/home/maikelborys/assignment_ws/src/robotics_software_engineer/build/module_7_assignment' returned '0': CMAKE_PREFIX_PATH=${CMAKE_PREFIX_PATH}:/opt/ros/humble /usr/bin/cmake --build /home/maikelborys/assignment_ws/src/robotics_software_engineer/build/module_7_assignment -- -j16 -l16
[1.595s] DEBUG:colcon.colcon_core.event_handler.log_command:Invoking command in '/home/maikelborys/assignment_ws/src/robotics_software_engineer/build/module_7_assignment': CMAKE_PREFIX_PATH=${CMAKE_PREFIX_PATH}:/opt/ros/humble /usr/bin/cmake --install /home/maikelborys/assignment_ws/src/robotics_software_engineer/build/module_7_assignment
[1.683s] DEBUG:colcon.colcon_core.event_handler.log_command:Invoked command in '/home/maikelborys/assignment_ws/src/robotics_software_engineer/build/module_7_assignment' returned '1': CMAKE_PREFIX_PATH=${CMAKE_PREFIX_PATH}:/opt/ros/humble /usr/bin/cmake --install /home/maikelborys/assignment_ws/src/robotics_software_engineer/build/module_7_assignment
[1.683s] Level 1:colcon.colcon_core.environment:create_environment_scripts_only(module_7_assignment)
[1.686s] Level 1:colcon.colcon_core.environment:checking '/home/maikelborys/assignment_ws/src/robotics_software_engineer/install/module_7_assignment' for CMake module files
[1.687s] Level 1:colcon.colcon_core.environment:checking '/home/maikelborys/assignment_ws/src/robotics_software_engineer/install/module_7_assignment' for CMake config files
[1.688s] Level 1:colcon.colcon_core.shell:create_environment_hook('module_7_assignment', 'cmake_prefix_path')
[1.688s] INFO:colcon.colcon_core.shell:Creating environment hook '/home/maikelborys/assignment_ws/src/robotics_software_engineer/install/module_7_assignment/share/module_7_assignment/hook/cmake_prefix_path.ps1'
[1.689s] INFO:colcon.colcon_core.shell:Creating environment descriptor '/home/maikelborys/assignment_ws/src/robotics_software_engineer/install/module_7_assignment/share/module_7_assignment/hook/cmake_prefix_path.dsv'
[1.689s] INFO:colcon.colcon_core.shell:Creating environment hook '/home/maikelborys/assignment_ws/src/robotics_software_engineer/install/module_7_assignment/share/module_7_assignment/hook/cmake_prefix_path.sh'
[1.691s] Level 1:colcon.colcon_core.environment:checking '/home/maikelborys/assignment_ws/src/robotics_software_engineer/install/module_7_assignment/lib'
[1.691s] Level 1:colcon.colcon_core.environment:checking '/home/maikelborys/assignment_ws/src/robotics_software_engineer/install/module_7_assignment/bin'
[1.691s] Level 1:colcon.colcon_core.environment:checking '/home/maikelborys/assignment_ws/src/robotics_software_engineer/install/module_7_assignment/lib/pkgconfig/module_7_assignment.pc'
[1.691s] Level 1:colcon.colcon_core.environment:checking '/home/maikelborys/assignment_ws/src/robotics_software_engineer/install/module_7_assignment/lib/python3.10/site-packages'
[1.692s] Level 1:colcon.colcon_core.environment:checking '/home/maikelborys/assignment_ws/src/robotics_software_engineer/install/module_7_assignment/bin'
[1.692s] INFO:colcon.colcon_core.shell:Creating package script '/home/maikelborys/assignment_ws/src/robotics_software_engineer/install/module_7_assignment/share/module_7_assignment/package.ps1'
[1.693s] INFO:colcon.colcon_core.shell:Creating package descriptor '/home/maikelborys/assignment_ws/src/robotics_software_engineer/install/module_7_assignment/share/module_7_assignment/package.dsv'
[1.694s] INFO:colcon.colcon_core.shell:Creating package script '/home/maikelborys/assignment_ws/src/robotics_software_engineer/install/module_7_assignment/share/module_7_assignment/package.sh'
[1.695s] INFO:colcon.colcon_core.shell:Creating package script '/home/maikelborys/assignment_ws/src/robotics_software_engineer/install/module_7_assignment/share/module_7_assignment/package.bash'
[1.696s] INFO:colcon.colcon_core.shell:Creating package script '/home/maikelborys/assignment_ws/src/robotics_software_engineer/install/module_7_assignment/share/module_7_assignment/package.zsh'
[1.697s] Level 1:colcon.colcon_core.environment:create_file_with_runtime_dependencies(/home/maikelborys/assignment_ws/src/robotics_software_engineer/install/module_7_assignment/share/colcon-core/packages/module_7_assignment)
[1.707s] DEBUG:colcon.colcon_parallel_executor.executor.parallel:closing loop
[1.708s] DEBUG:colcon.colcon_parallel_executor.executor.parallel:loop closed
[1.708s] DEBUG:colcon.colcon_parallel_executor.executor.parallel:run_until_complete finished with '1'
[1.708s] DEBUG:colcon.colcon_core.event_reactor:joining thread
[1.747s] INFO:colcon.colcon_core.plugin_system:Skipping extension 'colcon_notification.desktop_notification.terminal_notifier': Not used on non-Darwin systems
[1.747s] INFO:colcon.colcon_core.plugin_system:Skipping extension 'colcon_notification.desktop_notification.win32': Not used on non-Windows systems
[1.747s] INFO:colcon.colcon_notification.desktop_notification:Sending desktop notification using 'notify2'
[1.757s] DEBUG:colcon.colcon_core.event_reactor:joined thread
[1.758s] INFO:colcon.colcon_core.shell:Creating prefix script '/home/maikelborys/assignment_ws/src/robotics_software_engineer/install/local_setup.ps1'
[1.759s] INFO:colcon.colcon_core.shell:Creating prefix util module '/home/maikelborys/assignment_ws/src/robotics_software_engineer/install/_local_setup_util_ps1.py'
[1.761s] INFO:colcon.colcon_core.shell:Creating prefix chain script '/home/maikelborys/assignment_ws/src/robotics_software_engineer/install/setup.ps1'
[1.763s] INFO:colcon.colcon_core.shell:Creating prefix script '/home/maikelborys/assignment_ws/src/robotics_software_engineer/install/local_setup.sh'
[1.764s] INFO:colcon.colcon_core.shell:Creating prefix util module '/home/maikelborys/assignment_ws/src/robotics_software_engineer/install/_local_setup_util_sh.py'
[1.764s] INFO:colcon.colcon_core.shell:Creating prefix chain script '/home/maikelborys/assignment_ws/src/robotics_software_engineer/install/setup.sh'
[1.767s] INFO:colcon.colcon_core.shell:Creating prefix script '/home/maikelborys/assignment_ws/src/robotics_software_engineer/install/local_setup.bash'
[1.767s] INFO:colcon.colcon_core.shell:Creating prefix chain script '/home/maikelborys/assignment_ws/src/robotics_software_engineer/install/setup.bash'
[1.769s] INFO:colcon.colcon_core.shell:Creating prefix script '/home/maikelborys/assignment_ws/src/robotics_software_engineer/install/local_setup.zsh'
[1.770s] INFO:colcon.colcon_core.shell:Creating prefix chain script '/home/maikelborys/assignment_ws/src/robotics_software_engineer/install/setup.zsh'
