[0.024s] Invoking command in '/home/maikelborys/assignment_ws/src/robotics_software_engineer/build/module_8_assignment': CMAKE_PREFIX_PATH=${CMAKE_PREFIX_PATH}:/opt/ros/humble /usr/bin/cmake --build /home/maikelborys/assignment_ws/src/robotics_software_engineer/build/module_8_assignment -- -j16 -l16
[0.051s] -- Found ament_cmake: 1.3.11 (/opt/ros/humble/share/ament_cmake/cmake)
[0.155s] -- Found rclcpp: 16.0.11 (/opt/ros/humble/share/rclcpp/cmake)
[0.194s] -- Found rosidl_generator_c: 3.1.6 (/opt/ros/humble/share/rosidl_generator_c/cmake)
[0.196s] -- Found rosidl_adapter: 3.1.6 (/opt/ros/humble/share/rosidl_adapter/cmake)
[0.200s] -- Found rosidl_generator_cpp: 3.1.6 (/opt/ros/humble/share/rosidl_generator_cpp/cmake)
[0.208s] -- Using all available rosidl_typesupport_c: rosidl_typesupport_fastrtps_c;rosidl_typesupport_introspection_c
[0.218s] -- Using all available rosidl_typesupport_cpp: rosidl_typesupport_fastrtps_cpp;rosidl_typesupport_introspection_cpp
[0.244s] -- Found rmw_implementation_cmake: 6.1.2 (/opt/ros/humble/share/rmw_implementation_cmake/cmake)
[0.245s] -- Found rmw_fastrtps_cpp: 6.2.7 (/opt/ros/humble/share/rmw_fastrtps_cpp/cmake)
[0.355s] -- Using RMW implementation 'rmw_fastrtps_cpp' as default
[0.399s] -- Found geometry_msgs: 4.2.4 (/opt/ros/humble/share/geometry_msgs/cmake)
[0.408s] -- Found nav_msgs: 4.2.4 (/opt/ros/humble/share/nav_msgs/cmake)
[0.421s] -- Found tf2_ros: 0.25.12 (/opt/ros/humble/share/tf2_ros/cmake)
[0.486s] -- Found ament_cmake_gtest: 1.3.11 (/opt/ros/humble/share/ament_cmake_gtest/cmake)
[0.507s] -- Found gtest sources under '/opt/ros/humble/src/gtest_vendor': C++ tests using 'Google Test' will be built
[0.559s] -- Configuring done
[0.606s] -- Generating done
[0.618s] -- Build files have been written to: /home/maikelborys/assignment_ws/src/robotics_software_engineer/build/module_8_assignment
[0.647s] [35m[1mConsolidate compiler generated dependencies of target algo_grid_sweep[0m
[0.647s] [35m[1mConsolidate compiler generated dependencies of target algo_astar[0m
[0.647s] [35m[1mConsolidate compiler generated dependencies of target rrt_node[0m
[0.647s] [35m[1mConsolidate compiler generated dependencies of target map_republisher_node[0m
[0.647s] [35m[1mConsolidate compiler generated dependencies of target gtest[0m
[0.648s] [35m[1mConsolidate compiler generated dependencies of target occupancy_grid_node[0m
[0.648s] [35m[1mConsolidate compiler generated dependencies of target gtest_main[0m
[0.660s] [ 18%] Built target algo_grid_sweep
[0.660s] [ 18%] Built target rrt_node
[0.661s] [ 27%] Built target gtest
[0.661s] [ 36%] Built target algo_astar
[0.661s] [ 45%] Built target gtest_main
[0.666s] [ 54%] Built target map_republisher_node
[0.667s] [ 63%] Built target occupancy_grid_node
[0.670s] [35m[1mConsolidate compiler generated dependencies of target algo_rrt[0m
[0.670s] [35m[1mConsolidate compiler generated dependencies of target test_rrt_node[0m
[0.683s] [ 68%] [32mBuilding CXX object CMakeFiles/algo_rrt.dir/src/algo_rrt.cpp.o[0m
[0.683s] [ 77%] Built target test_rrt_node
[2.444s] [01m[K/home/maikelborys/assignment_ws/src/robotics_software_engineer/module_8_assignment/src/algo_rrt.cpp:12:6:[m[K [01;31m[Kerror: [m[Kno declaration matches ‘[01m[Kvoid RRT_Planner::setDomain(int, int, const std::vector<signed char>&)[m[K’
[2.445s]    12 | void [01;31m[KRRT_Planner[m[K::setDomain(int width, int height, const std::vector<int8_t>& occupancy_data) {
[2.445s]       |      [01;31m[K^~~~~~~~~~~[m[K
[2.445s] In file included from [01m[K/home/maikelborys/assignment_ws/src/robotics_software_engineer/module_8_assignment/src/algo_rrt.cpp:1[m[K:
[2.445s] [01m[K/home/maikelborys/assignment_ws/src/robotics_software_engineer/module_8_assignment/include/path_planning/algo_rrt.hpp:16:10:[m[K [01;36m[Knote: [m[Kcandidate is: ‘[01m[Kvoid RRT_Planner::setDomain(std::vector<int>&)[m[K’
[2.445s]    16 |     void [01;36m[KsetDomain[m[K(std::vector<int>& domain);
[2.445s]       |          [01;36m[K^~~~~~~~~[m[K
[2.445s] [01m[K/home/maikelborys/assignment_ws/src/robotics_software_engineer/module_8_assignment/include/path_planning/algo_rrt.hpp:10:7:[m[K [01;36m[Knote: [m[K‘[01m[Kclass RRT_Planner[m[K’ defined here
[2.445s]    10 | class [01;36m[KRRT_Planner[m[K {
[2.445s]       |       [01;36m[K^~~~~~~~~~~[m[K
[2.466s] [01m[K/home/maikelborys/assignment_ws/src/robotics_software_engineer/module_8_assignment/src/algo_rrt.cpp:[m[K In member function ‘[01m[KNodeRrt RRT_Planner::generateRandomNode(std::mt19937&)[m[K’:
[2.467s] [01m[K/home/maikelborys/assignment_ws/src/robotics_software_engineer/module_8_assignment/src/algo_rrt.cpp:20:54:[m[K [01;31m[Kerror: [m[K‘[01m[Kwidth_[m[K’ was not declared in this scope
[2.467s]    20 |   std::uniform_int_distribution<int> distribution(0, [01;31m[Kwidth_[m[K * height_ - 1);
[2.467s]       |                                                      [01;31m[K^~~~~~[m[K
[2.470s] [01m[K/home/maikelborys/assignment_ws/src/robotics_software_engineer/module_8_assignment/src/algo_rrt.cpp:20:63:[m[K [01;31m[Kerror: [m[K‘[01m[Kheight_[m[K’ was not declared in this scope
[2.470s]    20 |   std::uniform_int_distribution<int> distribution(0, width_ * [01;31m[Kheight_[m[K - 1);
[2.470s]       |                                                               [01;31m[K^~~~~~~[m[K
[2.475s] [01m[K/home/maikelborys/assignment_ws/src/robotics_software_engineer/module_8_assignment/src/algo_rrt.cpp:[m[K In member function ‘[01m[Kbool RRT_Planner::isObstacle(const NodeRrt&, const NodeRrt&)[m[K’:
[2.475s] [01m[K/home/maikelborys/assignment_ws/src/robotics_software_engineer/module_8_assignment/src/algo_rrt.cpp:59:47:[m[K [01;31m[Kerror: [m[K‘[01m[Kwidth_[m[K’ was not declared in this scope
[2.475s]    59 |   if (newNode.getX() < 0 || newNode.getX() >= [01;31m[Kwidth_[m[K || newNode.getY() < 0 || newNode.getY() >= height_) {
[2.475s]       |                                               [01;31m[K^~~~~~[m[K
[2.478s] [01m[K/home/maikelborys/assignment_ws/src/robotics_software_engineer/module_8_assignment/src/algo_rrt.cpp:59:97:[m[K [01;31m[Kerror: [m[K‘[01m[Kheight_[m[K’ was not declared in this scope
[2.478s]    59 |   if (newNode.getX() < 0 || newNode.getX() >= width_ || newNode.getY() < 0 || newNode.getY() >= [01;31m[Kheight_[m[K) {
[2.478s]       |                                                                                                 [01;31m[K^~~~~~~[m[K
[2.484s] [01m[K/home/maikelborys/assignment_ws/src/robotics_software_engineer/module_8_assignment/src/algo_rrt.cpp:64:7:[m[K [01;31m[Kerror: [m[K‘[01m[Koccupancy_data_[m[K’ was not declared in this scope
[2.484s]    64 |   if ([01;31m[Koccupancy_data_[m[K[newNode.getY() * width_ + newNode.getX()] == 100) {
[2.484s]       |       [01;31m[K^~~~~~~~~~~~~~~[m[K
[2.487s] [01m[K/home/maikelborys/assignment_ws/src/robotics_software_engineer/module_8_assignment/src/algo_rrt.cpp:64:40:[m[K [01;31m[Kerror: [m[K‘[01m[Kwidth_[m[K’ was not declared in this scope
[2.487s]    64 |   if (occupancy_data_[newNode.getY() * [01;31m[Kwidth_[m[K + newNode.getX()] == 100) {
[2.487s]       |                                        [01;31m[K^~~~~~[m[K
[2.502s] [01m[K/home/maikelborys/assignment_ws/src/robotics_software_engineer/module_8_assignment/src/algo_rrt.cpp:77:9:[m[K [01;31m[Kerror: [m[K‘[01m[Koccupancy_data_[m[K’ was not declared in this scope
[2.502s]    77 |     if ([01;31m[Koccupancy_data_[m[K[static_cast<int>(y) * width_ + static_cast<int>(x)] == 100) {
[2.502s]       |         [01;31m[K^~~~~~~~~~~~~~~[m[K
[2.505s] [01m[K/home/maikelborys/assignment_ws/src/robotics_software_engineer/module_8_assignment/src/algo_rrt.cpp:77:47:[m[K [01;31m[Kerror: [m[K‘[01m[Kwidth_[m[K’ was not declared in this scope
[2.505s]    77 |     if (occupancy_data_[static_cast<int>(y) * [01;31m[Kwidth_[m[K + static_cast<int>(x)] == 100) {
[2.505s]       |                                               [01;31m[K^~~~~~[m[K
[2.508s] [01m[K/home/maikelborys/assignment_ws/src/robotics_software_engineer/module_8_assignment/src/algo_rrt.cpp:[m[K In static member function ‘[01m[Kstatic NodeRrt RRT_Planner::indexToCoordinate(int)[m[K’:
[2.508s] [01m[K/home/maikelborys/assignment_ws/src/robotics_software_engineer/module_8_assignment/src/algo_rrt.cpp:91:19:[m[K [01;31m[Kerror: [m[K‘[01m[Kwidth_[m[K’ was not declared in this scope
[2.509s]    91 |   int x = index % [01;31m[Kwidth_[m[K;
[2.509s]       |                   [01;31m[K^~~~~~[m[K
[2.840s] gmake[2]: *** [CMakeFiles/algo_rrt.dir/build.make:76: CMakeFiles/algo_rrt.dir/src/algo_rrt.cpp.o] Error 1
[2.841s] gmake[1]: *** [CMakeFiles/Makefile2:275: CMakeFiles/algo_rrt.dir/all] Error 2
[2.841s] gmake: *** [Makefile:146: all] Error 2
[2.844s] Invoked command in '/home/maikelborys/assignment_ws/src/robotics_software_engineer/build/module_8_assignment' returned '2': CMAKE_PREFIX_PATH=${CMAKE_PREFIX_PATH}:/opt/ros/humble /usr/bin/cmake --build /home/maikelborys/assignment_ws/src/robotics_software_engineer/build/module_8_assignment -- -j16 -l16
