[35m[1mConsolidate compiler generated dependencies of target rrt_node[0m
[35m[1mConsolidate compiler generated dependencies of target algo_astar[0m
[35m[1mConsolidate compiler generated dependencies of target algo_grid_sweep[0m
[ 30%] Built target gtest
[ 30%] Built target rrt_node
[ 30%] Built target gtest_main
[ 40%] Built target algo_grid_sweep
[ 50%] Built target algo_astar
[ 60%] Built target occupancy_grid_node
[35m[1mConsolidate compiler generated dependencies of target algo_rrt[0m
[35m[1mConsolidate compiler generated dependencies of target test_rrt_node[0m
[ 70%] Built target algo_rrt
[ 80%] Built target test_rrt_node
[35m[1mConsolidate compiler generated dependencies of target test_rrt[0m
[35m[1mConsolidate compiler generated dependencies of target path_planning_node[0m
[ 90%] Built target test_rrt
[100%] Built target path_planning_node
-- Install configuration: ""
-- Up-to-date: /home/maikelborys/assignment_ws/src/robotics_software_engineer/install/module_8_assignment/share/module_8_assignment/launch
-- Installing: /home/maikelborys/assignment_ws/src/robotics_software_engineer/install/module_8_assignment/share/module_8_assignment/launch/path_plan_rviz.launch.py
-- Up-to-date: /home/maikelborys/assignment_ws/src/robotics_software_engineer/install/module_8_assignment/share/module_8_assignment/launch/map_loading_2d.launch.py
-- Up-to-date: /home/maikelborys/assignment_ws/src/robotics_software_engineer/install/module_8_assignment/share/module_8_assignment/launch/maze_tb3_bringup.launch.py
-- Up-to-date: /home/maikelborys/assignment_ws/src/robotics_software_engineer/install/module_8_assignment/share/module_8_assignment/config
-- Up-to-date: /home/maikelborys/assignment_ws/src/robotics_software_engineer/install/module_8_assignment/share/module_8_assignment/config/search_path_planning.rviz
-- Up-to-date: /home/maikelborys/assignment_ws/src/robotics_software_engineer/install/module_8_assignment/lib/module_8_assignment/occupancy_grid_node
-- Up-to-date: /home/maikelborys/assignment_ws/src/robotics_software_engineer/install/module_8_assignment/lib/module_8_assignment/path_planning_node
-- Up-to-date: /home/maikelborys/assignment_ws/src/robotics_software_engineer/install/module_8_assignment/share/ament_index/resource_index/package_run_dependencies/module_8_assignment
-- Up-to-date: /home/maikelborys/assignment_ws/src/robotics_software_engineer/install/module_8_assignment/share/ament_index/resource_index/parent_prefix_path/module_8_assignment
-- Up-to-date: /home/maikelborys/assignment_ws/src/robotics_software_engineer/install/module_8_assignment/share/module_8_assignment/environment/ament_prefix_path.sh
-- Up-to-date: /home/maikelborys/assignment_ws/src/robotics_software_engineer/install/module_8_assignment/share/module_8_assignment/environment/ament_prefix_path.dsv
-- Up-to-date: /home/maikelborys/assignment_ws/src/robotics_software_engineer/install/module_8_assignment/share/module_8_assignment/environment/path.sh
-- Up-to-date: /home/maikelborys/assignment_ws/src/robotics_software_engineer/install/module_8_assignment/share/module_8_assignment/environment/path.dsv
-- Up-to-date: /home/maikelborys/assignment_ws/src/robotics_software_engineer/install/module_8_assignment/share/module_8_assignment/local_setup.bash
-- Up-to-date: /home/maikelborys/assignment_ws/src/robotics_software_engineer/install/module_8_assignment/share/module_8_assignment/local_setup.sh
-- Up-to-date: /home/maikelborys/assignment_ws/src/robotics_software_engineer/install/module_8_assignment/share/module_8_assignment/local_setup.zsh
-- Up-to-date: /home/maikelborys/assignment_ws/src/robotics_software_engineer/install/module_8_assignment/share/module_8_assignment/local_setup.dsv
-- Installing: /home/maikelborys/assignment_ws/src/robotics_software_engineer/install/module_8_assignment/share/module_8_assignment/package.dsv
-- Up-to-date: /home/maikelborys/assignment_ws/src/robotics_software_engineer/install/module_8_assignment/share/ament_index/resource_index/packages/module_8_assignment
-- Up-to-date: /home/maikelborys/assignment_ws/src/robotics_software_engineer/install/module_8_assignment/share/module_8_assignment/cmake/module_8_assignmentConfig.cmake
-- Up-to-date: /home/maikelborys/assignment_ws/src/robotics_software_engineer/install/module_8_assignment/share/module_8_assignment/cmake/module_8_assignmentConfig-version.cmake
-- Up-to-date: /home/maikelborys/assignment_ws/src/robotics_software_engineer/install/module_8_assignment/share/module_8_assignment/package.xml
