[0.010s] Invoking command in '/home/maikelborys/assignment_ws/src/robotics_software_engineer/build/module_5_assignment': CMAKE_PREFIX_PATH=${CMAKE_PREFIX_PATH}:/opt/ros/humble /usr/bin/cmake --build /home/maikelborys/assignment_ws/src/robotics_software_engineer/build/module_5_assignment -- -j16 -l16
[0.032s] -- Found ament_cmake: 1.3.11 (/opt/ros/humble/share/ament_cmake/cmake)
[0.123s] -- Override CMake install command with custom implementation using symlinks instead of copying resources
[0.134s] -- Found rclcpp: 16.0.11 (/opt/ros/humble/share/rclcpp/cmake)
[0.173s] -- Found rosidl_generator_c: 3.1.6 (/opt/ros/humble/share/rosidl_generator_c/cmake)
[0.175s] -- Found rosidl_adapter: 3.1.6 (/opt/ros/humble/share/rosidl_adapter/cmake)
[0.179s] -- Found rosidl_generator_cpp: 3.1.6 (/opt/ros/humble/share/rosidl_generator_cpp/cmake)
[0.187s] -- Using all available rosidl_typesupport_c: rosidl_typesupport_fastrtps_c;rosidl_typesupport_introspection_c
[0.197s] -- Using all available rosidl_typesupport_cpp: rosidl_typesupport_fastrtps_cpp;rosidl_typesupport_introspection_cpp
[0.223s] -- Found rmw_implementation_cmake: 6.1.2 (/opt/ros/humble/share/rmw_implementation_cmake/cmake)
[0.224s] -- Found rmw_fastrtps_cpp: 6.2.7 (/opt/ros/humble/share/rmw_fastrtps_cpp/cmake)
[0.334s] -- Using RMW implementation 'rmw_fastrtps_cpp' as default
[0.373s] -- Found sensor_msgs: 4.2.4 (/opt/ros/humble/share/sensor_msgs/cmake)
[0.398s] -- Found cv_bridge: 3.2.1 (/opt/ros/humble/share/cv_bridge/cmake)
[0.409s] -- Found tf2_ros: 0.25.12 (/opt/ros/humble/share/tf2_ros/cmake)
[0.474s] -- Found nav_msgs: 4.2.4 (/opt/ros/humble/share/nav_msgs/cmake)
[0.542s] -- Configuring done
[0.566s] -- Generating done
[0.587s] -- Build files have been written to: /home/maikelborys/assignment_ws/src/robotics_software_engineer/build/module_5_assignment
[0.614s] [35m[1mConsolidate compiler generated dependencies of target goal_planer[0m
[0.615s] [35m[1mConsolidate compiler generated dependencies of target robotic_arm_tf_broadcaster[0m
[0.615s] [35m[1mConsolidate compiler generated dependencies of target lineFollowing[0m
[0.623s] [ 10%] [32mBuilding CXX object CMakeFiles/lqr_lib.dir/src/lqr_lib.cpp.o[0m
[0.633s] [ 50%] Built target robotic_arm_tf_broadcaster
[0.633s] [ 50%] Built target lineFollowing
[0.633s] [ 70%] Built target goal_planer
[7.625s] [ 80%] [32m[1mLinking CXX static library liblqr_lib.a[0m
[7.983s] [ 80%] Built target lqr_lib
[8.002s] [ 90%] [32mBuilding CXX object CMakeFiles/lqr_node.dir/src/lqr_node.cpp.o[0m
[8.010s] [01m[K/home/maikelborys/assignment_ws/src/robotics_software_engineer/module_5_assignment/src/lqr_node.cpp:1:10:[m[K [01;31m[Kfatal error: [m[Kangles/angles.h: No such file or directory
[8.010s]     1 | #include [01;31m[K<angles/angles.h>[m[K
[8.010s]       |          [01;31m[K^~~~~~~~~~~~~~~~~[m[K
[8.010s] compilation terminated.
[8.011s] gmake[2]: *** [CMakeFiles/lqr_node.dir/build.make:76: CMakeFiles/lqr_node.dir/src/lqr_node.cpp.o] Error 1
[8.012s] gmake[1]: *** [CMakeFiles/Makefile2:249: CMakeFiles/lqr_node.dir/all] Error 2
[8.012s] gmake: *** [Makefile:146: all] Error 2
[8.015s] Invoked command in '/home/maikelborys/assignment_ws/src/robotics_software_engineer/build/module_5_assignment' returned '2': CMAKE_PREFIX_PATH=${CMAKE_PREFIX_PATH}:/opt/ros/humble /usr/bin/cmake --build /home/maikelborys/assignment_ws/src/robotics_software_engineer/build/module_5_assignment -- -j16 -l16
