[ 33%] Built target robotic_arm_tf_broadcaster
[100%] Built target lineFollowing
[100%] Built target goal_planer
-- Install configuration: ""
-- Execute custom install script
-- Up-to-date symlink: /home/maikelborys/assignment_ws/src/robotics_software_engineer/install/module_5_assignment/lib/module_5_assignment/lineFollowing
-- Up-to-date symlink: /home/maikelborys/assignment_ws/src/robotics_software_engineer/install/module_5_assignment/lib/module_5_assignment/goal_planer
-- Up-to-date symlink: /home/maikelborys/assignment_ws/src/robotics_software_engineer/install/module_5_assignment/lib/module_5_assignment/robotic_arm_tf_broadcaster
-- Up-to-date symlink: /home/maikelborys/assignment_ws/src/robotics_software_engineer/install/module_5_assignment/share/module_5_assignment//launch/camera_line_following.launch.py
-- Up-to-date symlink: /home/maikelborys/assignment_ws/src/robotics_software_engineer/install/module_5_assignment/share/module_5_assignment//launch/goal_planer.launch.py
-- Up-to-date symlink: /home/maikelborys/assignment_ws/src/robotics_software_engineer/install/module_5_assignment/share/module_5_assignment//launch/robot_state_publisher.launch.py
-- Up-to-date symlink: /home/maikelborys/assignment_ws/src/robotics_software_engineer/install/module_5_assignment/share/module_5_assignment//urdf/diff_drive.urdf
-- Up-to-date symlink: /home/maikelborys/assignment_ws/src/robotics_software_engineer/install/module_5_assignment/share/module_5_assignment//urdf/robotic_arm.urdf
-- Up-to-date symlink: /home/maikelborys/assignment_ws/src/robotics_software_engineer/install/module_5_assignment/share/module_5_assignment//config/arm_controller.yaml
-- Up-to-date symlink: /home/maikelborys/assignment_ws/src/robotics_software_engineer/install/module_5_assignment/share/ament_index/resource_index/package_run_dependencies/module_5_assignment
-- Up-to-date symlink: /home/maikelborys/assignment_ws/src/robotics_software_engineer/install/module_5_assignment/share/ament_index/resource_index/parent_prefix_path/module_5_assignment
-- Up-to-date symlink: /home/maikelborys/assignment_ws/src/robotics_software_engineer/install/module_5_assignment/share/module_5_assignment/environment/ament_prefix_path.sh
-- Up-to-date symlink: /home/maikelborys/assignment_ws/src/robotics_software_engineer/install/module_5_assignment/share/module_5_assignment/environment/ament_prefix_path.dsv
-- Up-to-date symlink: /home/maikelborys/assignment_ws/src/robotics_software_engineer/install/module_5_assignment/share/module_5_assignment/environment/path.sh
-- Up-to-date symlink: /home/maikelborys/assignment_ws/src/robotics_software_engineer/install/module_5_assignment/share/module_5_assignment/environment/path.dsv
-- Up-to-date symlink: /home/maikelborys/assignment_ws/src/robotics_software_engineer/install/module_5_assignment/share/module_5_assignment/local_setup.bash
-- Up-to-date symlink: /home/maikelborys/assignment_ws/src/robotics_software_engineer/install/module_5_assignment/share/module_5_assignment/local_setup.sh
-- Up-to-date symlink: /home/maikelborys/assignment_ws/src/robotics_software_engineer/install/module_5_assignment/share/module_5_assignment/local_setup.zsh
-- Up-to-date symlink: /home/maikelborys/assignment_ws/src/robotics_software_engineer/install/module_5_assignment/share/module_5_assignment/local_setup.dsv
-- Symlinking: /home/maikelborys/assignment_ws/src/robotics_software_engineer/install/module_5_assignment/share/module_5_assignment/package.dsv
-- Up-to-date symlink: /home/maikelborys/assignment_ws/src/robotics_software_engineer/install/module_5_assignment/share/ament_index/resource_index/packages/module_5_assignment
-- Up-to-date symlink: /home/maikelborys/assignment_ws/src/robotics_software_engineer/install/module_5_assignment/share/module_5_assignment/cmake/module_5_assignmentConfig.cmake
-- Up-to-date symlink: /home/maikelborys/assignment_ws/src/robotics_software_engineer/install/module_5_assignment/share/module_5_assignment/cmake/module_5_assignmentConfig-version.cmake
-- Up-to-date symlink: /home/maikelborys/assignment_ws/src/robotics_software_engineer/install/module_5_assignment/share/module_5_assignment/package.xml
