-- Found ament_cmake: 1.3.11 (/opt/ros/humble/share/ament_cmake/cmake)
-- Found ament_lint_auto: 0.12.11 (/opt/ros/humble/share/ament_lint_auto/cmake)
-- Added test 'lint_cmake' to check CMake code style
-- Added test 'xmllint' to check XML markup files
-- Configuring done
-- Generating done
-- Build files have been written to: /home/maikelborys/assignment_ws/src/robotics_software_engineer/build/module_7_assignment
-- Install configuration: ""
-- Up-to-date: /home/maikelborys/assignment_ws/src/robotics_software_engineer/install/module_7_assignment/share/ament_index/resource_index/package_run_dependencies/module_7_assignment
-- Installing: /home/maikelborys/assignment_ws/src/robotics_software_engineer/install/module_7_assignment/share/ament_index/resource_index/parent_prefix_path/module_7_assignment
-- Installing: /home/maikelborys/assignment_ws/src/robotics_software_engineer/install/module_7_assignment/share/module_7_assignment/environment/ament_prefix_path.sh
-- Installing: /home/maikelborys/assignment_ws/src/robotics_software_engineer/install/module_7_assignment/share/module_7_assignment/environment/ament_prefix_path.dsv
-- Installing: /home/maikelborys/assignment_ws/src/robotics_software_engineer/install/module_7_assignment/share/module_7_assignment/environment/path.sh
-- Installing: /home/maikelborys/assignment_ws/src/robotics_software_engineer/install/module_7_assignment/share/module_7_assignment/environment/path.dsv
-- Up-to-date: /home/maikelborys/assignment_ws/src/robotics_software_engineer/install/module_7_assignment/share/module_7_assignment/local_setup.bash
-- Up-to-date: /home/maikelborys/assignment_ws/src/robotics_software_engineer/install/module_7_assignment/share/module_7_assignment/local_setup.sh
-- Up-to-date: /home/maikelborys/assignment_ws/src/robotics_software_engineer/install/module_7_assignment/share/module_7_assignment/local_setup.zsh
-- Installing: /home/maikelborys/assignment_ws/src/robotics_software_engineer/install/module_7_assignment/share/module_7_assignment/local_setup.dsv
-- Installing: /home/maikelborys/assignment_ws/src/robotics_software_engineer/install/module_7_assignment/share/module_7_assignment/package.dsv
-- Up-to-date: /home/maikelborys/assignment_ws/src/robotics_software_engineer/install/module_7_assignment/share/ament_index/resource_index/packages/module_7_assignment
-- Up-to-date: /home/maikelborys/assignment_ws/src/robotics_software_engineer/install/module_7_assignment/share/module_7_assignment/cmake/module_7_assignmentConfig.cmake
-- Up-to-date: /home/maikelborys/assignment_ws/src/robotics_software_engineer/install/module_7_assignment/share/module_7_assignment/cmake/module_7_assignmentConfig-version.cmake
-- Installing: /home/maikelborys/assignment_ws/src/robotics_software_engineer/install/module_7_assignment/share/module_7_assignment/package.xml
