[0.011s] Invoking command in '/home/maikelborys/assignment_ws/src/robotics_software_engineer/build/module_7_assignment': CMAKE_PREFIX_PATH=${CMAKE_PREFIX_PATH}:/opt/ros/humble /usr/bin/cmake --build /home/maikelborys/assignment_ws/src/robotics_software_engineer/build/module_7_assignment -- -j16 -l16
[0.030s] -- Found ament_cmake: 1.3.11 (/opt/ros/humble/share/ament_cmake/cmake)
[0.132s] -- Found ament_lint_auto: 0.12.11 (/opt/ros/humble/share/ament_lint_auto/cmake)
[0.189s] -- Added test 'lint_cmake' to check CMake code style
[0.190s] -- Added test 'xmllint' to check XML markup files
[0.191s] -- Configuring done
[0.196s] -- Generating done
[0.200s] -- Build files have been written to: /home/maikelborys/assignment_ws/src/robotics_software_engineer/build/module_7_assignment
[0.222s] Invoked command in '/home/maikelborys/assignment_ws/src/robotics_software_engineer/build/module_7_assignment' returned '0': CMAKE_PREFIX_PATH=${CMAKE_PREFIX_PATH}:/opt/ros/humble /usr/bin/cmake --build /home/maikelborys/assignment_ws/src/robotics_software_engineer/build/module_7_assignment -- -j16 -l16
[0.233s] Invoking command in '/home/maikelborys/assignment_ws/src/robotics_software_engineer/build/module_7_assignment': CMAKE_PREFIX_PATH=${CMAKE_PREFIX_PATH}:/opt/ros/humble /usr/bin/cmake --install /home/maikelborys/assignment_ws/src/robotics_software_engineer/build/module_7_assignment
[0.240s] -- Install configuration: ""
[0.240s] -- Up-to-date: /home/maikelborys/assignment_ws/src/robotics_software_engineer/install/module_7_assignment/share/ament_index/resource_index/package_run_dependencies/module_7_assignment
[0.240s] -- Installing: /home/maikelborys/assignment_ws/src/robotics_software_engineer/install/module_7_assignment/share/ament_index/resource_index/parent_prefix_path/module_7_assignment
[0.240s] -- Installing: /home/maikelborys/assignment_ws/src/robotics_software_engineer/install/module_7_assignment/share/module_7_assignment/environment/ament_prefix_path.sh
[0.241s] -- Installing: /home/maikelborys/assignment_ws/src/robotics_software_engineer/install/module_7_assignment/share/module_7_assignment/environment/ament_prefix_path.dsv
[0.241s] -- Installing: /home/maikelborys/assignment_ws/src/robotics_software_engineer/install/module_7_assignment/share/module_7_assignment/environment/path.sh
[0.241s] -- Installing: /home/maikelborys/assignment_ws/src/robotics_software_engineer/install/module_7_assignment/share/module_7_assignment/environment/path.dsv
[0.241s] -- Up-to-date: /home/maikelborys/assignment_ws/src/robotics_software_engineer/install/module_7_assignment/share/module_7_assignment/local_setup.bash
[0.241s] -- Up-to-date: /home/maikelborys/assignment_ws/src/robotics_software_engineer/install/module_7_assignment/share/module_7_assignment/local_setup.sh
[0.241s] -- Up-to-date: /home/maikelborys/assignment_ws/src/robotics_software_engineer/install/module_7_assignment/share/module_7_assignment/local_setup.zsh
[0.241s] -- Installing: /home/maikelborys/assignment_ws/src/robotics_software_engineer/install/module_7_assignment/share/module_7_assignment/local_setup.dsv
[0.241s] -- Installing: /home/maikelborys/assignment_ws/src/robotics_software_engineer/install/module_7_assignment/share/module_7_assignment/package.dsv
[0.241s] -- Up-to-date: /home/maikelborys/assignment_ws/src/robotics_software_engineer/install/module_7_assignment/share/ament_index/resource_index/packages/module_7_assignment
[0.241s] -- Up-to-date: /home/maikelborys/assignment_ws/src/robotics_software_engineer/install/module_7_assignment/share/module_7_assignment/cmake/module_7_assignmentConfig.cmake
[0.242s] -- Up-to-date: /home/maikelborys/assignment_ws/src/robotics_software_engineer/install/module_7_assignment/share/module_7_assignment/cmake/module_7_assignmentConfig-version.cmake
[0.242s] -- Installing: /home/maikelborys/assignment_ws/src/robotics_software_engineer/install/module_7_assignment/share/module_7_assignment/package.xml
[0.244s] Invoked command in '/home/maikelborys/assignment_ws/src/robotics_software_engineer/build/module_7_assignment' returned '0': CMAKE_PREFIX_PATH=${CMAKE_PREFIX_PATH}:/opt/ros/humble /usr/bin/cmake --install /home/maikelborys/assignment_ws/src/robotics_software_engineer/build/module_7_assignment
