[0.012s] Invoking command in '/home/maikelborys/assignment_ws/src/robotics_software_engineer/build/module_4_assignment': CMAKE_PREFIX_PATH=${CMAKE_PREFIX_PATH}:/opt/ros/humble /usr/bin/cmake --build /home/maikelborys/assignment_ws/src/robotics_software_engineer/build/module_4_assignment -- -j16 -l16
[0.036s] -- Found ament_cmake: 1.3.11 (/opt/ros/humble/share/ament_cmake/cmake)
[0.142s] -- Override CMake install command with custom implementation using symlinks instead of copying resources
[0.148s] -- Found rclcpp: 16.0.11 (/opt/ros/humble/share/rclcpp/cmake)
[0.174s] -- Found rosidl_generator_c: 3.1.6 (/opt/ros/humble/share/rosidl_generator_c/cmake)
[0.176s] -- Found rosidl_adapter: 3.1.6 (/opt/ros/humble/share/rosidl_adapter/cmake)
[0.181s] -- Found rosidl_generator_cpp: 3.1.6 (/opt/ros/humble/share/rosidl_generator_cpp/cmake)
[0.189s] -- Using all available rosidl_typesupport_c: rosidl_typesupport_fastrtps_c;rosidl_typesupport_introspection_c
[0.200s] -- Using all available rosidl_typesupport_cpp: rosidl_typesupport_fastrtps_cpp;rosidl_typesupport_introspection_cpp
[0.226s] -- Found rmw_implementation_cmake: 6.1.2 (/opt/ros/humble/share/rmw_implementation_cmake/cmake)
[0.227s] -- Found rmw_fastrtps_cpp: 6.2.7 (/opt/ros/humble/share/rmw_fastrtps_cpp/cmake)
[0.339s] -- Using RMW implementation 'rmw_fastrtps_cpp' as default
[0.381s] -- Found sensor_msgs: 4.2.4 (/opt/ros/humble/share/sensor_msgs/cmake)
[0.405s] -- Found cv_bridge: 3.2.1 (/opt/ros/humble/share/cv_bridge/cmake)
[0.480s] -- Configuring done
[0.495s] -- Generating done
[0.500s] -- Build files have been written to: /home/maikelborys/assignment_ws/src/robotics_software_engineer/build/module_4_assignment
[0.529s] [35m[1mConsolidate compiler generated dependencies of target lineFollowing[0m
[0.539s] [ 25%] [32mBuilding CXX object CMakeFiles/mazeSolving.dir/src/maze_solving_with_lidar.cpp.o[0m
[0.549s] [ 75%] Built target lineFollowing
[7.900s] [100%] [32m[1mLinking CXX executable mazeSolving[0m
[8.429s] /usr/bin/ld: CMakeFiles/mazeSolving.dir/src/maze_solving_with_lidar.cpp.o: in function `CameraSubscriber::cameraCallback(std::shared_ptr<sensor_msgs::msg::Image_<std::allocator<void> > >)':
[8.429s] maze_solving_with_lidar.cpp:(.text._ZN16CameraSubscriber14cameraCallbackESt10shared_ptrIN11sensor_msgs3msg6Image_ISaIvEEEE[_ZN16CameraSubscriber14cameraCallbackESt10shared_ptrIN11sensor_msgs3msg6Image_ISaIvEEEE]+0x70b): undefined reference to `cv::imshow(std::__cxx11::basic_string<char, std::char_traits<char>, std::allocator<char> > const&, cv::_InputArray const&)'
[8.429s] /usr/bin/ld: maze_solving_with_lidar.cpp:(.text._ZN16CameraSubscriber14cameraCallbackESt10shared_ptrIN11sensor_msgs3msg6Image_ISaIvEEEE[_ZN16CameraSubscriber14cameraCallbackESt10shared_ptrIN11sensor_msgs3msg6Image_ISaIvEEEE]+0x742): undefined reference to `cv::waitKey(int)'
[8.500s] collect2: error: ld returned 1 exit status
[8.502s] gmake[2]: *** [CMakeFiles/mazeSolving.dir/build.make:179: mazeSolving] Error 1
[8.503s] gmake[1]: *** [CMakeFiles/Makefile2:139: CMakeFiles/mazeSolving.dir/all] Error 2
[8.503s] gmake: *** [Makefile:146: all] Error 2
[8.507s] Invoked command in '/home/maikelborys/assignment_ws/src/robotics_software_engineer/build/module_4_assignment' returned '2': CMAKE_PREFIX_PATH=${CMAKE_PREFIX_PATH}:/opt/ros/humble /usr/bin/cmake --build /home/maikelborys/assignment_ws/src/robotics_software_engineer/build/module_4_assignment -- -j16 -l16
