[0.010s] Invoking command in '/home/maikelborys/assignment_ws/src/robotics_software_engineer/build/module_2_assignment': CMAKE_PREFIX_PATH=${CMAKE_PREFIX_PATH}:/opt/ros/humble /usr/bin/cmake --build /home/maikelborys/assignment_ws/src/robotics_software_engineer/build/module_2_assignment -- -j16 -l16
[0.032s] -- Found ament_cmake: 1.3.11 (/opt/ros/humble/share/ament_cmake/cmake)
[0.131s] -- Found rclcpp: 16.0.11 (/opt/ros/humble/share/rclcpp/cmake)
[0.168s] -- Found rosidl_generator_c: 3.1.6 (/opt/ros/humble/share/rosidl_generator_c/cmake)
[0.170s] -- Found rosidl_adapter: 3.1.6 (/opt/ros/humble/share/rosidl_adapter/cmake)
[0.175s] -- Found rosidl_generator_cpp: 3.1.6 (/opt/ros/humble/share/rosidl_generator_cpp/cmake)
[0.182s] -- Using all available rosidl_typesupport_c: rosidl_typesupport_fastrtps_c;rosidl_typesupport_introspection_c
[0.192s] -- Using all available rosidl_typesupport_cpp: rosidl_typesupport_fastrtps_cpp;rosidl_typesupport_introspection_cpp
[0.218s] -- Found rmw_implementation_cmake: 6.1.2 (/opt/ros/humble/share/rmw_implementation_cmake/cmake)
[0.219s] -- Found rmw_fastrtps_cpp: 6.2.7 (/opt/ros/humble/share/rmw_fastrtps_cpp/cmake)
[0.319s] -- Using RMW implementation 'rmw_fastrtps_cpp' as default
[0.358s] -- Found geometry_msgs: 4.2.4 (/opt/ros/humble/share/geometry_msgs/cmake)
[0.371s] -- Found ament_lint_auto: 0.12.11 (/opt/ros/humble/share/ament_lint_auto/cmake)
[0.423s] -- Added test 'cppcheck' to perform static code analysis on C / C++ code
[0.424s] -- Configured cppcheck include dirs: 
[0.424s] -- Configured cppcheck exclude dirs and/or files: 
[0.424s] -- Added test 'flake8' to check Python code syntax and style conventions
[0.424s] -- Added test 'lint_cmake' to check CMake code style
[0.424s] -- Added test 'pep257' to check Python code against some of the docstring style conventions in PEP 257
[0.425s] -- Added test 'uncrustify' to check C / C++ code style
[0.425s] -- Configured uncrustify additional arguments: 
[0.426s] -- Added test 'xmllint' to check XML markup files
[0.426s] -- Configuring done
[0.439s] -- Generating done
[0.445s] -- Build files have been written to: /home/maikelborys/assignment_ws/src/robotics_software_engineer/build/module_2_assignment
[0.468s] [35m[1mConsolidate compiler generated dependencies of target spiral_drive[0m
[0.468s] [35m[1mConsolidate compiler generated dependencies of target circle_drive[0m
[0.478s] [ 16%] [32mBuilding CXX object CMakeFiles/back_forth.dir/src/back_forth.cpp.o[0m
[0.485s] [ 83%] Built target spiral_drive
[0.485s] [ 83%] Built target circle_drive
[3.619s] [100%] [32m[1mLinking CXX executable back_forth[0m
[3.777s] [100%] Built target back_forth
[3.787s] Invoked command in '/home/maikelborys/assignment_ws/src/robotics_software_engineer/build/module_2_assignment' returned '0': CMAKE_PREFIX_PATH=${CMAKE_PREFIX_PATH}:/opt/ros/humble /usr/bin/cmake --build /home/maikelborys/assignment_ws/src/robotics_software_engineer/build/module_2_assignment -- -j16 -l16
[3.796s] Invoking command in '/home/maikelborys/assignment_ws/src/robotics_software_engineer/build/module_2_assignment': CMAKE_PREFIX_PATH=${CMAKE_PREFIX_PATH}:/opt/ros/humble /usr/bin/cmake --install /home/maikelborys/assignment_ws/src/robotics_software_engineer/build/module_2_assignment
[3.803s] -- Install configuration: ""
[3.803s] -- Up-to-date: /home/maikelborys/assignment_ws/src/robotics_software_engineer/install/module_2_assignment/lib/module_2_assignment/circle_drive
[3.803s] -- Up-to-date: /home/maikelborys/assignment_ws/src/robotics_software_engineer/install/module_2_assignment/lib/module_2_assignment/spiral_drive
[3.803s] -- Installing: /home/maikelborys/assignment_ws/src/robotics_software_engineer/install/module_2_assignment/lib/module_2_assignment/back_forth
[3.805s] -- Set runtime path of "/home/maikelborys/assignment_ws/src/robotics_software_engineer/install/module_2_assignment/lib/module_2_assignment/back_forth" to ""
[3.805s] -- Up-to-date: /home/maikelborys/assignment_ws/src/robotics_software_engineer/install/module_2_assignment/share/module_2_assignment/launch
[3.805s] -- Installing: /home/maikelborys/assignment_ws/src/robotics_software_engineer/install/module_2_assignment/share/module_2_assignment/launch/spawn.launch.py
[3.805s] -- Up-to-date: /home/maikelborys/assignment_ws/src/robotics_software_engineer/install/module_2_assignment/share/module_2_assignment/launch/multi_nodes.launch.py
[3.805s] -- Up-to-date: /home/maikelborys/assignment_ws/src/robotics_software_engineer/install/module_2_assignment/share/module_2_assignment/launch/led_control.launch.py
[3.805s] -- Up-to-date: /home/maikelborys/assignment_ws/src/robotics_software_engineer/install/module_2_assignment/share/ament_index/resource_index/package_run_dependencies/module_2_assignment
[3.805s] -- Up-to-date: /home/maikelborys/assignment_ws/src/robotics_software_engineer/install/module_2_assignment/share/ament_index/resource_index/parent_prefix_path/module_2_assignment
[3.805s] -- Up-to-date: /home/maikelborys/assignment_ws/src/robotics_software_engineer/install/module_2_assignment/share/module_2_assignment/environment/ament_prefix_path.sh
[3.805s] -- Installing: /home/maikelborys/assignment_ws/src/robotics_software_engineer/install/module_2_assignment/share/module_2_assignment/environment/ament_prefix_path.dsv
[3.805s] -- Up-to-date: /home/maikelborys/assignment_ws/src/robotics_software_engineer/install/module_2_assignment/share/module_2_assignment/environment/path.sh
[3.805s] -- Installing: /home/maikelborys/assignment_ws/src/robotics_software_engineer/install/module_2_assignment/share/module_2_assignment/environment/path.dsv
[3.805s] -- Up-to-date: /home/maikelborys/assignment_ws/src/robotics_software_engineer/install/module_2_assignment/share/module_2_assignment/local_setup.bash
[3.805s] -- Up-to-date: /home/maikelborys/assignment_ws/src/robotics_software_engineer/install/module_2_assignment/share/module_2_assignment/local_setup.sh
[3.805s] -- Up-to-date: /home/maikelborys/assignment_ws/src/robotics_software_engineer/install/module_2_assignment/share/module_2_assignment/local_setup.zsh
[3.806s] -- Installing: /home/maikelborys/assignment_ws/src/robotics_software_engineer/install/module_2_assignment/share/module_2_assignment/local_setup.dsv
[3.806s] -- Installing: /home/maikelborys/assignment_ws/src/robotics_software_engineer/install/module_2_assignment/share/module_2_assignment/package.dsv
[3.806s] -- Up-to-date: /home/maikelborys/assignment_ws/src/robotics_software_engineer/install/module_2_assignment/share/ament_index/resource_index/packages/module_2_assignment
[3.806s] -- Up-to-date: /home/maikelborys/assignment_ws/src/robotics_software_engineer/install/module_2_assignment/share/module_2_assignment/cmake/module_2_assignmentConfig.cmake
[3.806s] -- Up-to-date: /home/maikelborys/assignment_ws/src/robotics_software_engineer/install/module_2_assignment/share/module_2_assignment/cmake/module_2_assignmentConfig-version.cmake
[3.806s] -- Up-to-date: /home/maikelborys/assignment_ws/src/robotics_software_engineer/install/module_2_assignment/share/module_2_assignment/package.xml
[3.808s] Invoked command in '/home/maikelborys/assignment_ws/src/robotics_software_engineer/build/module_2_assignment' returned '0': CMAKE_PREFIX_PATH=${CMAKE_PREFIX_PATH}:/opt/ros/humble /usr/bin/cmake --install /home/maikelborys/assignment_ws/src/robotics_software_engineer/build/module_2_assignment
