[0.010s] Invoking command in '/home/maikelborys/assignment_ws/src/robotics_software_engineer/build/module_6_assignment': CMAKE_PREFIX_PATH=${CMAKE_PREFIX_PATH}:/opt/ros/humble /usr/bin/cmake --build /home/maikelborys/assignment_ws/src/robotics_software_engineer/build/module_6_assignment -- -j16 -l16
[0.034s] -- Found ament_cmake: 1.3.11 (/opt/ros/humble/share/ament_cmake/cmake)
[0.131s] -- Found rclcpp: 16.0.11 (/opt/ros/humble/share/rclcpp/cmake)
[0.168s] -- Found rosidl_generator_c: 3.1.6 (/opt/ros/humble/share/rosidl_generator_c/cmake)
[0.170s] -- Found rosidl_adapter: 3.1.6 (/opt/ros/humble/share/rosidl_adapter/cmake)
[0.174s] -- Found rosidl_generator_cpp: 3.1.6 (/opt/ros/humble/share/rosidl_generator_cpp/cmake)
[0.182s] -- Using all available rosidl_typesupport_c: rosidl_typesupport_fastrtps_c;rosidl_typesupport_introspection_c
[0.192s] -- Using all available rosidl_typesupport_cpp: rosidl_typesupport_fastrtps_cpp;rosidl_typesupport_introspection_cpp
[0.218s] -- Found rmw_implementation_cmake: 6.1.2 (/opt/ros/humble/share/rmw_implementation_cmake/cmake)
[0.219s] -- Found rmw_fastrtps_cpp: 6.2.7 (/opt/ros/humble/share/rmw_fastrtps_cpp/cmake)
[0.326s] -- Using RMW implementation 'rmw_fastrtps_cpp' as default
[0.365s] -- Found nav_msgs: 4.2.4 (/opt/ros/humble/share/nav_msgs/cmake)
[0.387s] -- Found sensor_msgs: 4.2.4 (/opt/ros/humble/share/sensor_msgs/cmake)
[0.402s] -- Found visualization_msgs: 4.2.4 (/opt/ros/humble/share/visualization_msgs/cmake)
[0.421s] -- Found ament_lint_auto: 0.12.11 (/opt/ros/humble/share/ament_lint_auto/cmake)
[0.473s] -- Added test 'cppcheck' to perform static code analysis on C / C++ code
[0.473s] -- Configured cppcheck include dirs: /home/maikelborys/assignment_ws/src/robotics_software_engineer/module_6_assignment/include
[0.473s] -- Configured cppcheck exclude dirs and/or files: 
[0.474s] -- Added test 'flake8' to check Python code syntax and style conventions
[0.474s] -- Added test 'lint_cmake' to check CMake code style
[0.475s] -- Added test 'pep257' to check Python code against some of the docstring style conventions in PEP 257
[0.476s] -- Added test 'uncrustify' to check C / C++ code style
[0.476s] -- Configured uncrustify additional arguments: 
[0.476s] -- Added test 'xmllint' to check XML markup files
[0.477s] -- Configuring done
[0.481s] [31mCMake Error at CMakeLists.txt:18 (add_library):
[0.481s]   Cannot find source file:
[0.481s] 
[0.481s]     src/ekf_lib.cpp
[0.481s] 
[0.481s]   Tried extensions .c .C .c++ .cc .cpp .cxx .cu .mpp .m .M .mm .ixx .cppm .h
[0.481s]   .hh .h++ .hm .hpp .hxx .in .txx .f .F .for .f77 .f90 .f95 .f03 .hip .ispc
[0.482s] 
[0.482s] [0m
[0.483s] [31mCMake Error at CMakeLists.txt:18 (add_library):
[0.483s]   No SOURCES given to target: ekf_lib
[0.483s] 
[0.483s] [0m
[0.483s] [0mCMake Generate step failed.  Build files cannot be regenerated correctly.[0m
[0.490s] gmake: *** [Makefile:308: cmake_check_build_system] Error 1
[0.493s] Invoked command in '/home/maikelborys/assignment_ws/src/robotics_software_engineer/build/module_6_assignment' returned '2': CMAKE_PREFIX_PATH=${CMAKE_PREFIX_PATH}:/opt/ros/humble /usr/bin/cmake --build /home/maikelborys/assignment_ws/src/robotics_software_engineer/build/module_6_assignment -- -j16 -l16
