[0.032s] Invoking command in '/home/maikelborys/assignment_ws/src/robotics_software_engineer/build/module_1_assignment': CMAKE_PREFIX_PATH=${CMAKE_PREFIX_PATH}:/opt/ros/humble /usr/bin/cmake /home/maikelborys/assignment_ws/src/robotics_software_engineer/module_1_assignment -DCMAKE_INSTALL_PREFIX=/home/maikelborys/assignment_ws/src/robotics_software_engineer/install/module_1_assignment
[0.088s] -- The C compiler identification is GNU 11.4.0
[0.151s] -- The CXX compiler identification is GNU 11.4.0
[0.160s] -- Detecting C compiler ABI info
[0.235s] -- Detecting C compiler ABI info - done
[0.244s] -- Check for working C compiler: /usr/bin/cc - skipped
[0.244s] -- Detecting C compile features
[0.245s] -- Detecting C compile features - done
[0.248s] -- Detecting CXX compiler ABI info
[0.337s] -- Detecting CXX compiler ABI info - done
[0.348s] -- Check for working CXX compiler: /usr/bin/c++ - skipped
[0.348s] -- Detecting CXX compile features
[0.349s] -- Detecting CXX compile features - done
[0.352s] -- Found ament_cmake: 1.3.11 (/opt/ros/humble/share/ament_cmake/cmake)
[0.567s] -- Found Python3: /usr/bin/python3 (found version "3.10.12") found components: Interpreter 
[0.658s] -- Found ament_lint_auto: 0.12.11 (/opt/ros/humble/share/ament_lint_auto/cmake)
[0.747s] -- Added test 'cppcheck' to perform static code analysis on C / C++ code
[0.748s] -- Configured cppcheck include dirs: 
[0.748s] -- Configured cppcheck exclude dirs and/or files: 
[0.750s] -- Added test 'lint_cmake' to check CMake code style
[0.762s] -- Added test 'uncrustify' to check C / C++ code style
[0.762s] -- Configured uncrustify additional arguments: 
[0.763s] -- Added test 'xmllint' to check XML markup files
[0.765s] -- Configuring done
[0.773s] -- Generating done
[0.777s] -- Build files have been written to: /home/maikelborys/assignment_ws/src/robotics_software_engineer/build/module_1_assignment
[0.781s] Invoked command in '/home/maikelborys/assignment_ws/src/robotics_software_engineer/build/module_1_assignment' returned '0': CMAKE_PREFIX_PATH=${CMAKE_PREFIX_PATH}:/opt/ros/humble /usr/bin/cmake /home/maikelborys/assignment_ws/src/robotics_software_engineer/module_1_assignment -DCMAKE_INSTALL_PREFIX=/home/maikelborys/assignment_ws/src/robotics_software_engineer/install/module_1_assignment
[0.783s] Invoking command in '/home/maikelborys/assignment_ws/src/robotics_software_engineer/build/module_1_assignment': CMAKE_PREFIX_PATH=${CMAKE_PREFIX_PATH}:/opt/ros/humble /usr/bin/cmake --build /home/maikelborys/assignment_ws/src/robotics_software_engineer/build/module_1_assignment -- -j16 -l16
[0.841s] [ 20%] [32mBuilding CXX object CMakeFiles/task_1.dir/src/task_1.cpp.o[0m
[0.841s] [ 20%] [32mBuilding CXX object CMakeFiles/robot_simulation.dir/src/main.cpp.o[0m
[0.841s] [ 40%] [32mBuilding CXX object CMakeFiles/robot_simulation.dir/src/Actuator.cpp.o[0m
[0.841s] [ 50%] [32mBuilding CXX object CMakeFiles/task_2.dir/src/task_2.cpp.o[0m
[0.841s] [ 60%] [32mBuilding CXX object CMakeFiles/robot_simulation.dir/src/Robot.cpp.o[0m
[0.841s] [ 60%] [32mBuilding CXX object CMakeFiles/task_3.dir/src/task_3.cpp.o[0m
[1.089s] [ 70%] [32m[1mLinking CXX executable robot_simulation[0m
[1.093s] [ 80%] [32m[1mLinking CXX executable task_2[0m
[1.123s] [ 90%] [32m[1mLinking CXX executable task_1[0m
[1.140s] [100%] [32m[1mLinking CXX executable task_3[0m
[1.209s] [100%] Built target robot_simulation
[1.218s] [100%] Built target task_2
[1.226s] [100%] Built target task_1
[1.237s] [100%] Built target task_3
[1.251s] Invoked command in '/home/maikelborys/assignment_ws/src/robotics_software_engineer/build/module_1_assignment' returned '0': CMAKE_PREFIX_PATH=${CMAKE_PREFIX_PATH}:/opt/ros/humble /usr/bin/cmake --build /home/maikelborys/assignment_ws/src/robotics_software_engineer/build/module_1_assignment -- -j16 -l16
[1.252s] Invoking command in '/home/maikelborys/assignment_ws/src/robotics_software_engineer/build/module_1_assignment': CMAKE_PREFIX_PATH=${CMAKE_PREFIX_PATH}:/opt/ros/humble /usr/bin/cmake --install /home/maikelborys/assignment_ws/src/robotics_software_engineer/build/module_1_assignment
[1.260s] -- Install configuration: ""
[1.260s] -- Installing: /home/maikelborys/assignment_ws/src/robotics_software_engineer/install/module_1_assignment/share/ament_index/resource_index/package_run_dependencies/module_1_assignment
[1.261s] -- Installing: /home/maikelborys/assignment_ws/src/robotics_software_engineer/install/module_1_assignment/share/ament_index/resource_index/parent_prefix_path/module_1_assignment
[1.261s] -- Installing: /home/maikelborys/assignment_ws/src/robotics_software_engineer/install/module_1_assignment/share/module_1_assignment/environment/ament_prefix_path.sh
[1.261s] -- Installing: /home/maikelborys/assignment_ws/src/robotics_software_engineer/install/module_1_assignment/share/module_1_assignment/environment/ament_prefix_path.dsv
[1.261s] -- Installing: /home/maikelborys/assignment_ws/src/robotics_software_engineer/install/module_1_assignment/share/module_1_assignment/environment/path.sh
[1.261s] -- Installing: /home/maikelborys/assignment_ws/src/robotics_software_engineer/install/module_1_assignment/share/module_1_assignment/environment/path.dsv
[1.261s] -- Installing: /home/maikelborys/assignment_ws/src/robotics_software_engineer/install/module_1_assignment/share/module_1_assignment/local_setup.bash
[1.262s] -- Installing: /home/maikelborys/assignment_ws/src/robotics_software_engineer/install/module_1_assignment/share/module_1_assignment/local_setup.sh
[1.262s] -- Installing: /home/maikelborys/assignment_ws/src/robotics_software_engineer/install/module_1_assignment/share/module_1_assignment/local_setup.zsh
[1.262s] -- Installing: /home/maikelborys/assignment_ws/src/robotics_software_engineer/install/module_1_assignment/share/module_1_assignment/local_setup.dsv
[1.262s] -- Installing: /home/maikelborys/assignment_ws/src/robotics_software_engineer/install/module_1_assignment/share/module_1_assignment/package.dsv
[1.262s] -- Installing: /home/maikelborys/assignment_ws/src/robotics_software_engineer/install/module_1_assignment/share/ament_index/resource_index/packages/module_1_assignment
[1.263s] -- Installing: /home/maikelborys/assignment_ws/src/robotics_software_engineer/install/module_1_assignment/share/module_1_assignment/cmake/module_1_assignmentConfig.cmake
[1.263s] -- Installing: /home/maikelborys/assignment_ws/src/robotics_software_engineer/install/module_1_assignment/share/module_1_assignment/cmake/module_1_assignmentConfig-version.cmake
[1.263s] -- Installing: /home/maikelborys/assignment_ws/src/robotics_software_engineer/install/module_1_assignment/share/module_1_assignment/package.xml
[1.266s] Invoked command in '/home/maikelborys/assignment_ws/src/robotics_software_engineer/build/module_1_assignment' returned '0': CMAKE_PREFIX_PATH=${CMAKE_PREFIX_PATH}:/opt/ros/humble /usr/bin/cmake --install /home/maikelborys/assignment_ws/src/robotics_software_engineer/build/module_1_assignment
