[0.027s] Invoking command in '/home/maikelborys/assignment_ws/src/robotics_software_engineer/build/robot_sensing_debug': CMAKE_PREFIX_PATH=${CMAKE_PREFIX_PATH}:/opt/ros/humble /usr/bin/cmake /home/maikelborys/assignment_ws/src/robotics_software_engineer/module_4_assessment/robot_sensing_debug -DCMAKE_INSTALL_PREFIX=/home/maikelborys/assignment_ws/src/robotics_software_engineer/install/robot_sensing_debug
[0.082s] -- The C compiler identification is GNU 11.4.0
[0.144s] -- The CXX compiler identification is GNU 11.4.0
[0.153s] -- Detecting C compiler ABI info
[0.220s] -- Detecting C compiler ABI info - done
[0.227s] -- Check for working C compiler: /usr/bin/cc - skipped
[0.227s] -- Detecting C compile features
[0.227s] -- Detecting C compile features - done
[0.230s] -- Detecting CXX compiler ABI info
[0.314s] -- Detecting CXX compiler ABI info - done
[0.321s] -- Check for working CXX compiler: /usr/bin/c++ - skipped
[0.321s] -- Detecting CXX compile features
[0.321s] -- Detecting CXX compile features - done
[0.348s] -- Found ament_cmake: 1.3.11 (/opt/ros/humble/share/ament_cmake/cmake)
[0.489s] -- Found Python3: /usr/bin/python3 (found version "3.10.12") found components: Interpreter 
[0.590s] -- Found rclcpp: 16.0.11 (/opt/ros/humble/share/rclcpp/cmake)
[0.639s] -- Found rosidl_generator_c: 3.1.6 (/opt/ros/humble/share/rosidl_generator_c/cmake)
[0.645s] -- Found rosidl_adapter: 3.1.6 (/opt/ros/humble/share/rosidl_adapter/cmake)
[0.653s] -- Found rosidl_generator_cpp: 3.1.6 (/opt/ros/humble/share/rosidl_generator_cpp/cmake)
[0.663s] -- Using all available rosidl_typesupport_c: rosidl_typesupport_fastrtps_c;rosidl_typesupport_introspection_c
[0.678s] -- Using all available rosidl_typesupport_cpp: rosidl_typesupport_fastrtps_cpp;rosidl_typesupport_introspection_cpp
[0.720s] -- Found rmw_implementation_cmake: 6.1.2 (/opt/ros/humble/share/rmw_implementation_cmake/cmake)
[0.723s] -- Found rmw_fastrtps_cpp: 6.2.7 (/opt/ros/humble/share/rmw_fastrtps_cpp/cmake)
[0.817s] -- Found OpenSSL: /usr/lib/x86_64-linux-gnu/libcrypto.so (found version "3.0.2")  
[0.848s] -- Found FastRTPS: /opt/ros/humble/include  
[0.891s] -- Using RMW implementation 'rmw_fastrtps_cpp' as default
[0.899s] -- Looking for pthread.h
[0.968s] -- Looking for pthread.h - found
[0.969s] -- Performing Test CMAKE_HAVE_LIBC_PTHREAD
[1.041s] -- Performing Test CMAKE_HAVE_LIBC_PTHREAD - Success
[1.042s] -- Found Threads: TRUE  
[1.097s] -- Found sensor_msgs: 4.2.4 (/opt/ros/humble/share/sensor_msgs/cmake)
[1.124s] -- Found cv_bridge: 3.2.1 (/opt/ros/humble/share/cv_bridge/cmake)
[1.136s] -- Found OpenCV: /usr (found version "4.5.4") 
[1.193s] -- Configuring done
[1.208s] -- Generating done
[1.213s] -- Build files have been written to: /home/maikelborys/assignment_ws/src/robotics_software_engineer/build/robot_sensing_debug
[1.222s] Invoked command in '/home/maikelborys/assignment_ws/src/robotics_software_engineer/build/robot_sensing_debug' returned '0': CMAKE_PREFIX_PATH=${CMAKE_PREFIX_PATH}:/opt/ros/humble /usr/bin/cmake /home/maikelborys/assignment_ws/src/robotics_software_engineer/module_4_assessment/robot_sensing_debug -DCMAKE_INSTALL_PREFIX=/home/maikelborys/assignment_ws/src/robotics_software_engineer/install/robot_sensing_debug
[1.223s] Invoking command in '/home/maikelborys/assignment_ws/src/robotics_software_engineer/build/robot_sensing_debug': CMAKE_PREFIX_PATH=${CMAKE_PREFIX_PATH}:/opt/ros/humble /usr/bin/cmake --build /home/maikelborys/assignment_ws/src/robotics_software_engineer/build/robot_sensing_debug -- -j16 -l16
[1.273s] [ 25%] [32mBuilding CXX object CMakeFiles/mazeSolving.dir/src/maze_solving_with_lidar.cpp.o[0m
[1.273s] [ 50%] [32mBuilding CXX object CMakeFiles/lineFollowing.dir/src/line_following_with_camera.cpp.o[0m
[7.502s] [ 75%] [32m[1mLinking CXX executable mazeSolving[0m
[7.815s] [ 75%] Built target mazeSolving
[8.265s] [100%] [32m[1mLinking CXX executable lineFollowing[0m
[8.862s] [100%] Built target lineFollowing
[8.873s] Invoked command in '/home/maikelborys/assignment_ws/src/robotics_software_engineer/build/robot_sensing_debug' returned '0': CMAKE_PREFIX_PATH=${CMAKE_PREFIX_PATH}:/opt/ros/humble /usr/bin/cmake --build /home/maikelborys/assignment_ws/src/robotics_software_engineer/build/robot_sensing_debug -- -j16 -l16
[8.874s] Invoking command in '/home/maikelborys/assignment_ws/src/robotics_software_engineer/build/robot_sensing_debug': CMAKE_PREFIX_PATH=${CMAKE_PREFIX_PATH}:/opt/ros/humble /usr/bin/cmake --install /home/maikelborys/assignment_ws/src/robotics_software_engineer/build/robot_sensing_debug
[8.881s] -- Install configuration: ""
[8.881s] -- Installing: /home/maikelborys/assignment_ws/src/robotics_software_engineer/install/robot_sensing_debug/lib/robot_sensing_debug/mazeSolving
[8.885s] -- Set runtime path of "/home/maikelborys/assignment_ws/src/robotics_software_engineer/install/robot_sensing_debug/lib/robot_sensing_debug/mazeSolving" to ""
[8.885s] -- Installing: /home/maikelborys/assignment_ws/src/robotics_software_engineer/install/robot_sensing_debug/lib/robot_sensing_debug/lineFollowing
[8.889s] -- Set runtime path of "/home/maikelborys/assignment_ws/src/robotics_software_engineer/install/robot_sensing_debug/lib/robot_sensing_debug/lineFollowing" to ""
[8.889s] -- Installing: /home/maikelborys/assignment_ws/src/robotics_software_engineer/install/robot_sensing_debug/share/robot_sensing_debug//launch
[8.889s] -- Installing: /home/maikelborys/assignment_ws/src/robotics_software_engineer/install/robot_sensing_debug/share/robot_sensing_debug//launch/lidar_maze_solving.launch.py
[8.889s] -- Installing: /home/maikelborys/assignment_ws/src/robotics_software_engineer/install/robot_sensing_debug/share/robot_sensing_debug//launch/camera_line_following.launch.py
[8.889s] -- Installing: /home/maikelborys/assignment_ws/src/robotics_software_engineer/install/robot_sensing_debug/share/robot_sensing_debug//launch/custom_sensors.launch.py
[8.889s] -- Installing: /home/maikelborys/assignment_ws/src/robotics_software_engineer/install/robot_sensing_debug/share/robot_sensing_debug//worlds
[8.889s] -- Installing: /home/maikelborys/assignment_ws/src/robotics_software_engineer/install/robot_sensing_debug/share/robot_sensing_debug//worlds/maze.world
[8.889s] -- Installing: /home/maikelborys/assignment_ws/src/robotics_software_engineer/install/robot_sensing_debug/share/robot_sensing_debug//worlds/line_following.world
[8.890s] -- Installing: /home/maikelborys/assignment_ws/src/robotics_software_engineer/install/robot_sensing_debug/share/robot_sensing_debug//urdf
[8.890s] -- Installing: /home/maikelborys/assignment_ws/src/robotics_software_engineer/install/robot_sensing_debug/share/robot_sensing_debug//urdf/diff_drive.urdf
[8.890s] -- Installing: /home/maikelborys/assignment_ws/src/robotics_software_engineer/install/robot_sensing_debug/share/ament_index/resource_index/package_run_dependencies/robot_sensing_debug
[8.890s] -- Installing: /home/maikelborys/assignment_ws/src/robotics_software_engineer/install/robot_sensing_debug/share/ament_index/resource_index/parent_prefix_path/robot_sensing_debug
[8.890s] -- Installing: /home/maikelborys/assignment_ws/src/robotics_software_engineer/install/robot_sensing_debug/share/robot_sensing_debug/environment/ament_prefix_path.sh
[8.890s] -- Installing: /home/maikelborys/assignment_ws/src/robotics_software_engineer/install/robot_sensing_debug/share/robot_sensing_debug/environment/ament_prefix_path.dsv
[8.890s] -- Installing: /home/maikelborys/assignment_ws/src/robotics_software_engineer/install/robot_sensing_debug/share/robot_sensing_debug/environment/path.sh
[8.891s] -- Installing: /home/maikelborys/assignment_ws/src/robotics_software_engineer/install/robot_sensing_debug/share/robot_sensing_debug/environment/path.dsv
[8.891s] -- Installing: /home/maikelborys/assignment_ws/src/robotics_software_engineer/install/robot_sensing_debug/share/robot_sensing_debug/local_setup.bash
[8.891s] -- Installing: /home/maikelborys/assignment_ws/src/robotics_software_engineer/install/robot_sensing_debug/share/robot_sensing_debug/local_setup.sh
[8.891s] -- Installing: /home/maikelborys/assignment_ws/src/robotics_software_engineer/install/robot_sensing_debug/share/robot_sensing_debug/local_setup.zsh
[8.891s] -- Installing: /home/maikelborys/assignment_ws/src/robotics_software_engineer/install/robot_sensing_debug/share/robot_sensing_debug/local_setup.dsv
[8.891s] -- Installing: /home/maikelborys/assignment_ws/src/robotics_software_engineer/install/robot_sensing_debug/share/robot_sensing_debug/package.dsv
[8.891s] -- Installing: /home/maikelborys/assignment_ws/src/robotics_software_engineer/install/robot_sensing_debug/share/ament_index/resource_index/packages/robot_sensing_debug
[8.892s] -- Installing: /home/maikelborys/assignment_ws/src/robotics_software_engineer/install/robot_sensing_debug/share/robot_sensing_debug/cmake/robot_sensing_debugConfig.cmake
[8.892s] -- Installing: /home/maikelborys/assignment_ws/src/robotics_software_engineer/install/robot_sensing_debug/share/robot_sensing_debug/cmake/robot_sensing_debugConfig-version.cmake
[8.892s] -- Installing: /home/maikelborys/assignment_ws/src/robotics_software_engineer/install/robot_sensing_debug/share/robot_sensing_debug/package.xml
[8.894s] Invoked command in '/home/maikelborys/assignment_ws/src/robotics_software_engineer/build/robot_sensing_debug' returned '0': CMAKE_PREFIX_PATH=${CMAKE_PREFIX_PATH}:/opt/ros/humble /usr/bin/cmake --install /home/maikelborys/assignment_ws/src/robotics_software_engineer/build/robot_sensing_debug
