[  9%] Built target algo_grid_sweep
[ 13%] [32mBuilding CXX object CMakeFiles/rrt_node.dir/src/algo_rrt_node.cpp.o[0m
[ 27%] Built target gtest_main
[ 31%] Built target algo_astar
[ 40%] Built target gtest
[ 50%] Built target occupancy_grid_node
[ 59%] Built target map_republisher_node
[ 63%] [32m[1mLinking CXX static library librrt_node.a[0m
[ 63%] Built target rrt_node
[35m[1mConsolidate compiler generated dependencies of target algo_rrt[0m
[ 68%] [32mBuilding CXX object CMakeFiles/test_rrt_node.dir/test/test_rrt_node.cpp.o[0m
[ 72%] [32mBuilding CXX object CMakeFiles/algo_rrt.dir/src/algo_rrt.cpp.o[0m
[ 77%] [32m[1mLinking CXX static library libalgo_rrt.a[0m
[ 77%] Built target algo_rrt
[35m[1mConsolidate compiler generated dependencies of target test_rrt[0m
[35m[1mConsolidate compiler generated dependencies of target path_planning_node[0m
[ 81%] [32mBuilding CXX object CMakeFiles/test_rrt.dir/test/test_rrt.cpp.o[0m
[ 86%] [32mBuilding CXX object CMakeFiles/path_planning_node.dir/src/path_planning.cpp.o[0m
[ 90%] [32m[1mLinking CXX executable test_rrt_node[0m
[ 90%] Built target test_rrt_node
