[0.010s] Invoking command in '/home/maikelborys/assignment_ws/src/robotics_software_engineer/build/module_6_assignment': CMAKE_PREFIX_PATH=${CMAKE_PREFIX_PATH}:/opt/ros/humble /usr/bin/cmake --build /home/maikelborys/assignment_ws/src/robotics_software_engineer/build/module_6_assignment -- -j16 -l16
[0.047s] [35m[1mConsolidate compiler generated dependencies of target ekf_experiment_node[0m
[0.061s] [ 50%] Built target sensor_display_node
[0.067s] [100%] Built target ekf_experiment_node
[0.077s] Invoked command in '/home/maikelborys/assignment_ws/src/robotics_software_engineer/build/module_6_assignment' returned '0': CMAKE_PREFIX_PATH=${CMAKE_PREFIX_PATH}:/opt/ros/humble /usr/bin/cmake --build /home/maikelborys/assignment_ws/src/robotics_software_engineer/build/module_6_assignment -- -j16 -l16
[0.086s] Invoking command in '/home/maikelborys/assignment_ws/src/robotics_software_engineer/build/module_6_assignment': CMAKE_PREFIX_PATH=${CMAKE_PREFIX_PATH}:/opt/ros/humble /usr/bin/cmake --install /home/maikelborys/assignment_ws/src/robotics_software_engineer/build/module_6_assignment
[0.093s] -- Install configuration: ""
[0.093s] -- Up-to-date: /home/maikelborys/assignment_ws/src/robotics_software_engineer/install/module_6_assignment/lib/module_6_assignment/sensor_display_node
[0.093s] -- Up-to-date: /home/maikelborys/assignment_ws/src/robotics_software_engineer/install/module_6_assignment/lib/module_6_assignment/sensor_display_node
[0.093s] -- Up-to-date: /home/maikelborys/assignment_ws/src/robotics_software_engineer/install/module_6_assignment/lib/module_6_assignment/ekf_experiment_node
[0.093s] -- Up-to-date: /home/maikelborys/assignment_ws/src/robotics_software_engineer/install/module_6_assignment/share/module_6_assignment/launch
[0.094s] -- Up-to-date: /home/maikelborys/assignment_ws/src/robotics_software_engineer/install/module_6_assignment/share/module_6_assignment/launch/ekf_experiment.launch.py
[0.094s] -- Up-to-date: /home/maikelborys/assignment_ws/src/robotics_software_engineer/install/module_6_assignment/share/module_6_assignment/launch/ekf_imu_odom.launch.py
[0.094s] -- Up-to-date: /home/maikelborys/assignment_ws/src/robotics_software_engineer/install/module_6_assignment/share/module_6_assignment/launch/ekf_experiment_low_noise.launch.py
[0.094s] -- Up-to-date: /home/maikelborys/assignment_ws/src/robotics_software_engineer/install/module_6_assignment/share/module_6_assignment/launch/ekf_tb3_imu_odom.launch.py
[0.094s] -- Up-to-date: /home/maikelborys/assignment_ws/src/robotics_software_engineer/install/module_6_assignment/share/module_6_assignment/config
[0.094s] -- Up-to-date: /home/maikelborys/assignment_ws/src/robotics_software_engineer/install/module_6_assignment/share/module_6_assignment/config/ekf_tb3_imu_odom.yaml
[0.094s] -- Up-to-date: /home/maikelborys/assignment_ws/src/robotics_software_engineer/install/module_6_assignment/share/ament_index/resource_index/package_run_dependencies/module_6_assignment
[0.094s] -- Up-to-date: /home/maikelborys/assignment_ws/src/robotics_software_engineer/install/module_6_assignment/share/ament_index/resource_index/parent_prefix_path/module_6_assignment
[0.094s] -- Up-to-date: /home/maikelborys/assignment_ws/src/robotics_software_engineer/install/module_6_assignment/share/module_6_assignment/environment/ament_prefix_path.sh
[0.094s] -- Up-to-date: /home/maikelborys/assignment_ws/src/robotics_software_engineer/install/module_6_assignment/share/module_6_assignment/environment/ament_prefix_path.dsv
[0.094s] -- Up-to-date: /home/maikelborys/assignment_ws/src/robotics_software_engineer/install/module_6_assignment/share/module_6_assignment/environment/path.sh
[0.094s] -- Up-to-date: /home/maikelborys/assignment_ws/src/robotics_software_engineer/install/module_6_assignment/share/module_6_assignment/environment/path.dsv
[0.094s] -- Up-to-date: /home/maikelborys/assignment_ws/src/robotics_software_engineer/install/module_6_assignment/share/module_6_assignment/local_setup.bash
[0.094s] -- Up-to-date: /home/maikelborys/assignment_ws/src/robotics_software_engineer/install/module_6_assignment/share/module_6_assignment/local_setup.sh
[0.094s] -- Up-to-date: /home/maikelborys/assignment_ws/src/robotics_software_engineer/install/module_6_assignment/share/module_6_assignment/local_setup.zsh
[0.095s] -- Up-to-date: /home/maikelborys/assignment_ws/src/robotics_software_engineer/install/module_6_assignment/share/module_6_assignment/local_setup.dsv
[0.095s] -- Installing: /home/maikelborys/assignment_ws/src/robotics_software_engineer/install/module_6_assignment/share/module_6_assignment/package.dsv
[0.095s] -- Up-to-date: /home/maikelborys/assignment_ws/src/robotics_software_engineer/install/module_6_assignment/share/ament_index/resource_index/packages/module_6_assignment
[0.095s] -- Up-to-date: /home/maikelborys/assignment_ws/src/robotics_software_engineer/install/module_6_assignment/share/module_6_assignment/cmake/module_6_assignmentConfig.cmake
[0.095s] -- Up-to-date: /home/maikelborys/assignment_ws/src/robotics_software_engineer/install/module_6_assignment/share/module_6_assignment/cmake/module_6_assignmentConfig-version.cmake
[0.095s] -- Up-to-date: /home/maikelborys/assignment_ws/src/robotics_software_engineer/install/module_6_assignment/share/module_6_assignment/package.xml
[0.096s] Invoked command in '/home/maikelborys/assignment_ws/src/robotics_software_engineer/build/module_6_assignment' returned '0': CMAKE_PREFIX_PATH=${CMAKE_PREFIX_PATH}:/opt/ros/humble /usr/bin/cmake --install /home/maikelborys/assignment_ws/src/robotics_software_engineer/build/module_6_assignment
