[0.011s] Invoking command in '/home/maikelborys/assignment_ws/src/robotics_software_engineer/build/module_8_assignment': CMAKE_PREFIX_PATH=${CMAKE_PREFIX_PATH}:/opt/ros/humble /usr/bin/cmake --build /home/maikelborys/assignment_ws/src/robotics_software_engineer/build/module_8_assignment -- -j16 -l16
[0.034s] -- Found ament_cmake: 1.3.11 (/opt/ros/humble/share/ament_cmake/cmake)
[0.161s] -- Found rclcpp: 16.0.11 (/opt/ros/humble/share/rclcpp/cmake)
[0.205s] -- Found rosidl_generator_c: 3.1.6 (/opt/ros/humble/share/rosidl_generator_c/cmake)
[0.207s] -- Found rosidl_adapter: 3.1.6 (/opt/ros/humble/share/rosidl_adapter/cmake)
[0.212s] -- Found rosidl_generator_cpp: 3.1.6 (/opt/ros/humble/share/rosidl_generator_cpp/cmake)
[0.220s] -- Using all available rosidl_typesupport_c: rosidl_typesupport_fastrtps_c;rosidl_typesupport_introspection_c
[0.230s] -- Using all available rosidl_typesupport_cpp: rosidl_typesupport_fastrtps_cpp;rosidl_typesupport_introspection_cpp
[0.255s] -- Found rmw_implementation_cmake: 6.1.2 (/opt/ros/humble/share/rmw_implementation_cmake/cmake)
[0.256s] -- Found rmw_fastrtps_cpp: 6.2.7 (/opt/ros/humble/share/rmw_fastrtps_cpp/cmake)
[0.381s] -- Using RMW implementation 'rmw_fastrtps_cpp' as default
[0.466s] -- Found OpenCV: /usr (found version "4.5.4") 
[0.466s] -- Found geometry_msgs: 4.2.4 (/opt/ros/humble/share/geometry_msgs/cmake)
[0.476s] -- Found nav_msgs: 4.2.4 (/opt/ros/humble/share/nav_msgs/cmake)
[0.524s] -- Found tf2_ros: 0.25.12 (/opt/ros/humble/share/tf2_ros/cmake)
[0.885s] -- Found ament_cmake_gtest: 1.3.11 (/opt/ros/humble/share/ament_cmake_gtest/cmake)
[0.909s] -- Found gtest sources under '/opt/ros/humble/src/gtest_vendor': C++ tests using 'Google Test' will be built
[0.965s] -- Configuring done
[0.972s] [31mCMake Error at CMakeLists.txt:27 (add_library):
[0.972s]   Cannot find source file:
[0.972s] 
[0.972s]     src/algo_gridsweep.cpp
[0.972s] 
[0.972s]   Tried extensions .c .C .c++ .cc .cpp .cxx .cu .mpp .m .M .mm .ixx .cppm .h
[0.972s]   .hh .h++ .hm .hpp .hxx .in .txx .f .F .for .f77 .f90 .f95 .f03 .hip .ispc
[0.972s] 
[0.972s] [0m
[0.972s] [31mCMake Error at CMakeLists.txt:31 (add_library):
[0.972s]   Cannot find source file:
[0.973s] 
[0.973s]     src/algo_astar.cpp
[0.973s] 
[0.973s]   Tried extensions .c .C .c++ .cc .cpp .cxx .cu .mpp .m .M .mm .ixx .cppm .h
[0.973s]   .hh .h++ .hm .hpp .hxx .in .txx .f .F .for .f77 .f90 .f95 .f03 .hip .ispc
[0.973s] 
[0.973s] [0m
[0.973s] [31mCMake Error at CMakeLists.txt:36 (add_library):
[0.973s]   Cannot find source file:
[0.973s] 
[0.973s]     src/algo_rrt_node.cpp
[0.973s] 
[0.973s]   Tried extensions .c .C .c++ .cc .cpp .cxx .cu .mpp .m .M .mm .ixx .cppm .h
[0.973s]   .hh .h++ .hm .hpp .hxx .in .txx .f .F .for .f77 .f90 .f95 .f03 .hip .ispc
[0.973s] 
[0.973s] [0m
[0.973s] [31mCMake Error at CMakeLists.txt:37 (add_library):
[0.973s]   Cannot find source file:
[0.973s] 
[0.974s]     src/algo_rrt.cpp
[0.974s] 
[0.974s]   Tried extensions .c .C .c++ .cc .cpp .cxx .cu .mpp .m .M .mm .ixx .cppm .h
[0.974s]   .hh .h++ .hm .hpp .hxx .in .txx .f .F .for .f77 .f90 .f95 .f03 .hip .ispc
[0.974s] 
[0.974s] [0m
[0.974s] [31mCMake Error at /opt/ros/humble/share/ament_cmake_gtest/cmake/ament_add_gtest_executable.cmake:50 (add_executable):
[0.974s]   Cannot find source file:
[0.974s] 
[0.974s]     test/test_rrt_node.cpp
[0.974s] 
[0.974s]   Tried extensions .c .C .c++ .cc .cpp .cxx .cu .mpp .m .M .mm .ixx .cppm .h
[0.974s]   .hh .h++ .hm .hpp .hxx .in .txx .f .F .for .f77 .f90 .f95 .f03 .hip .ispc
[0.974s] Call Stack (most recent call first):
[0.974s]   /opt/ros/humble/share/ament_cmake_gtest/cmake/ament_add_gtest_executable.cmake:37 (_ament_add_gtest_executable)
[0.974s]   /opt/ros/humble/share/ament_cmake_gtest/cmake/ament_add_gtest.cmake:68 (ament_add_gtest_executable)
[0.974s]   CMakeLists.txt:59 (ament_add_gtest)
[0.975s] 
[0.975s] [0m
[0.975s] [31mCMake Error at /opt/ros/humble/share/ament_cmake_gtest/cmake/ament_add_gtest_executable.cmake:50 (add_executable):
[0.975s]   Cannot find source file:
[0.975s] 
[0.975s]     test/test_rrt.cpp
[0.975s] 
[0.975s]   Tried extensions .c .C .c++ .cc .cpp .cxx .cu .mpp .m .M .mm .ixx .cppm .h
[0.975s]   .hh .h++ .hm .hpp .hxx .in .txx .f .F .for .f77 .f90 .f95 .f03 .hip .ispc
[0.975s] Call Stack (most recent call first):
[0.975s]   /opt/ros/humble/share/ament_cmake_gtest/cmake/ament_add_gtest_executable.cmake:37 (_ament_add_gtest_executable)
[0.975s]   /opt/ros/humble/share/ament_cmake_gtest/cmake/ament_add_gtest.cmake:68 (ament_add_gtest_executable)
[0.975s]   CMakeLists.txt:62 (ament_add_gtest)
[0.975s] 
[0.975s] [0m
[0.975s] [31mCMake Error at CMakeLists.txt:27 (add_library):
[0.975s]   No SOURCES given to target: algo_grid_sweep
[0.975s] 
[0.975s] [0m
[0.975s] [31mCMake Error at CMakeLists.txt:31 (add_library):
[0.975s]   No SOURCES given to target: algo_astar
[0.975s] 
[0.975s] [0m
[0.975s] [31mCMake Error at CMakeLists.txt:36 (add_library):
[0.976s]   No SOURCES given to target: rrt_node
[0.976s] 
[0.976s] [0m
[0.976s] [31mCMake Error at CMakeLists.txt:37 (add_library):
[0.976s]   No SOURCES given to target: algo_rrt
[0.976s] 
[0.976s] [0m
[0.976s] [31mCMake Error at /opt/ros/humble/share/ament_cmake_gtest/cmake/ament_add_gtest_executable.cmake:50 (add_executable):
[0.976s]   No SOURCES given to target: test_rrt_node
[0.976s] Call Stack (most recent call first):
[0.976s]   /opt/ros/humble/share/ament_cmake_gtest/cmake/ament_add_gtest_executable.cmake:37 (_ament_add_gtest_executable)
[0.976s]   /opt/ros/humble/share/ament_cmake_gtest/cmake/ament_add_gtest.cmake:68 (ament_add_gtest_executable)
[0.976s]   CMakeLists.txt:59 (ament_add_gtest)
[0.976s] 
[0.976s] [0m
[0.976s] [31mCMake Error at /opt/ros/humble/share/ament_cmake_gtest/cmake/ament_add_gtest_executable.cmake:50 (add_executable):
[0.976s]   No SOURCES given to target: test_rrt
[0.976s] Call Stack (most recent call first):
[0.976s]   /opt/ros/humble/share/ament_cmake_gtest/cmake/ament_add_gtest_executable.cmake:37 (_ament_add_gtest_executable)
[0.976s]   /opt/ros/humble/share/ament_cmake_gtest/cmake/ament_add_gtest.cmake:68 (ament_add_gtest_executable)
[0.976s]   CMakeLists.txt:62 (ament_add_gtest)
[0.976s] 
[0.976s] [0m
[0.977s] [0mCMake Generate step failed.  Build files cannot be regenerated correctly.[0m
[0.984s] gmake: *** [Makefile:308: cmake_check_build_system] Error 1
[0.987s] Invoked command in '/home/maikelborys/assignment_ws/src/robotics_software_engineer/build/module_8_assignment' returned '2': CMAKE_PREFIX_PATH=${CMAKE_PREFIX_PATH}:/opt/ros/humble /usr/bin/cmake --build /home/maikelborys/assignment_ws/src/robotics_software_engineer/build/module_8_assignment -- -j16 -l16
