[0.012s] Invoking command in '/home/maikelborys/assignment_ws/src/robotics_software_engineer/build/module_8_assignment': CMAKE_PREFIX_PATH=${CMAKE_PREFIX_PATH}:/opt/ros/humble /usr/bin/cmake --build /home/maikelborys/assignment_ws/src/robotics_software_engineer/build/module_8_assignment -- -j16 -l16
[0.062s] [ 33%] Built target rrt_node
[0.062s] [ 33%] Built target algo_grid_sweep
[0.062s] [ 33%] Built target algo_astar
[0.063s] [ 55%] Built target gtest_main
[0.063s] [ 55%] Built target gtest
[0.084s] [ 66%] Built target algo_rrt
[0.085s] [ 77%] Built target test_rrt_node
[0.096s] [35m[1mConsolidate compiler generated dependencies of target path_planning_node[0m
[0.129s] [ 88%] Built target test_rrt
[0.153s] [ 94%] [32mBuilding CXX object CMakeFiles/path_planning_node.dir/src/path_planning.cpp.o[0m
[6.509s] [100%] [32m[1mLinking CXX executable path_planning_node[0m
[6.851s] [100%] Built target path_planning_node
[6.865s] Invoked command in '/home/maikelborys/assignment_ws/src/robotics_software_engineer/build/module_8_assignment' returned '0': CMAKE_PREFIX_PATH=${CMAKE_PREFIX_PATH}:/opt/ros/humble /usr/bin/cmake --build /home/maikelborys/assignment_ws/src/robotics_software_engineer/build/module_8_assignment -- -j16 -l16
[6.876s] Invoking command in '/home/maikelborys/assignment_ws/src/robotics_software_engineer/build/module_8_assignment': CMAKE_PREFIX_PATH=${CMAKE_PREFIX_PATH}:/opt/ros/humble /usr/bin/cmake --install /home/maikelborys/assignment_ws/src/robotics_software_engineer/build/module_8_assignment
[6.883s] -- Install configuration: ""
[6.883s] -- Up-to-date: /home/maikelborys/assignment_ws/src/robotics_software_engineer/install/module_8_assignment/share/module_8_assignment/launch
[6.883s] -- Up-to-date: /home/maikelborys/assignment_ws/src/robotics_software_engineer/install/module_8_assignment/share/module_8_assignment/launch/path_plan_rviz.launch.py
[6.883s] -- Up-to-date: /home/maikelborys/assignment_ws/src/robotics_software_engineer/install/module_8_assignment/share/module_8_assignment/launch/map_loading_2d.launch.py
[6.883s] -- Up-to-date: /home/maikelborys/assignment_ws/src/robotics_software_engineer/install/module_8_assignment/share/module_8_assignment/launch/maze_tb3_bringup.launch.py
[6.883s] -- Up-to-date: /home/maikelborys/assignment_ws/src/robotics_software_engineer/install/module_8_assignment/share/module_8_assignment/config
[6.883s] -- Up-to-date: /home/maikelborys/assignment_ws/src/robotics_software_engineer/install/module_8_assignment/share/module_8_assignment/config/search_path_planning.rviz
[6.883s] -- Installing: /home/maikelborys/assignment_ws/src/robotics_software_engineer/install/module_8_assignment/lib/module_8_assignment/path_planning_node
[6.888s] -- Set runtime path of "/home/maikelborys/assignment_ws/src/robotics_software_engineer/install/module_8_assignment/lib/module_8_assignment/path_planning_node" to ""
[6.888s] -- Up-to-date: /home/maikelborys/assignment_ws/src/robotics_software_engineer/install/module_8_assignment/share/ament_index/resource_index/package_run_dependencies/module_8_assignment
[6.888s] -- Up-to-date: /home/maikelborys/assignment_ws/src/robotics_software_engineer/install/module_8_assignment/share/ament_index/resource_index/parent_prefix_path/module_8_assignment
[6.888s] -- Up-to-date: /home/maikelborys/assignment_ws/src/robotics_software_engineer/install/module_8_assignment/share/module_8_assignment/environment/ament_prefix_path.sh
[6.888s] -- Up-to-date: /home/maikelborys/assignment_ws/src/robotics_software_engineer/install/module_8_assignment/share/module_8_assignment/environment/ament_prefix_path.dsv
[6.888s] -- Up-to-date: /home/maikelborys/assignment_ws/src/robotics_software_engineer/install/module_8_assignment/share/module_8_assignment/environment/path.sh
[6.888s] -- Up-to-date: /home/maikelborys/assignment_ws/src/robotics_software_engineer/install/module_8_assignment/share/module_8_assignment/environment/path.dsv
[6.888s] -- Up-to-date: /home/maikelborys/assignment_ws/src/robotics_software_engineer/install/module_8_assignment/share/module_8_assignment/local_setup.bash
[6.888s] -- Up-to-date: /home/maikelborys/assignment_ws/src/robotics_software_engineer/install/module_8_assignment/share/module_8_assignment/local_setup.sh
[6.889s] -- Up-to-date: /home/maikelborys/assignment_ws/src/robotics_software_engineer/install/module_8_assignment/share/module_8_assignment/local_setup.zsh
[6.889s] -- Up-to-date: /home/maikelborys/assignment_ws/src/robotics_software_engineer/install/module_8_assignment/share/module_8_assignment/local_setup.dsv
[6.889s] -- Installing: /home/maikelborys/assignment_ws/src/robotics_software_engineer/install/module_8_assignment/share/module_8_assignment/package.dsv
[6.889s] -- Up-to-date: /home/maikelborys/assignment_ws/src/robotics_software_engineer/install/module_8_assignment/share/ament_index/resource_index/packages/module_8_assignment
[6.889s] -- Up-to-date: /home/maikelborys/assignment_ws/src/robotics_software_engineer/install/module_8_assignment/share/module_8_assignment/cmake/module_8_assignmentConfig.cmake
[6.889s] -- Up-to-date: /home/maikelborys/assignment_ws/src/robotics_software_engineer/install/module_8_assignment/share/module_8_assignment/cmake/module_8_assignmentConfig-version.cmake
[6.889s] -- Up-to-date: /home/maikelborys/assignment_ws/src/robotics_software_engineer/install/module_8_assignment/share/module_8_assignment/package.xml
[6.891s] Invoked command in '/home/maikelborys/assignment_ws/src/robotics_software_engineer/build/module_8_assignment' returned '0': CMAKE_PREFIX_PATH=${CMAKE_PREFIX_PATH}:/opt/ros/humble /usr/bin/cmake --install /home/maikelborys/assignment_ws/src/robotics_software_engineer/build/module_8_assignment
