[0.011s] Invoking command in '/home/maikelborys/assignment_ws/src/robotics_software_engineer/build/module_5_assignment': CMAKE_PREFIX_PATH=${CMAKE_PREFIX_PATH}:/opt/ros/humble /usr/bin/cmake --build /home/maikelborys/assignment_ws/src/robotics_software_engineer/build/module_5_assignment -- -j16 -l16
[0.032s] -- Found ament_cmake: 1.3.11 (/opt/ros/humble/share/ament_cmake/cmake)
[0.123s] -- Override CMake install command with custom implementation using symlinks instead of copying resources
[0.134s] -- Found rclcpp: 16.0.11 (/opt/ros/humble/share/rclcpp/cmake)
[0.171s] -- Found rosidl_generator_c: 3.1.6 (/opt/ros/humble/share/rosidl_generator_c/cmake)
[0.173s] -- Found rosidl_adapter: 3.1.6 (/opt/ros/humble/share/rosidl_adapter/cmake)
[0.178s] -- Found rosidl_generator_cpp: 3.1.6 (/opt/ros/humble/share/rosidl_generator_cpp/cmake)
[0.186s] -- Using all available rosidl_typesupport_c: rosidl_typesupport_fastrtps_c;rosidl_typesupport_introspection_c
[0.195s] -- Using all available rosidl_typesupport_cpp: rosidl_typesupport_fastrtps_cpp;rosidl_typesupport_introspection_cpp
[0.220s] -- Found rmw_implementation_cmake: 6.1.2 (/opt/ros/humble/share/rmw_implementation_cmake/cmake)
[0.221s] -- Found rmw_fastrtps_cpp: 6.2.7 (/opt/ros/humble/share/rmw_fastrtps_cpp/cmake)
[0.325s] -- Using RMW implementation 'rmw_fastrtps_cpp' as default
[0.363s] -- Found sensor_msgs: 4.2.4 (/opt/ros/humble/share/sensor_msgs/cmake)
[0.385s] -- Found cv_bridge: 3.2.1 (/opt/ros/humble/share/cv_bridge/cmake)
[0.395s] -- Found tf2_ros: 0.25.12 (/opt/ros/humble/share/tf2_ros/cmake)
[0.459s] -- Found nav_msgs: 4.2.4 (/opt/ros/humble/share/nav_msgs/cmake)
[0.526s] -- Configuring done
[0.546s] -- Generating done
[0.553s] -- Build files have been written to: /home/maikelborys/assignment_ws/src/robotics_software_engineer/build/module_5_assignment
[0.579s] [35m[1mConsolidate compiler generated dependencies of target robotic_arm_tf_broadcaster[0m
[0.580s] [35m[1mConsolidate compiler generated dependencies of target goal_planer[0m
[0.580s] [35m[1mConsolidate compiler generated dependencies of target lineFollowing[0m
[0.597s] [ 66%] Built target robotic_arm_tf_broadcaster
[0.597s] [ 66%] Built target goal_planer
[0.598s] [100%] Built target lineFollowing
[0.609s] Invoked command in '/home/maikelborys/assignment_ws/src/robotics_software_engineer/build/module_5_assignment' returned '0': CMAKE_PREFIX_PATH=${CMAKE_PREFIX_PATH}:/opt/ros/humble /usr/bin/cmake --build /home/maikelborys/assignment_ws/src/robotics_software_engineer/build/module_5_assignment -- -j16 -l16
[0.617s] Invoking command in '/home/maikelborys/assignment_ws/src/robotics_software_engineer/build/module_5_assignment': CMAKE_PREFIX_PATH=${CMAKE_PREFIX_PATH}:/opt/ros/humble /usr/bin/cmake --install /home/maikelborys/assignment_ws/src/robotics_software_engineer/build/module_5_assignment
[0.623s] -- Install configuration: ""
[0.624s] -- Execute custom install script
[0.624s] -- Up-to-date symlink: /home/maikelborys/assignment_ws/src/robotics_software_engineer/install/module_5_assignment/lib/module_5_assignment/lineFollowing
[0.624s] -- Up-to-date symlink: /home/maikelborys/assignment_ws/src/robotics_software_engineer/install/module_5_assignment/lib/module_5_assignment/goal_planer
[0.624s] -- Symlinking: /home/maikelborys/assignment_ws/src/robotics_software_engineer/install/module_5_assignment/lib/module_5_assignment/robotic_arm_tf_broadcaster
[0.632s] -- Up-to-date symlink: /home/maikelborys/assignment_ws/src/robotics_software_engineer/install/module_5_assignment/share/module_5_assignment//launch/camera_line_following.launch.py
[0.632s] -- Up-to-date symlink: /home/maikelborys/assignment_ws/src/robotics_software_engineer/install/module_5_assignment/share/module_5_assignment//launch/goal_planer.launch.py
[0.632s] -- Up-to-date symlink: /home/maikelborys/assignment_ws/src/robotics_software_engineer/install/module_5_assignment/share/module_5_assignment//launch/robot_lift_debug.launch.py
[0.632s] -- Up-to-date symlink: /home/maikelborys/assignment_ws/src/robotics_software_engineer/install/module_5_assignment/share/module_5_assignment//launch/robot_state_publisher.launch.py
[0.632s] -- Up-to-date symlink: /home/maikelborys/assignment_ws/src/robotics_software_engineer/install/module_5_assignment/share/module_5_assignment//urdf/diff_drive.urdf
[0.633s] -- Up-to-date symlink: /home/maikelborys/assignment_ws/src/robotics_software_engineer/install/module_5_assignment/share/module_5_assignment//urdf/robotic_arm.urdf
[0.633s] -- Up-to-date symlink: /home/maikelborys/assignment_ws/src/robotics_software_engineer/install/module_5_assignment/share/ament_index/resource_index/package_run_dependencies/module_5_assignment
[0.633s] -- Up-to-date symlink: /home/maikelborys/assignment_ws/src/robotics_software_engineer/install/module_5_assignment/share/ament_index/resource_index/parent_prefix_path/module_5_assignment
[0.633s] -- Up-to-date symlink: /home/maikelborys/assignment_ws/src/robotics_software_engineer/install/module_5_assignment/share/module_5_assignment/environment/ament_prefix_path.sh
[0.633s] -- Up-to-date symlink: /home/maikelborys/assignment_ws/src/robotics_software_engineer/install/module_5_assignment/share/module_5_assignment/environment/ament_prefix_path.dsv
[0.633s] -- Up-to-date symlink: /home/maikelborys/assignment_ws/src/robotics_software_engineer/install/module_5_assignment/share/module_5_assignment/environment/path.sh
[0.633s] -- Up-to-date symlink: /home/maikelborys/assignment_ws/src/robotics_software_engineer/install/module_5_assignment/share/module_5_assignment/environment/path.dsv
[0.634s] -- Up-to-date symlink: /home/maikelborys/assignment_ws/src/robotics_software_engineer/install/module_5_assignment/share/module_5_assignment/local_setup.bash
[0.634s] -- Up-to-date symlink: /home/maikelborys/assignment_ws/src/robotics_software_engineer/install/module_5_assignment/share/module_5_assignment/local_setup.sh
[0.634s] -- Up-to-date symlink: /home/maikelborys/assignment_ws/src/robotics_software_engineer/install/module_5_assignment/share/module_5_assignment/local_setup.zsh
[0.634s] -- Up-to-date symlink: /home/maikelborys/assignment_ws/src/robotics_software_engineer/install/module_5_assignment/share/module_5_assignment/local_setup.dsv
[0.634s] -- Symlinking: /home/maikelborys/assignment_ws/src/robotics_software_engineer/install/module_5_assignment/share/module_5_assignment/package.dsv
[0.642s] -- Up-to-date symlink: /home/maikelborys/assignment_ws/src/robotics_software_engineer/install/module_5_assignment/share/ament_index/resource_index/packages/module_5_assignment
[0.642s] -- Up-to-date symlink: /home/maikelborys/assignment_ws/src/robotics_software_engineer/install/module_5_assignment/share/module_5_assignment/cmake/module_5_assignmentConfig.cmake
[0.643s] -- Up-to-date symlink: /home/maikelborys/assignment_ws/src/robotics_software_engineer/install/module_5_assignment/share/module_5_assignment/cmake/module_5_assignmentConfig-version.cmake
[0.643s] -- Up-to-date symlink: /home/maikelborys/assignment_ws/src/robotics_software_engineer/install/module_5_assignment/share/module_5_assignment/package.xml
[0.645s] Invoked command in '/home/maikelborys/assignment_ws/src/robotics_software_engineer/build/module_5_assignment' returned '0': CMAKE_PREFIX_PATH=${CMAKE_PREFIX_PATH}:/opt/ros/humble /usr/bin/cmake --install /home/maikelborys/assignment_ws/src/robotics_software_engineer/build/module_5_assignment
