[0.011s] Invoking command in '/home/maikelborys/assignment_ws/src/robotics_software_engineer/build/module_6_assignment': CMAKE_PREFIX_PATH=${CMAKE_PREFIX_PATH}:/opt/ros/humble /usr/bin/cmake --build /home/maikelborys/assignment_ws/src/robotics_software_engineer/build/module_6_assignment -- -j16 -l16
[0.066s] [ 25%] [32mBuilding CXX object CMakeFiles/ekf_experiment_node.dir/src/ekf_experiment.cpp.o[0m
[0.066s] [ 75%] Built target sensor_display_node
[6.468s] [100%] [32m[1mLinking CXX executable ekf_experiment_node[0m
[6.671s] [100%] Built target ekf_experiment_node
[6.681s] Invoked command in '/home/maikelborys/assignment_ws/src/robotics_software_engineer/build/module_6_assignment' returned '0': CMAKE_PREFIX_PATH=${CMAKE_PREFIX_PATH}:/opt/ros/humble /usr/bin/cmake --build /home/maikelborys/assignment_ws/src/robotics_software_engineer/build/module_6_assignment -- -j16 -l16
[6.690s] Invoking command in '/home/maikelborys/assignment_ws/src/robotics_software_engineer/build/module_6_assignment': CMAKE_PREFIX_PATH=${CMAKE_PREFIX_PATH}:/opt/ros/humble /usr/bin/cmake --install /home/maikelborys/assignment_ws/src/robotics_software_engineer/build/module_6_assignment
[6.698s] -- Install configuration: ""
[6.698s] -- Up-to-date: /home/maikelborys/assignment_ws/src/robotics_software_engineer/install/module_6_assignment/lib/module_6_assignment/sensor_display_node
[6.699s] -- Up-to-date: /home/maikelborys/assignment_ws/src/robotics_software_engineer/install/module_6_assignment/lib/module_6_assignment/sensor_display_node
[6.699s] -- Installing: /home/maikelborys/assignment_ws/src/robotics_software_engineer/install/module_6_assignment/lib/module_6_assignment/ekf_experiment_node
[6.701s] -- Set runtime path of "/home/maikelborys/assignment_ws/src/robotics_software_engineer/install/module_6_assignment/lib/module_6_assignment/ekf_experiment_node" to ""
[6.702s] -- Up-to-date: /home/maikelborys/assignment_ws/src/robotics_software_engineer/install/module_6_assignment/share/module_6_assignment/launch
[6.702s] -- Up-to-date: /home/maikelborys/assignment_ws/src/robotics_software_engineer/install/module_6_assignment/share/module_6_assignment/launch/ekf_imu_odom.launch.py
[6.702s] -- Up-to-date: /home/maikelborys/assignment_ws/src/robotics_software_engineer/install/module_6_assignment/share/module_6_assignment/launch/ekf_tb3_imu_odom.launch.py
[6.702s] -- Up-to-date: /home/maikelborys/assignment_ws/src/robotics_software_engineer/install/module_6_assignment/share/module_6_assignment/config
[6.702s] -- Up-to-date: /home/maikelborys/assignment_ws/src/robotics_software_engineer/install/module_6_assignment/share/module_6_assignment/config/ekf_tb3_imu_odom.yaml
[6.702s] -- Up-to-date: /home/maikelborys/assignment_ws/src/robotics_software_engineer/install/module_6_assignment/share/ament_index/resource_index/package_run_dependencies/module_6_assignment
[6.702s] -- Up-to-date: /home/maikelborys/assignment_ws/src/robotics_software_engineer/install/module_6_assignment/share/ament_index/resource_index/parent_prefix_path/module_6_assignment
[6.702s] -- Up-to-date: /home/maikelborys/assignment_ws/src/robotics_software_engineer/install/module_6_assignment/share/module_6_assignment/environment/ament_prefix_path.sh
[6.702s] -- Installing: /home/maikelborys/assignment_ws/src/robotics_software_engineer/install/module_6_assignment/share/module_6_assignment/environment/ament_prefix_path.dsv
[6.702s] -- Up-to-date: /home/maikelborys/assignment_ws/src/robotics_software_engineer/install/module_6_assignment/share/module_6_assignment/environment/path.sh
[6.702s] -- Installing: /home/maikelborys/assignment_ws/src/robotics_software_engineer/install/module_6_assignment/share/module_6_assignment/environment/path.dsv
[6.702s] -- Up-to-date: /home/maikelborys/assignment_ws/src/robotics_software_engineer/install/module_6_assignment/share/module_6_assignment/local_setup.bash
[6.702s] -- Up-to-date: /home/maikelborys/assignment_ws/src/robotics_software_engineer/install/module_6_assignment/share/module_6_assignment/local_setup.sh
[6.702s] -- Up-to-date: /home/maikelborys/assignment_ws/src/robotics_software_engineer/install/module_6_assignment/share/module_6_assignment/local_setup.zsh
[6.703s] -- Installing: /home/maikelborys/assignment_ws/src/robotics_software_engineer/install/module_6_assignment/share/module_6_assignment/local_setup.dsv
[6.703s] -- Up-to-date: /home/maikelborys/assignment_ws/src/robotics_software_engineer/install/module_6_assignment/share/module_6_assignment/package.dsv
[6.703s] -- Up-to-date: /home/maikelborys/assignment_ws/src/robotics_software_engineer/install/module_6_assignment/share/ament_index/resource_index/packages/module_6_assignment
[6.703s] -- Up-to-date: /home/maikelborys/assignment_ws/src/robotics_software_engineer/install/module_6_assignment/share/module_6_assignment/cmake/module_6_assignmentConfig.cmake
[6.703s] -- Up-to-date: /home/maikelborys/assignment_ws/src/robotics_software_engineer/install/module_6_assignment/share/module_6_assignment/cmake/module_6_assignmentConfig-version.cmake
[6.703s] -- Up-to-date: /home/maikelborys/assignment_ws/src/robotics_software_engineer/install/module_6_assignment/share/module_6_assignment/package.xml
[6.704s] Invoked command in '/home/maikelborys/assignment_ws/src/robotics_software_engineer/build/module_6_assignment' returned '0': CMAKE_PREFIX_PATH=${CMAKE_PREFIX_PATH}:/opt/ros/humble /usr/bin/cmake --install /home/maikelborys/assignment_ws/src/robotics_software_engineer/build/module_6_assignment
