-- Found ament_cmake: 1.3.11 (/opt/ros/humble/share/ament_cmake/cmake)
-- Found rclcpp: 16.0.11 (/opt/ros/humble/share/rclcpp/cmake)
-- Found rosidl_generator_c: 3.1.6 (/opt/ros/humble/share/rosidl_generator_c/cmake)
-- Found rosidl_adapter: 3.1.6 (/opt/ros/humble/share/rosidl_adapter/cmake)
-- Found rosidl_generator_cpp: 3.1.6 (/opt/ros/humble/share/rosidl_generator_cpp/cmake)
-- Using all available rosidl_typesupport_c: rosidl_typesupport_fastrtps_c;rosidl_typesupport_introspection_c
-- Using all available rosidl_typesupport_cpp: rosidl_typesupport_fastrtps_cpp;rosidl_typesupport_introspection_cpp
-- Found rmw_implementation_cmake: 6.1.2 (/opt/ros/humble/share/rmw_implementation_cmake/cmake)
-- Found rmw_fastrtps_cpp: 6.2.7 (/opt/ros/humble/share/rmw_fastrtps_cpp/cmake)
-- Using RMW implementation 'rmw_fastrtps_cpp' as default
-- Found geometry_msgs: 4.2.4 (/opt/ros/humble/share/geometry_msgs/cmake)
-- Found nav_msgs: 4.2.4 (/opt/ros/humble/share/nav_msgs/cmake)
-- Found tf2_ros: 0.25.12 (/opt/ros/humble/share/tf2_ros/cmake)
-- Found ament_cmake_gtest: 1.3.11 (/opt/ros/humble/share/ament_cmake_gtest/cmake)
-- Found gtest sources under '/opt/ros/humble/src/gtest_vendor': C++ tests using 'Google Test' will be built
-- Configuring done
-- Generating done
-- Build files have been written to: /home/maikelborys/assignment_ws/src/robotics_software_engineer/build/module_8_assignment
[35m[1mConsolidate compiler generated dependencies of target gtest_main[0m
[35m[1mConsolidate compiler generated dependencies of target gtest[0m
[35m[1mConsolidate compiler generated dependencies of target algo_grid_sweep[0m
[  5%] [32mBuilding CXX object CMakeFiles/map_republisher_node.dir/src/map_republisher.cpp.o[0m
[35m[1mConsolidate compiler generated dependencies of target algo_astar[0m
[ 15%] Built target gtest_main
[ 25%] Built target gtest
[35m[1mConsolidate compiler generated dependencies of target rrt_node[0m
[ 45%] Built target algo_grid_sweep
[ 45%] Built target algo_astar
[ 50%] [32m[1mLinking CXX executable map_republisher_node[0m
[ 60%] Built target rrt_node
[35m[1mConsolidate compiler generated dependencies of target algo_rrt[0m
[35m[1mConsolidate compiler generated dependencies of target test_rrt_node[0m
[ 70%] Built target algo_rrt
[ 80%] Built target test_rrt_node
[35m[1mConsolidate compiler generated dependencies of target test_rrt[0m
[35m[1mConsolidate compiler generated dependencies of target path_planning_node[0m
/usr/bin/ld: /usr/lib/gcc/x86_64-linux-gnu/11/../../../x86_64-linux-gnu/Scrt1.o: in function `_start':
(.text+0x1b): undefined reference to `main'
collect2: error: ld returned 1 exit status
gmake[2]: *** [CMakeFiles/map_republisher_node.dir/build.make:175: map_republisher_node] Error 1
gmake[1]: *** [CMakeFiles/Makefile2:302: CMakeFiles/map_republisher_node.dir/all] Error 2
gmake[1]: *** Waiting for unfinished jobs....
[ 90%] Built target test_rrt
[100%] Built target path_planning_node
gmake: *** [Makefile:146: all] Error 2
