[0.010s] Invoking command in '/home/maikelborys/assignment_ws/src/robotics_software_engineer/build/module_3_assignment': CMAKE_PREFIX_PATH=${CMAKE_PREFIX_PATH}:/home/maikelborys/ros2_ws/install/ai_assitance:/opt/ros/humble /usr/bin/cmake --build /home/maikelborys/assignment_ws/src/robotics_software_engineer/build/module_3_assignment -- -j16 -l16
[0.035s] -- Found ament_cmake: 1.3.11 (/opt/ros/humble/share/ament_cmake/cmake)
[0.132s] -- Found tf2_ros: 0.25.11 (/opt/ros/humble/share/tf2_ros/cmake)
[0.167s] -- Found rosidl_generator_c: 3.1.6 (/opt/ros/humble/share/rosidl_generator_c/cmake)
[0.169s] -- Found rosidl_adapter: 3.1.6 (/opt/ros/humble/share/rosidl_adapter/cmake)
[0.174s] -- Found rosidl_generator_cpp: 3.1.6 (/opt/ros/humble/share/rosidl_generator_cpp/cmake)
[0.182s] -- Using all available rosidl_typesupport_c: rosidl_typesupport_fastrtps_c;rosidl_typesupport_introspection_c
[0.191s] -- Using all available rosidl_typesupport_cpp: rosidl_typesupport_fastrtps_cpp;rosidl_typesupport_introspection_cpp
[0.234s] -- Found rmw_implementation_cmake: 6.1.2 (/opt/ros/humble/share/rmw_implementation_cmake/cmake)
[0.235s] -- Found rmw_fastrtps_cpp: 6.2.7 (/opt/ros/humble/share/rmw_fastrtps_cpp/cmake)
[0.338s] -- Using RMW implementation 'rmw_fastrtps_cpp' as default
[0.444s] -- Found ament_lint_auto: 0.12.11 (/opt/ros/humble/share/ament_lint_auto/cmake)
[0.500s] -- Added test 'cppcheck' to perform static code analysis on C / C++ code
[0.500s] -- Configured cppcheck include dirs: 
[0.500s] -- Configured cppcheck exclude dirs and/or files: 
[0.500s] -- Added test 'flake8' to check Python code syntax and style conventions
[0.501s] -- Added test 'lint_cmake' to check CMake code style
[0.501s] -- Added test 'pep257' to check Python code against some of the docstring style conventions in PEP 257
[0.502s] -- Added test 'uncrustify' to check C / C++ code style
[0.502s] -- Configured uncrustify additional arguments: 
[0.503s] -- Added test 'xmllint' to check XML markup files
[0.503s] -- Configuring done
[0.524s] -- Generating done
[0.532s] -- Build files have been written to: /home/maikelborys/assignment_ws/src/robotics_software_engineer/build/module_3_assignment
[0.557s] [35m[1mConsolidate compiler generated dependencies of target ackermann_tf_broadcaster[0m
[0.557s] [35m[1mConsolidate compiler generated dependencies of target wheeled_robot_tf_broadcaster[0m
[0.557s] [35m[1mConsolidate compiler generated dependencies of target robotic_arm_tf_broadcaster[0m
[0.575s] [ 16%] [32mBuilding CXX object CMakeFiles/wheeled_robot_tf_broadcaster.dir/src/wheeled_robot_tf_broadcaster.cpp.o[0m
[0.576s] [ 50%] Built target ackermann_tf_broadcaster
[0.576s] [ 83%] Built target robotic_arm_tf_broadcaster
[3.412s] [100%] [32m[1mLinking CXX executable wheeled_robot_tf_broadcaster[0m
[3.567s] [100%] Built target wheeled_robot_tf_broadcaster
[3.579s] Invoked command in '/home/maikelborys/assignment_ws/src/robotics_software_engineer/build/module_3_assignment' returned '0': CMAKE_PREFIX_PATH=${CMAKE_PREFIX_PATH}:/home/maikelborys/ros2_ws/install/ai_assitance:/opt/ros/humble /usr/bin/cmake --build /home/maikelborys/assignment_ws/src/robotics_software_engineer/build/module_3_assignment -- -j16 -l16
[3.587s] Invoking command in '/home/maikelborys/assignment_ws/src/robotics_software_engineer/build/module_3_assignment': CMAKE_PREFIX_PATH=${CMAKE_PREFIX_PATH}:/home/maikelborys/ros2_ws/install/ai_assitance:/opt/ros/humble /usr/bin/cmake --install /home/maikelborys/assignment_ws/src/robotics_software_engineer/build/module_3_assignment
[3.593s] -- Install configuration: ""
[3.594s] -- Up-to-date: /home/maikelborys/assignment_ws/src/robotics_software_engineer/install/module_3_assignment/lib/module_3_assignment/robotic_arm_tf_broadcaster
[3.594s] -- Up-to-date: /home/maikelborys/assignment_ws/src/robotics_software_engineer/install/module_3_assignment/lib/module_3_assignment/ackermann_tf_broadcaster
[3.594s] -- Installing: /home/maikelborys/assignment_ws/src/robotics_software_engineer/install/module_3_assignment/lib/module_3_assignment/wheeled_robot_tf_broadcaster
[3.595s] -- Set runtime path of "/home/maikelborys/assignment_ws/src/robotics_software_engineer/install/module_3_assignment/lib/module_3_assignment/wheeled_robot_tf_broadcaster" to ""
[3.595s] -- Up-to-date: /home/maikelborys/assignment_ws/src/robotics_software_engineer/install/module_3_assignment/share/module_3_assignment/launch
[3.596s] -- Installing: /home/maikelborys/assignment_ws/src/robotics_software_engineer/install/module_3_assignment/share/module_3_assignment/launch/robot_lift_debug.launch.py
[3.596s] -- Up-to-date: /home/maikelborys/assignment_ws/src/robotics_software_engineer/install/module_3_assignment/share/module_3_assignment/launch/robot_state_publisher.launch.py
[3.596s] -- Up-to-date: /home/maikelborys/assignment_ws/src/robotics_software_engineer/install/module_3_assignment/share/module_3_assignment/launch/ackermann_state_publisher.launch.py
[3.596s] -- Up-to-date: /home/maikelborys/assignment_ws/src/robotics_software_engineer/install/module_3_assignment/share/module_3_assignment/urdf
[3.596s] -- Up-to-date: /home/maikelborys/assignment_ws/src/robotics_software_engineer/install/module_3_assignment/share/module_3_assignment/urdf/wheeled_robot_lift.urdf
[3.596s] -- Up-to-date: /home/maikelborys/assignment_ws/src/robotics_software_engineer/install/module_3_assignment/share/module_3_assignment/urdf/ackermann_drive.urdf
[3.596s] -- Up-to-date: /home/maikelborys/assignment_ws/src/robotics_software_engineer/install/module_3_assignment/share/module_3_assignment/urdf/robotic_arm.urdf
[3.596s] -- Up-to-date: /home/maikelborys/assignment_ws/src/robotics_software_engineer/install/module_3_assignment/share/ament_index/resource_index/package_run_dependencies/module_3_assignment
[3.596s] -- Up-to-date: /home/maikelborys/assignment_ws/src/robotics_software_engineer/install/module_3_assignment/share/ament_index/resource_index/parent_prefix_path/module_3_assignment
[3.596s] -- Up-to-date: /home/maikelborys/assignment_ws/src/robotics_software_engineer/install/module_3_assignment/share/module_3_assignment/environment/ament_prefix_path.sh
[3.596s] -- Installing: /home/maikelborys/assignment_ws/src/robotics_software_engineer/install/module_3_assignment/share/module_3_assignment/environment/ament_prefix_path.dsv
[3.596s] -- Up-to-date: /home/maikelborys/assignment_ws/src/robotics_software_engineer/install/module_3_assignment/share/module_3_assignment/environment/path.sh
[3.596s] -- Installing: /home/maikelborys/assignment_ws/src/robotics_software_engineer/install/module_3_assignment/share/module_3_assignment/environment/path.dsv
[3.596s] -- Up-to-date: /home/maikelborys/assignment_ws/src/robotics_software_engineer/install/module_3_assignment/share/module_3_assignment/local_setup.bash
[3.597s] -- Up-to-date: /home/maikelborys/assignment_ws/src/robotics_software_engineer/install/module_3_assignment/share/module_3_assignment/local_setup.sh
[3.597s] -- Up-to-date: /home/maikelborys/assignment_ws/src/robotics_software_engineer/install/module_3_assignment/share/module_3_assignment/local_setup.zsh
[3.597s] -- Installing: /home/maikelborys/assignment_ws/src/robotics_software_engineer/install/module_3_assignment/share/module_3_assignment/local_setup.dsv
[3.597s] -- Installing: /home/maikelborys/assignment_ws/src/robotics_software_engineer/install/module_3_assignment/share/module_3_assignment/package.dsv
[3.597s] -- Up-to-date: /home/maikelborys/assignment_ws/src/robotics_software_engineer/install/module_3_assignment/share/ament_index/resource_index/packages/module_3_assignment
[3.597s] -- Up-to-date: /home/maikelborys/assignment_ws/src/robotics_software_engineer/install/module_3_assignment/share/module_3_assignment/cmake/module_3_assignmentConfig.cmake
[3.597s] -- Up-to-date: /home/maikelborys/assignment_ws/src/robotics_software_engineer/install/module_3_assignment/share/module_3_assignment/cmake/module_3_assignmentConfig-version.cmake
[3.597s] -- Up-to-date: /home/maikelborys/assignment_ws/src/robotics_software_engineer/install/module_3_assignment/share/module_3_assignment/package.xml
[3.599s] Invoked command in '/home/maikelborys/assignment_ws/src/robotics_software_engineer/build/module_3_assignment' returned '0': CMAKE_PREFIX_PATH=${CMAKE_PREFIX_PATH}:/home/maikelborys/ros2_ws/install/ai_assitance:/opt/ros/humble /usr/bin/cmake --install /home/maikelborys/assignment_ws/src/robotics_software_engineer/build/module_3_assignment
