[0.012s] Invoking command in '/home/maikelborys/assignment_ws/src/robotics_software_engineer/build/module_8_assignment': CMAKE_PREFIX_PATH=${CMAKE_PREFIX_PATH}:/opt/ros/humble /usr/bin/cmake --build /home/maikelborys/assignment_ws/src/robotics_software_engineer/build/module_8_assignment -- -j16 -l16
[0.063s] [ 38%] Built target algo_astar
[0.063s] [ 38%] Built target gtest_main
[0.064s] [ 44%] Built target rrt_node
[0.064s] [ 44%] Built target algo_grid_sweep
[0.064s] [ 55%] Built target gtest
[0.085s] [ 77%] Built target test_rrt_node
[0.085s] [ 77%] Built target algo_rrt
[0.096s] [35m[1mConsolidate compiler generated dependencies of target path_planning_node[0m
[0.107s] [ 88%] Built target test_rrt
[0.115s] [ 94%] [32mBuilding CXX object CMakeFiles/path_planning_node.dir/src/path_planning.cpp.o[0m
[1.943s] In file included from [01m[K/opt/ros/humble/include/rclcpp/rclcpp/logging.hpp:24[m[K,
[1.943s]                  from [01m[K/opt/ros/humble/include/rclcpp/rclcpp/client.hpp:40[m[K,
[1.943s]                  from [01m[K/opt/ros/humble/include/rclcpp/rclcpp/callback_group.hpp:24[m[K,
[1.943s]                  from [01m[K/opt/ros/humble/include/rclcpp/rclcpp/any_executable.hpp:20[m[K,
[1.943s]                  from [01m[K/opt/ros/humble/include/rclcpp/rclcpp/memory_strategy.hpp:25[m[K,
[1.943s]                  from [01m[K/opt/ros/humble/include/rclcpp/rclcpp/memory_strategies.hpp:18[m[K,
[1.943s]                  from [01m[K/opt/ros/humble/include/rclcpp/rclcpp/executor_options.hpp:20[m[K,
[1.943s]                  from [01m[K/opt/ros/humble/include/rclcpp/rclcpp/executor.hpp:37[m[K,
[1.943s]                  from [01m[K/opt/ros/humble/include/rclcpp/rclcpp/executors/multi_threaded_executor.hpp:25[m[K,
[1.944s]                  from [01m[K/opt/ros/humble/include/rclcpp/rclcpp/executors.hpp:21[m[K,
[1.944s]                  from [01m[K/opt/ros/humble/include/rclcpp/rclcpp/rclcpp.hpp:155[m[K,
[1.944s]                  from [01m[K/home/maikelborys/assignment_ws/src/robotics_software_engineer/module_8_assignment/src/path_planning.cpp:1[m[K:
[1.944s] [01m[K/home/maikelborys/assignment_ws/src/robotics_software_engineer/module_8_assignment/src/path_planning.cpp:[m[K In member function ‘[01m[Kvoid PathPlanning::occupancyGridCallback(const OccupancyGrid&)[m[K’:
[1.944s] [01m[K/home/maikelborys/assignment_ws/src/robotics_software_engineer/module_8_assignment/src/path_planning.cpp:31:79:[m[K [01;31m[Kerror: [m[Kno matching function for call to ‘[01m[Kto_string(const _data_type&)[m[K’
[1.944s]    31 |     RCLCPP_DEBUG(this->get_logger(), "Occupancy grid data: %s", [01;31m[Kstd::to_string(grid.data)[m[K.c_str());
[1.944s]       |                                                                 [01;31m[K~~~~~~~~~~~~~~^~~~~~~~~~~[m[K
[1.944s] In file included from [01m[K/opt/ros/humble/include/rclcpp/rclcpp/node_interfaces/node_parameters_interface.hpp:28[m[K,
[1.944s]                  from [01m[K/opt/ros/humble/include/rclcpp/rclcpp/node.hpp:54[m[K,
[1.944s]                  from [01m[K/opt/ros/humble/include/rclcpp/rclcpp/executors/single_threaded_executor.hpp:28[m[K,
[1.944s]                  from [01m[K/opt/ros/humble/include/rclcpp/rclcpp/executors.hpp:22[m[K,
[1.945s]                  from [01m[K/opt/ros/humble/include/rclcpp/rclcpp/rclcpp.hpp:155[m[K,
[1.945s]                  from [01m[K/home/maikelborys/assignment_ws/src/robotics_software_engineer/module_8_assignment/src/path_planning.cpp:1[m[K:
[1.945s] [01m[K/opt/ros/humble/include/rclcpp/rclcpp/parameter.hpp:289:1:[m[K [01;36m[Knote: [m[Kcandidate: ‘[01m[Kstd::string std::to_string(const rclcpp::Parameter&)[m[K’
[1.945s]   289 | [01;36m[Kto_string[m[K(const rclcpp::Parameter & param);
[1.945s]       | [01;36m[K^~~~~~~~~[m[K
[1.945s] [01m[K/opt/ros/humble/include/rclcpp/rclcpp/parameter.hpp:289:37:[m[K [01;36m[Knote: [m[K  no known conversion for argument 1 from ‘[01m[Kconst _data_type[m[K’ {aka ‘[01m[Kconst std::vector<signed char, std::allocator<signed char> >[m[K’} to ‘[01m[Kconst rclcpp::Parameter&[m[K’
[1.945s]   289 | to_string([01;36m[Kconst rclcpp::Parameter & param[m[K);
[1.945s]       |           [01;36m[K~~~~~~~~~~~~~~~~~~~~~~~~~~^~~~~[m[K
[1.945s] [01m[K/opt/ros/humble/include/rclcpp/rclcpp/parameter.hpp:294:1:[m[K [01;36m[Knote: [m[Kcandidate: ‘[01m[Kstd::string std::to_string(const std::vector<rclcpp::Parameter>&)[m[K’
[1.945s]   294 | [01;36m[Kto_string[m[K(const std::vector<rclcpp::Parameter> & parameters);
[1.945s]       | [01;36m[K^~~~~~~~~[m[K
[1.945s] [01m[K/opt/ros/humble/include/rclcpp/rclcpp/parameter.hpp:294:50:[m[K [01;36m[Knote: [m[K  no known conversion for argument 1 from ‘[01m[Kconst _data_type[m[K’ {aka ‘[01m[Kconst std::vector<signed char, std::allocator<signed char> >[m[K’} to ‘[01m[Kconst std::vector<rclcpp::Parameter>&[m[K’
[1.946s]   294 | to_string([01;36m[Kconst std::vector<rclcpp::Parameter> & parameters[m[K);
[1.946s]       |           [01;36m[K~~~~~~~~~~~~~~~~~~~~~~~~~~~~~~~~~~~~~~~^~~~~~~~~~[m[K
[1.946s] In file included from [01m[K/usr/include/c++/11/string:55[m[K,
[1.946s]                  from [01m[K/usr/include/c++/11/stdexcept:39[m[K,
[1.946s]                  from [01m[K/usr/include/c++/11/system_error:41[m[K,
[1.946s]                  from [01m[K/usr/include/c++/11/mutex:42[m[K,
[1.946s]                  from [01m[K/usr/include/c++/11/future:38[m[K,
[1.946s]                  from [01m[K/opt/ros/humble/include/rclcpp/rclcpp/executors.hpp:18[m[K,
[1.946s]                  from [01m[K/opt/ros/humble/include/rclcpp/rclcpp/rclcpp.hpp:155[m[K,
[1.946s]                  from [01m[K/home/maikelborys/assignment_ws/src/robotics_software_engineer/module_8_assignment/src/path_planning.cpp:1[m[K:
[1.946s] [01m[K/usr/include/c++/11/bits/basic_string.h:6660:3:[m[K [01;36m[Knote: [m[Kcandidate: ‘[01m[Kstd::string std::__cxx11::to_string(int)[m[K’
[1.946s]  6660 |   [01;36m[Kto_string[m[K(int __val)
[1.947s]       |   [01;36m[K^~~~~~~~~[m[K
[1.947s] [01m[K/usr/include/c++/11/bits/basic_string.h:6660:17:[m[K [01;36m[Knote: [m[K  no known conversion for argument 1 from ‘[01m[Kconst _data_type[m[K’ {aka ‘[01m[Kconst std::vector<signed char, std::allocator<signed char> >[m[K’} to ‘[01m[Kint[m[K’
[1.947s]  6660 |   to_string([01;36m[Kint __val[m[K)
[1.947s]       |             [01;36m[K~~~~^~~~~[m[K
[1.947s] [01m[K/usr/include/c++/11/bits/basic_string.h:6671:3:[m[K [01;36m[Knote: [m[Kcandidate: ‘[01m[Kstd::string std::__cxx11::to_string(unsigned int)[m[K’
[1.947s]  6671 |   [01;36m[Kto_string[m[K(unsigned __val)
[1.947s]       |   [01;36m[K^~~~~~~~~[m[K
[1.947s] [01m[K/usr/include/c++/11/bits/basic_string.h:6671:22:[m[K [01;36m[Knote: [m[K  no known conversion for argument 1 from ‘[01m[Kconst _data_type[m[K’ {aka ‘[01m[Kconst std::vector<signed char, std::allocator<signed char> >[m[K’} to ‘[01m[Kunsigned int[m[K’
[1.947s]  6671 |   to_string([01;36m[Kunsigned __val[m[K)
[1.947s]       |             [01;36m[K~~~~~~~~~^~~~~[m[K
[1.947s] [01m[K/usr/include/c++/11/bits/basic_string.h:6679:3:[m[K [01;36m[Knote: [m[Kcandidate: ‘[01m[Kstd::string std::__cxx11::to_string(long int)[m[K’
[1.948s]  6679 |   [01;36m[Kto_string[m[K(long __val)
[1.948s]       |   [01;36m[K^~~~~~~~~[m[K
[1.948s] [01m[K/usr/include/c++/11/bits/basic_string.h:6679:18:[m[K [01;36m[Knote: [m[K  no known conversion for argument 1 from ‘[01m[Kconst _data_type[m[K’ {aka ‘[01m[Kconst std::vector<signed char, std::allocator<signed char> >[m[K’} to ‘[01m[Klong int[m[K’
[1.948s]  6679 |   to_string([01;36m[Klong __val[m[K)
[1.948s]       |             [01;36m[K~~~~~^~~~~[m[K
[1.948s] [01m[K/usr/include/c++/11/bits/basic_string.h:6690:3:[m[K [01;36m[Knote: [m[Kcandidate: ‘[01m[Kstd::string std::__cxx11::to_string(long unsigned int)[m[K’
[1.948s]  6690 |   [01;36m[Kto_string[m[K(unsigned long __val)
[1.948s]       |   [01;36m[K^~~~~~~~~[m[K
[1.948s] [01m[K/usr/include/c++/11/bits/basic_string.h:6690:27:[m[K [01;36m[Knote: [m[K  no known conversion for argument 1 from ‘[01m[Kconst _data_type[m[K’ {aka ‘[01m[Kconst std::vector<signed char, std::allocator<signed char> >[m[K’} to ‘[01m[Klong unsigned int[m[K’
[1.948s]  6690 |   to_string([01;36m[Kunsigned long __val[m[K)
[1.948s]       |             [01;36m[K~~~~~~~~~~~~~~^~~~~[m[K
[1.948s] [01m[K/usr/include/c++/11/bits/basic_string.h:6698:3:[m[K [01;36m[Knote: [m[Kcandidate: ‘[01m[Kstd::string std::__cxx11::to_string(long long int)[m[K’
[1.949s]  6698 |   [01;36m[Kto_string[m[K(long long __val)
[1.949s]       |   [01;36m[K^~~~~~~~~[m[K
[1.949s] [01m[K/usr/include/c++/11/bits/basic_string.h:6698:23:[m[K [01;36m[Knote: [m[K  no known conversion for argument 1 from ‘[01m[Kconst _data_type[m[K’ {aka ‘[01m[Kconst std::vector<signed char, std::allocator<signed char> >[m[K’} to ‘[01m[Klong long int[m[K’
[1.949s]  6698 |   to_string([01;36m[Klong long __val[m[K)
[1.949s]       |             [01;36m[K~~~~~~~~~~^~~~~[m[K
[1.949s] [01m[K/usr/include/c++/11/bits/basic_string.h:6710:3:[m[K [01;36m[Knote: [m[Kcandidate: ‘[01m[Kstd::string std::__cxx11::to_string(long long unsigned int)[m[K’
[1.949s]  6710 |   [01;36m[Kto_string[m[K(unsigned long long __val)
[1.949s]       |   [01;36m[K^~~~~~~~~[m[K
[1.949s] [01m[K/usr/include/c++/11/bits/basic_string.h:6710:32:[m[K [01;36m[Knote: [m[K  no known conversion for argument 1 from ‘[01m[Kconst _data_type[m[K’ {aka ‘[01m[Kconst std::vector<signed char, std::allocator<signed char> >[m[K’} to ‘[01m[Klong long unsigned int[m[K’
[1.949s]  6710 |   to_string([01;36m[Kunsigned long long __val[m[K)
[1.949s]       |             [01;36m[K~~~~~~~~~~~~~~~~~~~^~~~~[m[K
[1.950s] [01m[K/usr/include/c++/11/bits/basic_string.h:6721:3:[m[K [01;36m[Knote: [m[Kcandidate: ‘[01m[Kstd::string std::__cxx11::to_string(float)[m[K’
[1.950s]  6721 |   [01;36m[Kto_string[m[K(float __val)
[1.950s]       |   [01;36m[K^~~~~~~~~[m[K
[1.950s] [01m[K/usr/include/c++/11/bits/basic_string.h:6721:19:[m[K [01;36m[Knote: [m[K  no known conversion for argument 1 from ‘[01m[Kconst _data_type[m[K’ {aka ‘[01m[Kconst std::vector<signed char, std::allocator<signed char> >[m[K’} to ‘[01m[Kfloat[m[K’
[1.950s]  6721 |   to_string([01;36m[Kfloat __val[m[K)
[1.950s]       |             [01;36m[K~~~~~~^~~~~[m[K
[1.950s] [01m[K/usr/include/c++/11/bits/basic_string.h:6730:3:[m[K [01;36m[Knote: [m[Kcandidate: ‘[01m[Kstd::string std::__cxx11::to_string(double)[m[K’
[1.950s]  6730 |   [01;36m[Kto_string[m[K(double __val)
[1.950s]       |   [01;36m[K^~~~~~~~~[m[K
[1.950s] [01m[K/usr/include/c++/11/bits/basic_string.h:6730:20:[m[K [01;36m[Knote: [m[K  no known conversion for argument 1 from ‘[01m[Kconst _data_type[m[K’ {aka ‘[01m[Kconst std::vector<signed char, std::allocator<signed char> >[m[K’} to ‘[01m[Kdouble[m[K’
[1.950s]  6730 |   to_string([01;36m[Kdouble __val[m[K)
[1.950s]       |             [01;36m[K~~~~~~~^~~~~[m[K
[1.951s] [01m[K/usr/include/c++/11/bits/basic_string.h:6739:3:[m[K [01;36m[Knote: [m[Kcandidate: ‘[01m[Kstd::string std::__cxx11::to_string(long double)[m[K’
[1.951s]  6739 |   [01;36m[Kto_string[m[K(long double __val)
[1.951s]       |   [01;36m[K^~~~~~~~~[m[K
[1.951s] [01m[K/usr/include/c++/11/bits/basic_string.h:6739:25:[m[K [01;36m[Knote: [m[K  no known conversion for argument 1 from ‘[01m[Kconst _data_type[m[K’ {aka ‘[01m[Kconst std::vector<signed char, std::allocator<signed char> >[m[K’} to ‘[01m[Klong double[m[K’
[1.951s]  6739 |   to_string([01;36m[Klong double __val[m[K)
[1.951s]       |             [01;36m[K~~~~~~~~~~~~^~~~~[m[K
[3.866s] gmake[2]: *** [CMakeFiles/path_planning_node.dir/build.make:76: CMakeFiles/path_planning_node.dir/src/path_planning.cpp.o] Error 1
[3.866s] gmake[1]: *** [CMakeFiles/Makefile2:274: CMakeFiles/path_planning_node.dir/all] Error 2
[3.867s] gmake: *** [Makefile:146: all] Error 2
[3.871s] Invoked command in '/home/maikelborys/assignment_ws/src/robotics_software_engineer/build/module_8_assignment' returned '2': CMAKE_PREFIX_PATH=${CMAKE_PREFIX_PATH}:/opt/ros/humble /usr/bin/cmake --build /home/maikelborys/assignment_ws/src/robotics_software_engineer/build/module_8_assignment -- -j16 -l16
