[0.012s] Invoking command in '/home/maikelborys/assignment_ws/src/robotics_software_engineer/build/module_7_assignment': CMAKE_PREFIX_PATH=${CMAKE_PREFIX_PATH}:/opt/ros/humble /usr/bin/cmake --build /home/maikelborys/assignment_ws/src/robotics_software_engineer/build/module_7_assignment -- -j16 -l16
[0.131s] -- Found ament_cmake: 1.3.11 (/opt/ros/humble/share/ament_cmake/cmake)
[0.402s] -- Found nav_msgs: 4.2.4 (/opt/ros/humble/share/nav_msgs/cmake)
[0.520s] -- Found rosidl_generator_c: 3.1.6 (/opt/ros/humble/share/rosidl_generator_c/cmake)
[0.537s] -- Found rosidl_adapter: 3.1.6 (/opt/ros/humble/share/rosidl_adapter/cmake)
[0.549s] -- Found rosidl_generator_cpp: 3.1.6 (/opt/ros/humble/share/rosidl_generator_cpp/cmake)
[0.575s] -- Using all available rosidl_typesupport_c: rosidl_typesupport_fastrtps_c;rosidl_typesupport_introspection_c
[0.613s] -- Using all available rosidl_typesupport_cpp: rosidl_typesupport_fastrtps_cpp;rosidl_typesupport_introspection_cpp
[0.721s] -- Found rclcpp: 16.0.11 (/opt/ros/humble/share/rclcpp/cmake)
[0.803s] -- Found rmw_implementation_cmake: 6.1.2 (/opt/ros/humble/share/rmw_implementation_cmake/cmake)
[0.808s] -- Found rmw_fastrtps_cpp: 6.2.7 (/opt/ros/humble/share/rmw_fastrtps_cpp/cmake)
[0.985s] -- Using RMW implementation 'rmw_fastrtps_cpp' as default
[1.164s] -- Found sensor_msgs: 4.2.4 (/opt/ros/humble/share/sensor_msgs/cmake)
[1.307s] -- Configuring done
[1.419s] -- Generating done
[1.427s] -- Build files have been written to: /home/maikelborys/assignment_ws/src/robotics_software_engineer/build/module_7_assignment
[1.457s] [35m[1mConsolidate compiler generated dependencies of target oc_grid_pub[0m
[1.468s] [35m[1mConsolidate compiler generated dependencies of target lidar_to_grid[0m
[1.475s] [ 50%] Built target oc_grid_pub
[1.485s] [100%] Built target lidar_to_grid
[1.496s] Invoked command in '/home/maikelborys/assignment_ws/src/robotics_software_engineer/build/module_7_assignment' returned '0': CMAKE_PREFIX_PATH=${CMAKE_PREFIX_PATH}:/opt/ros/humble /usr/bin/cmake --build /home/maikelborys/assignment_ws/src/robotics_software_engineer/build/module_7_assignment -- -j16 -l16
[1.506s] Invoking command in '/home/maikelborys/assignment_ws/src/robotics_software_engineer/build/module_7_assignment': CMAKE_PREFIX_PATH=${CMAKE_PREFIX_PATH}:/opt/ros/humble /usr/bin/cmake --install /home/maikelborys/assignment_ws/src/robotics_software_engineer/build/module_7_assignment
[1.512s] -- Install configuration: ""
[1.512s] -- Up-to-date: /home/maikelborys/assignment_ws/src/robotics_software_engineer/install/module_7_assignment/lib/module_7_assignment/oc_grid_pub
[1.513s] -- Up-to-date: /home/maikelborys/assignment_ws/src/robotics_software_engineer/install/module_7_assignment/lib/module_7_assignment/lidar_to_grid
[1.513s] -- Up-to-date: /home/maikelborys/assignment_ws/src/robotics_software_engineer/install/module_7_assignment/share/module_7_assignment//launch
[1.513s] -- Installing: /home/maikelborys/assignment_ws/src/robotics_software_engineer/install/module_7_assignment/share/module_7_assignment//launch/map_loading_2d.launch.py
[1.513s] -- Up-to-date: /home/maikelborys/assignment_ws/src/robotics_software_engineer/install/module_7_assignment/share/module_7_assignment//launch/maze_tb3_bringup.launch.py
[1.513s] -- Up-to-date: /home/maikelborys/assignment_ws/src/robotics_software_engineer/install/module_7_assignment/share/module_7_assignment//world
[1.513s] -- Up-to-date: /home/maikelborys/assignment_ws/src/robotics_software_engineer/install/module_7_assignment/share/module_7_assignment//world/maze.world
[1.513s] -- Installing: /home/maikelborys/assignment_ws/src/robotics_software_engineer/install/module_7_assignment/share/module_7_assignment//map_gens
[1.513s] -- Installing: /home/maikelborys/assignment_ws/src/robotics_software_engineer/install/module_7_assignment/share/module_7_assignment//map_gens/maze_map.yaml
[1.514s] -- Installing: /home/maikelborys/assignment_ws/src/robotics_software_engineer/install/module_7_assignment/share/module_7_assignment//map_gens/maze_map.pgm
[1.514s] -- Up-to-date: /home/maikelborys/assignment_ws/src/robotics_software_engineer/install/module_7_assignment/share/ament_index/resource_index/package_run_dependencies/module_7_assignment
[1.514s] -- Up-to-date: /home/maikelborys/assignment_ws/src/robotics_software_engineer/install/module_7_assignment/share/ament_index/resource_index/parent_prefix_path/module_7_assignment
[1.514s] -- Up-to-date: /home/maikelborys/assignment_ws/src/robotics_software_engineer/install/module_7_assignment/share/module_7_assignment/environment/ament_prefix_path.sh
[1.514s] -- Installing: /home/maikelborys/assignment_ws/src/robotics_software_engineer/install/module_7_assignment/share/module_7_assignment/environment/ament_prefix_path.dsv
[1.514s] -- Up-to-date: /home/maikelborys/assignment_ws/src/robotics_software_engineer/install/module_7_assignment/share/module_7_assignment/environment/path.sh
[1.514s] -- Installing: /home/maikelborys/assignment_ws/src/robotics_software_engineer/install/module_7_assignment/share/module_7_assignment/environment/path.dsv
[1.514s] -- Up-to-date: /home/maikelborys/assignment_ws/src/robotics_software_engineer/install/module_7_assignment/share/module_7_assignment/local_setup.bash
[1.515s] -- Up-to-date: /home/maikelborys/assignment_ws/src/robotics_software_engineer/install/module_7_assignment/share/module_7_assignment/local_setup.sh
[1.515s] -- Up-to-date: /home/maikelborys/assignment_ws/src/robotics_software_engineer/install/module_7_assignment/share/module_7_assignment/local_setup.zsh
[1.515s] -- Installing: /home/maikelborys/assignment_ws/src/robotics_software_engineer/install/module_7_assignment/share/module_7_assignment/local_setup.dsv
[1.515s] -- Installing: /home/maikelborys/assignment_ws/src/robotics_software_engineer/install/module_7_assignment/share/module_7_assignment/package.dsv
[1.515s] -- Up-to-date: /home/maikelborys/assignment_ws/src/robotics_software_engineer/install/module_7_assignment/share/ament_index/resource_index/packages/module_7_assignment
[1.515s] -- Up-to-date: /home/maikelborys/assignment_ws/src/robotics_software_engineer/install/module_7_assignment/share/module_7_assignment/cmake/module_7_assignmentConfig.cmake
[1.515s] -- Up-to-date: /home/maikelborys/assignment_ws/src/robotics_software_engineer/install/module_7_assignment/share/module_7_assignment/cmake/module_7_assignmentConfig-version.cmake
[1.515s] -- Up-to-date: /home/maikelborys/assignment_ws/src/robotics_software_engineer/install/module_7_assignment/share/module_7_assignment/package.xml
[1.516s] Invoked command in '/home/maikelborys/assignment_ws/src/robotics_software_engineer/build/module_7_assignment' returned '0': CMAKE_PREFIX_PATH=${CMAKE_PREFIX_PATH}:/opt/ros/humble /usr/bin/cmake --install /home/maikelborys/assignment_ws/src/robotics_software_engineer/build/module_7_assignment
