[0.010s] Invoking command in '/home/maikelborys/assignment_ws/src/robotics_software_engineer/build/module_5_assignment': CMAKE_PREFIX_PATH=${CMAKE_PREFIX_PATH}:/opt/ros/humble /usr/bin/cmake --build /home/maikelborys/assignment_ws/src/robotics_software_engineer/build/module_5_assignment -- -j16 -l16
[0.032s] -- Found ament_cmake: 1.3.11 (/opt/ros/humble/share/ament_cmake/cmake)
[0.121s] -- Override CMake install command with custom implementation using symlinks instead of copying resources
[0.130s] -- Found rclcpp: 16.0.11 (/opt/ros/humble/share/rclcpp/cmake)
[0.165s] -- Found rosidl_generator_c: 3.1.6 (/opt/ros/humble/share/rosidl_generator_c/cmake)
[0.167s] -- Found rosidl_adapter: 3.1.6 (/opt/ros/humble/share/rosidl_adapter/cmake)
[0.171s] -- Found rosidl_generator_cpp: 3.1.6 (/opt/ros/humble/share/rosidl_generator_cpp/cmake)
[0.179s] -- Using all available rosidl_typesupport_c: rosidl_typesupport_fastrtps_c;rosidl_typesupport_introspection_c
[0.189s] -- Using all available rosidl_typesupport_cpp: rosidl_typesupport_fastrtps_cpp;rosidl_typesupport_introspection_cpp
[0.214s] -- Found rmw_implementation_cmake: 6.1.2 (/opt/ros/humble/share/rmw_implementation_cmake/cmake)
[0.215s] -- Found rmw_fastrtps_cpp: 6.2.7 (/opt/ros/humble/share/rmw_fastrtps_cpp/cmake)
[0.320s] -- Using RMW implementation 'rmw_fastrtps_cpp' as default
[0.359s] -- Found sensor_msgs: 4.2.4 (/opt/ros/humble/share/sensor_msgs/cmake)
[0.381s] -- Found cv_bridge: 3.2.1 (/opt/ros/humble/share/cv_bridge/cmake)
[0.392s] -- Found tf2_ros: 0.25.11 (/opt/ros/humble/share/tf2_ros/cmake)
[0.457s] -- Found nav_msgs: 4.2.4 (/opt/ros/humble/share/nav_msgs/cmake)
[0.522s] -- Configuring done
[0.540s] -- Generating done
[0.545s] -- Build files have been written to: /home/maikelborys/assignment_ws/src/robotics_software_engineer/build/module_5_assignment
[0.572s] [35m[1mConsolidate compiler generated dependencies of target lineFollowing[0m
[0.581s] [ 25%] [32mBuilding CXX object CMakeFiles/goal_planer.dir/src/goal_planer.cpp.o[0m
[0.590s] [ 75%] Built target lineFollowing
[6.804s] [100%] [32m[1mLinking CXX executable goal_planer[0m
[7.190s] [100%] Built target goal_planer
[7.202s] Invoked command in '/home/maikelborys/assignment_ws/src/robotics_software_engineer/build/module_5_assignment' returned '0': CMAKE_PREFIX_PATH=${CMAKE_PREFIX_PATH}:/opt/ros/humble /usr/bin/cmake --build /home/maikelborys/assignment_ws/src/robotics_software_engineer/build/module_5_assignment -- -j16 -l16
[7.212s] Invoking command in '/home/maikelborys/assignment_ws/src/robotics_software_engineer/build/module_5_assignment': CMAKE_PREFIX_PATH=${CMAKE_PREFIX_PATH}:/opt/ros/humble /usr/bin/cmake --install /home/maikelborys/assignment_ws/src/robotics_software_engineer/build/module_5_assignment
[7.218s] -- Install configuration: ""
[7.218s] -- Execute custom install script
[7.219s] -- Up-to-date symlink: /home/maikelborys/assignment_ws/src/robotics_software_engineer/install/module_5_assignment/lib/module_5_assignment/lineFollowing
[7.219s] -- Symlinking: /home/maikelborys/assignment_ws/src/robotics_software_engineer/install/module_5_assignment/lib/module_5_assignment/goal_planer
[7.227s] -- Up-to-date symlink: /home/maikelborys/assignment_ws/src/robotics_software_engineer/install/module_5_assignment/share/module_5_assignment//launch/camera_line_following.launch.py
[7.227s] -- Symlinking: /home/maikelborys/assignment_ws/src/robotics_software_engineer/install/module_5_assignment/share/module_5_assignment//launch/goal_planer.launch.py
[7.235s] -- Up-to-date symlink: /home/maikelborys/assignment_ws/src/robotics_software_engineer/install/module_5_assignment/share/module_5_assignment//urdf/diff_drive.urdf
[7.235s] -- Up-to-date symlink: /home/maikelborys/assignment_ws/src/robotics_software_engineer/install/module_5_assignment/share/ament_index/resource_index/package_run_dependencies/module_5_assignment
[7.235s] -- Up-to-date symlink: /home/maikelborys/assignment_ws/src/robotics_software_engineer/install/module_5_assignment/share/ament_index/resource_index/parent_prefix_path/module_5_assignment
[7.235s] -- Up-to-date symlink: /home/maikelborys/assignment_ws/src/robotics_software_engineer/install/module_5_assignment/share/module_5_assignment/environment/ament_prefix_path.sh
[7.235s] -- Up-to-date symlink: /home/maikelborys/assignment_ws/src/robotics_software_engineer/install/module_5_assignment/share/module_5_assignment/environment/ament_prefix_path.dsv
[7.236s] -- Up-to-date symlink: /home/maikelborys/assignment_ws/src/robotics_software_engineer/install/module_5_assignment/share/module_5_assignment/environment/path.sh
[7.236s] -- Up-to-date symlink: /home/maikelborys/assignment_ws/src/robotics_software_engineer/install/module_5_assignment/share/module_5_assignment/environment/path.dsv
[7.236s] -- Up-to-date symlink: /home/maikelborys/assignment_ws/src/robotics_software_engineer/install/module_5_assignment/share/module_5_assignment/local_setup.bash
[7.236s] -- Up-to-date symlink: /home/maikelborys/assignment_ws/src/robotics_software_engineer/install/module_5_assignment/share/module_5_assignment/local_setup.sh
[7.236s] -- Up-to-date symlink: /home/maikelborys/assignment_ws/src/robotics_software_engineer/install/module_5_assignment/share/module_5_assignment/local_setup.zsh
[7.237s] -- Up-to-date symlink: /home/maikelborys/assignment_ws/src/robotics_software_engineer/install/module_5_assignment/share/module_5_assignment/local_setup.dsv
[7.237s] -- Symlinking: /home/maikelborys/assignment_ws/src/robotics_software_engineer/install/module_5_assignment/share/module_5_assignment/package.dsv
[7.244s] -- Up-to-date symlink: /home/maikelborys/assignment_ws/src/robotics_software_engineer/install/module_5_assignment/share/ament_index/resource_index/packages/module_5_assignment
[7.245s] -- Up-to-date symlink: /home/maikelborys/assignment_ws/src/robotics_software_engineer/install/module_5_assignment/share/module_5_assignment/cmake/module_5_assignmentConfig.cmake
[7.245s] -- Up-to-date symlink: /home/maikelborys/assignment_ws/src/robotics_software_engineer/install/module_5_assignment/share/module_5_assignment/cmake/module_5_assignmentConfig-version.cmake
[7.245s] -- Up-to-date symlink: /home/maikelborys/assignment_ws/src/robotics_software_engineer/install/module_5_assignment/share/module_5_assignment/package.xml
[7.248s] Invoked command in '/home/maikelborys/assignment_ws/src/robotics_software_engineer/build/module_5_assignment' returned '0': CMAKE_PREFIX_PATH=${CMAKE_PREFIX_PATH}:/opt/ros/humble /usr/bin/cmake --install /home/maikelborys/assignment_ws/src/robotics_software_engineer/build/module_5_assignment
