[0.011s] Invoking command in '/home/maikelborys/assignment_ws/src/robotics_software_engineer/build/module_6_assignment': CMAKE_PREFIX_PATH=${CMAKE_PREFIX_PATH}:/opt/ros/humble /usr/bin/cmake --build /home/maikelborys/assignment_ws/src/robotics_software_engineer/build/module_6_assignment -- -j16 -l16
[0.034s] -- Found ament_cmake: 1.3.11 (/opt/ros/humble/share/ament_cmake/cmake)
[0.137s] -- Found ament_lint_auto: 0.12.11 (/opt/ros/humble/share/ament_lint_auto/cmake)
[0.196s] -- Added test 'flake8' to check Python code syntax and style conventions
[0.197s] -- Added test 'lint_cmake' to check CMake code style
[0.198s] -- Added test 'pep257' to check Python code against some of the docstring style conventions in PEP 257
[0.200s] -- Added test 'xmllint' to check XML markup files
[0.201s] -- Configuring done
[0.206s] -- Generating done
[0.210s] -- Build files have been written to: /home/maikelborys/assignment_ws/src/robotics_software_engineer/build/module_6_assignment
[0.234s] Invoked command in '/home/maikelborys/assignment_ws/src/robotics_software_engineer/build/module_6_assignment' returned '0': CMAKE_PREFIX_PATH=${CMAKE_PREFIX_PATH}:/opt/ros/humble /usr/bin/cmake --build /home/maikelborys/assignment_ws/src/robotics_software_engineer/build/module_6_assignment -- -j16 -l16
[0.244s] Invoking command in '/home/maikelborys/assignment_ws/src/robotics_software_engineer/build/module_6_assignment': CMAKE_PREFIX_PATH=${CMAKE_PREFIX_PATH}:/opt/ros/humble /usr/bin/cmake --install /home/maikelborys/assignment_ws/src/robotics_software_engineer/build/module_6_assignment
[0.252s] -- Install configuration: ""
[0.252s] -- Installing: /home/maikelborys/assignment_ws/src/robotics_software_engineer/install/module_6_assignment/share/module_6_assignment/launch
[0.252s] -- Installing: /home/maikelborys/assignment_ws/src/robotics_software_engineer/install/module_6_assignment/share/module_6_assignment/launch/ekf_tb3_imu_odom.launch.py
[0.252s] -- Installing: /home/maikelborys/assignment_ws/src/robotics_software_engineer/install/module_6_assignment/share/module_6_assignment/config
[0.252s] -- Installing: /home/maikelborys/assignment_ws/src/robotics_software_engineer/install/module_6_assignment/share/module_6_assignment/config/ekf_tb3_imu_odom.yaml
[0.252s] -- Up-to-date: /home/maikelborys/assignment_ws/src/robotics_software_engineer/install/module_6_assignment/share/ament_index/resource_index/package_run_dependencies/module_6_assignment
[0.252s] -- Up-to-date: /home/maikelborys/assignment_ws/src/robotics_software_engineer/install/module_6_assignment/share/ament_index/resource_index/parent_prefix_path/module_6_assignment
[0.252s] -- Up-to-date: /home/maikelborys/assignment_ws/src/robotics_software_engineer/install/module_6_assignment/share/module_6_assignment/environment/ament_prefix_path.sh
[0.252s] -- Installing: /home/maikelborys/assignment_ws/src/robotics_software_engineer/install/module_6_assignment/share/module_6_assignment/environment/ament_prefix_path.dsv
[0.252s] -- Up-to-date: /home/maikelborys/assignment_ws/src/robotics_software_engineer/install/module_6_assignment/share/module_6_assignment/environment/path.sh
[0.252s] -- Installing: /home/maikelborys/assignment_ws/src/robotics_software_engineer/install/module_6_assignment/share/module_6_assignment/environment/path.dsv
[0.253s] -- Up-to-date: /home/maikelborys/assignment_ws/src/robotics_software_engineer/install/module_6_assignment/share/module_6_assignment/local_setup.bash
[0.253s] -- Up-to-date: /home/maikelborys/assignment_ws/src/robotics_software_engineer/install/module_6_assignment/share/module_6_assignment/local_setup.sh
[0.253s] -- Up-to-date: /home/maikelborys/assignment_ws/src/robotics_software_engineer/install/module_6_assignment/share/module_6_assignment/local_setup.zsh
[0.253s] -- Installing: /home/maikelborys/assignment_ws/src/robotics_software_engineer/install/module_6_assignment/share/module_6_assignment/local_setup.dsv
[0.253s] -- Installing: /home/maikelborys/assignment_ws/src/robotics_software_engineer/install/module_6_assignment/share/module_6_assignment/package.dsv
[0.253s] -- Up-to-date: /home/maikelborys/assignment_ws/src/robotics_software_engineer/install/module_6_assignment/share/ament_index/resource_index/packages/module_6_assignment
[0.253s] -- Up-to-date: /home/maikelborys/assignment_ws/src/robotics_software_engineer/install/module_6_assignment/share/module_6_assignment/cmake/module_6_assignmentConfig.cmake
[0.253s] -- Up-to-date: /home/maikelborys/assignment_ws/src/robotics_software_engineer/install/module_6_assignment/share/module_6_assignment/cmake/module_6_assignmentConfig-version.cmake
[0.253s] -- Up-to-date: /home/maikelborys/assignment_ws/src/robotics_software_engineer/install/module_6_assignment/share/module_6_assignment/package.xml
[0.255s] Invoked command in '/home/maikelborys/assignment_ws/src/robotics_software_engineer/build/module_6_assignment' returned '0': CMAKE_PREFIX_PATH=${CMAKE_PREFIX_PATH}:/opt/ros/humble /usr/bin/cmake --install /home/maikelborys/assignment_ws/src/robotics_software_engineer/build/module_6_assignment
