[0.010s] Invoking command in '/home/maikelborys/assignment_ws/src/robotics_software_engineer/build/module_2_assignment': CMAKE_PREFIX_PATH=${CMAKE_PREFIX_PATH}:/opt/ros/humble /usr/bin/cmake --build /home/maikelborys/assignment_ws/src/robotics_software_engineer/build/module_2_assignment -- -j16 -l16
[0.046s] [35m[1mConsolidate compiler generated dependencies of target back_forth[0m
[0.059s] [ 66%] Built target spiral_drive
[0.059s] [ 66%] Built target circle_drive
[0.062s] [ 83%] [32mBuilding CXX object CMakeFiles/back_forth.dir/src/back_forth.cpp.o[0m
[3.093s] [100%] [32m[1mLinking CXX executable back_forth[0m
[3.249s] [100%] Built target back_forth
[3.260s] Invoked command in '/home/maikelborys/assignment_ws/src/robotics_software_engineer/build/module_2_assignment' returned '0': CMAKE_PREFIX_PATH=${CMAKE_PREFIX_PATH}:/opt/ros/humble /usr/bin/cmake --build /home/maikelborys/assignment_ws/src/robotics_software_engineer/build/module_2_assignment -- -j16 -l16
[3.270s] Invoking command in '/home/maikelborys/assignment_ws/src/robotics_software_engineer/build/module_2_assignment': CMAKE_PREFIX_PATH=${CMAKE_PREFIX_PATH}:/opt/ros/humble /usr/bin/cmake --install /home/maikelborys/assignment_ws/src/robotics_software_engineer/build/module_2_assignment
[3.276s] -- Install configuration: ""
[3.276s] -- Up-to-date: /home/maikelborys/assignment_ws/src/robotics_software_engineer/install/module_2_assignment/lib/module_2_assignment/circle_drive
[3.277s] -- Up-to-date: /home/maikelborys/assignment_ws/src/robotics_software_engineer/install/module_2_assignment/lib/module_2_assignment/spiral_drive
[3.277s] -- Installing: /home/maikelborys/assignment_ws/src/robotics_software_engineer/install/module_2_assignment/lib/module_2_assignment/back_forth
[3.278s] -- Set runtime path of "/home/maikelborys/assignment_ws/src/robotics_software_engineer/install/module_2_assignment/lib/module_2_assignment/back_forth" to ""
[3.278s] -- Up-to-date: /home/maikelborys/assignment_ws/src/robotics_software_engineer/install/module_2_assignment/share/module_2_assignment/launch
[3.278s] -- Installing: /home/maikelborys/assignment_ws/src/robotics_software_engineer/install/module_2_assignment/share/module_2_assignment/launch/spawn.launch.py
[3.278s] -- Up-to-date: /home/maikelborys/assignment_ws/src/robotics_software_engineer/install/module_2_assignment/share/module_2_assignment/launch/multi_nodes.launch.py
[3.279s] -- Up-to-date: /home/maikelborys/assignment_ws/src/robotics_software_engineer/install/module_2_assignment/share/module_2_assignment/launch/led_control.launch.py
[3.279s] -- Up-to-date: /home/maikelborys/assignment_ws/src/robotics_software_engineer/install/module_2_assignment/share/ament_index/resource_index/package_run_dependencies/module_2_assignment
[3.279s] -- Up-to-date: /home/maikelborys/assignment_ws/src/robotics_software_engineer/install/module_2_assignment/share/ament_index/resource_index/parent_prefix_path/module_2_assignment
[3.279s] -- Up-to-date: /home/maikelborys/assignment_ws/src/robotics_software_engineer/install/module_2_assignment/share/module_2_assignment/environment/ament_prefix_path.sh
[3.279s] -- Up-to-date: /home/maikelborys/assignment_ws/src/robotics_software_engineer/install/module_2_assignment/share/module_2_assignment/environment/ament_prefix_path.dsv
[3.279s] -- Up-to-date: /home/maikelborys/assignment_ws/src/robotics_software_engineer/install/module_2_assignment/share/module_2_assignment/environment/path.sh
[3.279s] -- Up-to-date: /home/maikelborys/assignment_ws/src/robotics_software_engineer/install/module_2_assignment/share/module_2_assignment/environment/path.dsv
[3.279s] -- Up-to-date: /home/maikelborys/assignment_ws/src/robotics_software_engineer/install/module_2_assignment/share/module_2_assignment/local_setup.bash
[3.279s] -- Up-to-date: /home/maikelborys/assignment_ws/src/robotics_software_engineer/install/module_2_assignment/share/module_2_assignment/local_setup.sh
[3.279s] -- Up-to-date: /home/maikelborys/assignment_ws/src/robotics_software_engineer/install/module_2_assignment/share/module_2_assignment/local_setup.zsh
[3.279s] -- Up-to-date: /home/maikelborys/assignment_ws/src/robotics_software_engineer/install/module_2_assignment/share/module_2_assignment/local_setup.dsv
[3.279s] -- Installing: /home/maikelborys/assignment_ws/src/robotics_software_engineer/install/module_2_assignment/share/module_2_assignment/package.dsv
[3.279s] -- Up-to-date: /home/maikelborys/assignment_ws/src/robotics_software_engineer/install/module_2_assignment/share/ament_index/resource_index/packages/module_2_assignment
[3.279s] -- Up-to-date: /home/maikelborys/assignment_ws/src/robotics_software_engineer/install/module_2_assignment/share/module_2_assignment/cmake/module_2_assignmentConfig.cmake
[3.279s] -- Up-to-date: /home/maikelborys/assignment_ws/src/robotics_software_engineer/install/module_2_assignment/share/module_2_assignment/cmake/module_2_assignmentConfig-version.cmake
[3.279s] -- Up-to-date: /home/maikelborys/assignment_ws/src/robotics_software_engineer/install/module_2_assignment/share/module_2_assignment/package.xml
[3.281s] Invoked command in '/home/maikelborys/assignment_ws/src/robotics_software_engineer/build/module_2_assignment' returned '0': CMAKE_PREFIX_PATH=${CMAKE_PREFIX_PATH}:/opt/ros/humble /usr/bin/cmake --install /home/maikelborys/assignment_ws/src/robotics_software_engineer/build/module_2_assignment
