[0.012s] Invoking command in '/home/maikelborys/assignment_ws/src/robotics_software_engineer/build/module_8_assignment': CMAKE_PREFIX_PATH=${CMAKE_PREFIX_PATH}:/opt/ros/humble /usr/bin/cmake --build /home/maikelborys/assignment_ws/src/robotics_software_engineer/build/module_8_assignment -- -j16 -l16
[0.061s] [ 18%] Built target rrt_node
[0.062s] [ 18%] Built target algo_astar
[0.062s] [ 36%] Built target gtest_main
[0.062s] [ 36%] Built target algo_grid_sweep
[0.062s] [ 45%] Built target gtest
[0.064s] [ 54%] Built target map_republisher_node
[0.064s] [ 63%] Built target occupancy_grid_node
[0.082s] [ 72%] Built target algo_rrt
[0.083s] [ 81%] Built target test_rrt_node
[0.093s] [35m[1mConsolidate compiler generated dependencies of target path_planning_node[0m
[0.103s] [ 90%] Built target test_rrt
[0.112s] [100%] Built target path_planning_node
[0.124s] Invoked command in '/home/maikelborys/assignment_ws/src/robotics_software_engineer/build/module_8_assignment' returned '0': CMAKE_PREFIX_PATH=${CMAKE_PREFIX_PATH}:/opt/ros/humble /usr/bin/cmake --build /home/maikelborys/assignment_ws/src/robotics_software_engineer/build/module_8_assignment -- -j16 -l16
[0.134s] Invoking command in '/home/maikelborys/assignment_ws/src/robotics_software_engineer/build/module_8_assignment': CMAKE_PREFIX_PATH=${CMAKE_PREFIX_PATH}:/opt/ros/humble /usr/bin/cmake --install /home/maikelborys/assignment_ws/src/robotics_software_engineer/build/module_8_assignment
[0.141s] -- Install configuration: ""
[0.141s] -- Up-to-date: /home/maikelborys/assignment_ws/src/robotics_software_engineer/install/module_8_assignment/share/module_8_assignment/launch
[0.141s] -- Up-to-date: /home/maikelborys/assignment_ws/src/robotics_software_engineer/install/module_8_assignment/share/module_8_assignment/launch/path_plan_rviz.launch.py
[0.141s] -- Installing: /home/maikelborys/assignment_ws/src/robotics_software_engineer/install/module_8_assignment/share/module_8_assignment/launch/map_loading_2d.launch.py
[0.141s] -- Up-to-date: /home/maikelborys/assignment_ws/src/robotics_software_engineer/install/module_8_assignment/share/module_8_assignment/launch/maze_tb3_bringup.launch.py
[0.142s] -- Up-to-date: /home/maikelborys/assignment_ws/src/robotics_software_engineer/install/module_8_assignment/share/module_8_assignment/config
[0.142s] -- Up-to-date: /home/maikelborys/assignment_ws/src/robotics_software_engineer/install/module_8_assignment/share/module_8_assignment/config/search_path_planning.rviz
[0.142s] -- Up-to-date: /home/maikelborys/assignment_ws/src/robotics_software_engineer/install/module_8_assignment/share/module_8_assignment/world
[0.142s] -- Up-to-date: /home/maikelborys/assignment_ws/src/robotics_software_engineer/install/module_8_assignment/share/module_8_assignment/world/maze.world
[0.142s] -- Up-to-date: /home/maikelborys/assignment_ws/src/robotics_software_engineer/install/module_8_assignment/share/module_8_assignment/map_gens
[0.142s] -- Up-to-date: /home/maikelborys/assignment_ws/src/robotics_software_engineer/install/module_8_assignment/share/module_8_assignment/map_gens/maze_map.yaml
[0.142s] -- Up-to-date: /home/maikelborys/assignment_ws/src/robotics_software_engineer/install/module_8_assignment/share/module_8_assignment/map_gens/maze_map.pgm
[0.142s] -- Up-to-date: /home/maikelborys/assignment_ws/src/robotics_software_engineer/install/module_8_assignment/lib/module_8_assignment/occupancy_grid_node
[0.142s] -- Up-to-date: /home/maikelborys/assignment_ws/src/robotics_software_engineer/install/module_8_assignment/lib/module_8_assignment/path_planning_node
[0.143s] -- Up-to-date: /home/maikelborys/assignment_ws/src/robotics_software_engineer/install/module_8_assignment/lib/module_8_assignment/map_republisher_node
[0.143s] -- Up-to-date: /home/maikelborys/assignment_ws/src/robotics_software_engineer/install/module_8_assignment/share/ament_index/resource_index/package_run_dependencies/module_8_assignment
[0.143s] -- Up-to-date: /home/maikelborys/assignment_ws/src/robotics_software_engineer/install/module_8_assignment/share/ament_index/resource_index/parent_prefix_path/module_8_assignment
[0.143s] -- Up-to-date: /home/maikelborys/assignment_ws/src/robotics_software_engineer/install/module_8_assignment/share/module_8_assignment/environment/ament_prefix_path.sh
[0.143s] -- Up-to-date: /home/maikelborys/assignment_ws/src/robotics_software_engineer/install/module_8_assignment/share/module_8_assignment/environment/ament_prefix_path.dsv
[0.143s] -- Up-to-date: /home/maikelborys/assignment_ws/src/robotics_software_engineer/install/module_8_assignment/share/module_8_assignment/environment/path.sh
[0.143s] -- Up-to-date: /home/maikelborys/assignment_ws/src/robotics_software_engineer/install/module_8_assignment/share/module_8_assignment/environment/path.dsv
[0.143s] -- Up-to-date: /home/maikelborys/assignment_ws/src/robotics_software_engineer/install/module_8_assignment/share/module_8_assignment/local_setup.bash
[0.143s] -- Up-to-date: /home/maikelborys/assignment_ws/src/robotics_software_engineer/install/module_8_assignment/share/module_8_assignment/local_setup.sh
[0.143s] -- Up-to-date: /home/maikelborys/assignment_ws/src/robotics_software_engineer/install/module_8_assignment/share/module_8_assignment/local_setup.zsh
[0.144s] -- Up-to-date: /home/maikelborys/assignment_ws/src/robotics_software_engineer/install/module_8_assignment/share/module_8_assignment/local_setup.dsv
[0.144s] -- Installing: /home/maikelborys/assignment_ws/src/robotics_software_engineer/install/module_8_assignment/share/module_8_assignment/package.dsv
[0.144s] -- Up-to-date: /home/maikelborys/assignment_ws/src/robotics_software_engineer/install/module_8_assignment/share/ament_index/resource_index/packages/module_8_assignment
[0.144s] -- Up-to-date: /home/maikelborys/assignment_ws/src/robotics_software_engineer/install/module_8_assignment/share/module_8_assignment/cmake/module_8_assignmentConfig.cmake
[0.144s] -- Up-to-date: /home/maikelborys/assignment_ws/src/robotics_software_engineer/install/module_8_assignment/share/module_8_assignment/cmake/module_8_assignmentConfig-version.cmake
[0.144s] -- Up-to-date: /home/maikelborys/assignment_ws/src/robotics_software_engineer/install/module_8_assignment/share/module_8_assignment/package.xml
[0.145s] Invoked command in '/home/maikelborys/assignment_ws/src/robotics_software_engineer/build/module_8_assignment' returned '0': CMAKE_PREFIX_PATH=${CMAKE_PREFIX_PATH}:/opt/ros/humble /usr/bin/cmake --install /home/maikelborys/assignment_ws/src/robotics_software_engineer/build/module_8_assignment
