[0.078s] DEBUG:colcon:Command line arguments: ['/usr/bin/colcon', 'build', '--packages-select', 'module_3_assignment']
[0.078s] DEBUG:colcon:Parsed command line arguments: Namespace(log_base=None, log_level=None, verb_name='build', build_base='build', install_base='install', merge_install=False, symlink_install=False, test_result_base=None, continue_on_error=False, executor='parallel', parallel_workers=16, event_handlers=None, ignore_user_meta=False, metas=['./colcon.meta'], base_paths=['.'], packages_ignore=None, packages_ignore_regex=None, paths=None, packages_up_to=None, packages_up_to_regex=None, packages_above=None, packages_above_and_dependencies=None, packages_above_depth=None, packages_select_by_dep=None, packages_skip_by_dep=None, packages_skip_up_to=None, packages_select_build_failed=False, packages_skip_build_finished=False, packages_select_test_failures=False, packages_skip_test_passed=False, packages_select=['module_3_assignment'], packages_skip=None, packages_select_regex=None, packages_skip_regex=None, packages_start=None, packages_end=None, allow_overriding=[], cmake_args=None, cmake_target=None, cmake_target_skip_unavailable=False, cmake_clean_cache=False, cmake_clean_first=False, cmake_force_configure=False, ament_cmake_args=None, catkin_cmake_args=None, catkin_skip_building_tests=False, mixin_files=None, mixin=None, verb_parser=<colcon_mixin.mixin.mixin_argument.MixinArgumentDecorator object at 0x760d39ccdc90>, verb_extension=<colcon_core.verb.build.BuildVerb object at 0x760d39ccd6c0>, main=<bound method BuildVerb.main of <colcon_core.verb.build.BuildVerb object at 0x760d39ccd6c0>>, mixin_verb=('build',))
[0.207s] Level 1:colcon.colcon_core.package_discovery:discover_packages(colcon_meta) check parameters
[0.207s] Level 1:colcon.colcon_core.package_discovery:discover_packages(recursive) check parameters
[0.208s] Level 1:colcon.colcon_core.package_discovery:discover_packages(ignore) check parameters
[0.208s] Level 1:colcon.colcon_core.package_discovery:discover_packages(path) check parameters
[0.208s] Level 1:colcon.colcon_core.package_discovery:discover_packages(colcon_meta) discover
[0.208s] Level 1:colcon.colcon_core.package_discovery:discover_packages(recursive) discover
[0.208s] INFO:colcon.colcon_core.package_discovery:Crawling recursively for packages in '/home/maikelborys/assignment_ws/src/robotics_software_engineer'
[0.208s] Level 1:colcon.colcon_core.package_identification:_identify(.) by extensions ['ignore', 'ignore_ament_install']
[0.208s] Level 1:colcon.colcon_core.package_identification:_identify(.) by extension 'ignore'
[0.208s] Level 1:colcon.colcon_core.package_identification:_identify(.) by extension 'ignore_ament_install'
[0.208s] Level 1:colcon.colcon_core.package_identification:_identify(.) by extensions ['colcon_pkg']
[0.208s] Level 1:colcon.colcon_core.package_identification:_identify(.) by extension 'colcon_pkg'
[0.208s] Level 1:colcon.colcon_core.package_identification:_identify(.) by extensions ['colcon_meta']
[0.208s] Level 1:colcon.colcon_core.package_identification:_identify(.) by extension 'colcon_meta'
[0.208s] Level 1:colcon.colcon_core.package_identification:_identify(.) by extensions ['ros']
[0.208s] Level 1:colcon.colcon_core.package_identification:_identify(.) by extension 'ros'
[0.216s] Level 1:colcon.colcon_core.package_identification:_identify(.) by extensions ['cmake', 'python']
[0.216s] Level 1:colcon.colcon_core.package_identification:_identify(.) by extension 'cmake'
[0.216s] Level 1:colcon.colcon_core.package_identification:_identify(.) by extension 'python'
[0.216s] Level 1:colcon.colcon_core.package_identification:_identify(.) by extensions ['python_setup_py']
[0.216s] Level 1:colcon.colcon_core.package_identification:_identify(.) by extension 'python_setup_py'
[0.216s] Level 1:colcon.colcon_core.package_identification:_identify(build) by extensions ['ignore', 'ignore_ament_install']
[0.216s] Level 1:colcon.colcon_core.package_identification:_identify(build) by extension 'ignore'
[0.216s] Level 1:colcon.colcon_core.package_identification:_identify(build) ignored
[0.216s] Level 1:colcon.colcon_core.package_identification:_identify(install) by extensions ['ignore', 'ignore_ament_install']
[0.216s] Level 1:colcon.colcon_core.package_identification:_identify(install) by extension 'ignore'
[0.216s] Level 1:colcon.colcon_core.package_identification:_identify(install) ignored
[0.216s] Level 1:colcon.colcon_core.package_identification:_identify(log) by extensions ['ignore', 'ignore_ament_install']
[0.217s] Level 1:colcon.colcon_core.package_identification:_identify(log) by extension 'ignore'
[0.217s] Level 1:colcon.colcon_core.package_identification:_identify(log) ignored
[0.217s] Level 1:colcon.colcon_core.package_identification:_identify(module_1_assignment) by extensions ['ignore', 'ignore_ament_install']
[0.217s] Level 1:colcon.colcon_core.package_identification:_identify(module_1_assignment) by extension 'ignore'
[0.217s] Level 1:colcon.colcon_core.package_identification:_identify(module_1_assignment) by extension 'ignore_ament_install'
[0.217s] Level 1:colcon.colcon_core.package_identification:_identify(module_1_assignment) by extensions ['colcon_pkg']
[0.217s] Level 1:colcon.colcon_core.package_identification:_identify(module_1_assignment) by extension 'colcon_pkg'
[0.217s] Level 1:colcon.colcon_core.package_identification:_identify(module_1_assignment) by extensions ['colcon_meta']
[0.217s] Level 1:colcon.colcon_core.package_identification:_identify(module_1_assignment) by extension 'colcon_meta'
[0.217s] Level 1:colcon.colcon_core.package_identification:_identify(module_1_assignment) by extensions ['ros']
[0.217s] Level 1:colcon.colcon_core.package_identification:_identify(module_1_assignment) by extension 'ros'
[0.219s] DEBUG:colcon.colcon_core.package_identification:Package 'module_1_assignment' with type 'ros.ament_cmake' and name 'module_1_assignment'
[0.219s] Level 1:colcon.colcon_core.package_identification:_identify(module_2_assignment) by extensions ['ignore', 'ignore_ament_install']
[0.219s] Level 1:colcon.colcon_core.package_identification:_identify(module_2_assignment) by extension 'ignore'
[0.219s] Level 1:colcon.colcon_core.package_identification:_identify(module_2_assignment) by extension 'ignore_ament_install'
[0.219s] Level 1:colcon.colcon_core.package_identification:_identify(module_2_assignment) by extensions ['colcon_pkg']
[0.219s] Level 1:colcon.colcon_core.package_identification:_identify(module_2_assignment) by extension 'colcon_pkg'
[0.219s] Level 1:colcon.colcon_core.package_identification:_identify(module_2_assignment) by extensions ['colcon_meta']
[0.219s] Level 1:colcon.colcon_core.package_identification:_identify(module_2_assignment) by extension 'colcon_meta'
[0.219s] Level 1:colcon.colcon_core.package_identification:_identify(module_2_assignment) by extensions ['ros']
[0.219s] Level 1:colcon.colcon_core.package_identification:_identify(module_2_assignment) by extension 'ros'
[0.219s] DEBUG:colcon.colcon_core.package_identification:Package 'module_2_assignment' with type 'ros.ament_cmake' and name 'module_2_assignment'
[0.219s] Level 1:colcon.colcon_core.package_identification:_identify(module_3_assignment) by extensions ['ignore', 'ignore_ament_install']
[0.219s] Level 1:colcon.colcon_core.package_identification:_identify(module_3_assignment) by extension 'ignore'
[0.219s] Level 1:colcon.colcon_core.package_identification:_identify(module_3_assignment) by extension 'ignore_ament_install'
[0.219s] Level 1:colcon.colcon_core.package_identification:_identify(module_3_assignment) by extensions ['colcon_pkg']
[0.219s] Level 1:colcon.colcon_core.package_identification:_identify(module_3_assignment) by extension 'colcon_pkg'
[0.219s] Level 1:colcon.colcon_core.package_identification:_identify(module_3_assignment) by extensions ['colcon_meta']
[0.219s] Level 1:colcon.colcon_core.package_identification:_identify(module_3_assignment) by extension 'colcon_meta'
[0.220s] Level 1:colcon.colcon_core.package_identification:_identify(module_3_assignment) by extensions ['ros']
[0.220s] Level 1:colcon.colcon_core.package_identification:_identify(module_3_assignment) by extension 'ros'
[0.220s] DEBUG:colcon.colcon_core.package_identification:Package 'module_3_assignment' with type 'ros.ament_cmake' and name 'module_3_assignment'
[0.220s] Level 1:colcon.colcon_core.package_identification:_identify(module_4_assessment) by extensions ['ignore', 'ignore_ament_install']
[0.220s] Level 1:colcon.colcon_core.package_identification:_identify(module_4_assessment) by extension 'ignore'
[0.220s] Level 1:colcon.colcon_core.package_identification:_identify(module_4_assessment) by extension 'ignore_ament_install'
[0.220s] Level 1:colcon.colcon_core.package_identification:_identify(module_4_assessment) by extensions ['colcon_pkg']
[0.220s] Level 1:colcon.colcon_core.package_identification:_identify(module_4_assessment) by extension 'colcon_pkg'
[0.220s] Level 1:colcon.colcon_core.package_identification:_identify(module_4_assessment) by extensions ['colcon_meta']
[0.220s] Level 1:colcon.colcon_core.package_identification:_identify(module_4_assessment) by extension 'colcon_meta'
[0.220s] Level 1:colcon.colcon_core.package_identification:_identify(module_4_assessment) by extensions ['ros']
[0.220s] Level 1:colcon.colcon_core.package_identification:_identify(module_4_assessment) by extension 'ros'
[0.220s] Level 1:colcon.colcon_core.package_identification:_identify(module_4_assessment) by extensions ['cmake', 'python']
[0.220s] Level 1:colcon.colcon_core.package_identification:_identify(module_4_assessment) by extension 'cmake'
[0.220s] Level 1:colcon.colcon_core.package_identification:_identify(module_4_assessment) by extension 'python'
[0.220s] Level 1:colcon.colcon_core.package_identification:_identify(module_4_assessment) by extensions ['python_setup_py']
[0.220s] Level 1:colcon.colcon_core.package_identification:_identify(module_4_assessment) by extension 'python_setup_py'
[0.221s] Level 1:colcon.colcon_core.package_identification:_identify(module_4_assessment/module_4_assignment) by extensions ['ignore', 'ignore_ament_install']
[0.221s] Level 1:colcon.colcon_core.package_identification:_identify(module_4_assessment/module_4_assignment) by extension 'ignore'
[0.221s] Level 1:colcon.colcon_core.package_identification:_identify(module_4_assessment/module_4_assignment) by extension 'ignore_ament_install'
[0.221s] Level 1:colcon.colcon_core.package_identification:_identify(module_4_assessment/module_4_assignment) by extensions ['colcon_pkg']
[0.221s] Level 1:colcon.colcon_core.package_identification:_identify(module_4_assessment/module_4_assignment) by extension 'colcon_pkg'
[0.221s] Level 1:colcon.colcon_core.package_identification:_identify(module_4_assessment/module_4_assignment) by extensions ['colcon_meta']
[0.221s] Level 1:colcon.colcon_core.package_identification:_identify(module_4_assessment/module_4_assignment) by extension 'colcon_meta'
[0.221s] Level 1:colcon.colcon_core.package_identification:_identify(module_4_assessment/module_4_assignment) by extensions ['ros']
[0.221s] Level 1:colcon.colcon_core.package_identification:_identify(module_4_assessment/module_4_assignment) by extension 'ros'
[0.221s] DEBUG:colcon.colcon_core.package_identification:Package 'module_4_assessment/module_4_assignment' with type 'ros.ament_cmake' and name 'module_4_assignment'
[0.221s] Level 1:colcon.colcon_core.package_identification:_identify(module_4_assessment/robot_sensing_debug) by extensions ['ignore', 'ignore_ament_install']
[0.221s] Level 1:colcon.colcon_core.package_identification:_identify(module_4_assessment/robot_sensing_debug) by extension 'ignore'
[0.221s] Level 1:colcon.colcon_core.package_identification:_identify(module_4_assessment/robot_sensing_debug) by extension 'ignore_ament_install'
[0.221s] Level 1:colcon.colcon_core.package_identification:_identify(module_4_assessment/robot_sensing_debug) by extensions ['colcon_pkg']
[0.221s] Level 1:colcon.colcon_core.package_identification:_identify(module_4_assessment/robot_sensing_debug) by extension 'colcon_pkg'
[0.221s] Level 1:colcon.colcon_core.package_identification:_identify(module_4_assessment/robot_sensing_debug) by extensions ['colcon_meta']
[0.221s] Level 1:colcon.colcon_core.package_identification:_identify(module_4_assessment/robot_sensing_debug) by extension 'colcon_meta'
[0.221s] Level 1:colcon.colcon_core.package_identification:_identify(module_4_assessment/robot_sensing_debug) by extensions ['ros']
[0.221s] Level 1:colcon.colcon_core.package_identification:_identify(module_4_assessment/robot_sensing_debug) by extension 'ros'
[0.222s] DEBUG:colcon.colcon_core.package_identification:Package 'module_4_assessment/robot_sensing_debug' with type 'ros.ament_cmake' and name 'robot_sensing_debug'
[0.222s] Level 1:colcon.colcon_core.package_identification:_identify(module_5_assignment) by extensions ['ignore', 'ignore_ament_install']
[0.222s] Level 1:colcon.colcon_core.package_identification:_identify(module_5_assignment) by extension 'ignore'
[0.222s] Level 1:colcon.colcon_core.package_identification:_identify(module_5_assignment) by extension 'ignore_ament_install'
[0.222s] Level 1:colcon.colcon_core.package_identification:_identify(module_5_assignment) by extensions ['colcon_pkg']
[0.222s] Level 1:colcon.colcon_core.package_identification:_identify(module_5_assignment) by extension 'colcon_pkg'
[0.222s] Level 1:colcon.colcon_core.package_identification:_identify(module_5_assignment) by extensions ['colcon_meta']
[0.222s] Level 1:colcon.colcon_core.package_identification:_identify(module_5_assignment) by extension 'colcon_meta'
[0.222s] Level 1:colcon.colcon_core.package_identification:_identify(module_5_assignment) by extensions ['ros']
[0.222s] Level 1:colcon.colcon_core.package_identification:_identify(module_5_assignment) by extension 'ros'
[0.223s] DEBUG:colcon.colcon_core.package_identification:Package 'module_5_assignment' with type 'ros.ament_cmake' and name 'module_5_assignment'
[0.223s] Level 1:colcon.colcon_core.package_identification:_identify(module_6_assignment) by extensions ['ignore', 'ignore_ament_install']
[0.223s] Level 1:colcon.colcon_core.package_identification:_identify(module_6_assignment) by extension 'ignore'
[0.223s] Level 1:colcon.colcon_core.package_identification:_identify(module_6_assignment) by extension 'ignore_ament_install'
[0.223s] Level 1:colcon.colcon_core.package_identification:_identify(module_6_assignment) by extensions ['colcon_pkg']
[0.223s] Level 1:colcon.colcon_core.package_identification:_identify(module_6_assignment) by extension 'colcon_pkg'
[0.223s] Level 1:colcon.colcon_core.package_identification:_identify(module_6_assignment) by extensions ['colcon_meta']
[0.223s] Level 1:colcon.colcon_core.package_identification:_identify(module_6_assignment) by extension 'colcon_meta'
[0.223s] Level 1:colcon.colcon_core.package_identification:_identify(module_6_assignment) by extensions ['ros']
[0.223s] Level 1:colcon.colcon_core.package_identification:_identify(module_6_assignment) by extension 'ros'
[0.223s] DEBUG:colcon.colcon_core.package_identification:Package 'module_6_assignment' with type 'ros.ament_cmake' and name 'module_6_assignment'
[0.223s] Level 1:colcon.colcon_core.package_identification:_identify(module_7_assignment) by extensions ['ignore', 'ignore_ament_install']
[0.223s] Level 1:colcon.colcon_core.package_identification:_identify(module_7_assignment) by extension 'ignore'
[0.223s] Level 1:colcon.colcon_core.package_identification:_identify(module_7_assignment) by extension 'ignore_ament_install'
[0.223s] Level 1:colcon.colcon_core.package_identification:_identify(module_7_assignment) by extensions ['colcon_pkg']
[0.224s] Level 1:colcon.colcon_core.package_identification:_identify(module_7_assignment) by extension 'colcon_pkg'
[0.224s] Level 1:colcon.colcon_core.package_identification:_identify(module_7_assignment) by extensions ['colcon_meta']
[0.224s] Level 1:colcon.colcon_core.package_identification:_identify(module_7_assignment) by extension 'colcon_meta'
[0.224s] Level 1:colcon.colcon_core.package_identification:_identify(module_7_assignment) by extensions ['ros']
[0.224s] Level 1:colcon.colcon_core.package_identification:_identify(module_7_assignment) by extension 'ros'
[0.224s] DEBUG:colcon.colcon_core.package_identification:Package 'module_7_assignment' with type 'ros.ament_cmake' and name 'module_7_assignment'
[0.224s] Level 1:colcon.colcon_core.package_identification:_identify(module_8_assignment) by extensions ['ignore', 'ignore_ament_install']
[0.224s] Level 1:colcon.colcon_core.package_identification:_identify(module_8_assignment) by extension 'ignore'
[0.224s] Level 1:colcon.colcon_core.package_identification:_identify(module_8_assignment) by extension 'ignore_ament_install'
[0.224s] Level 1:colcon.colcon_core.package_identification:_identify(module_8_assignment) by extensions ['colcon_pkg']
[0.224s] Level 1:colcon.colcon_core.package_identification:_identify(module_8_assignment) by extension 'colcon_pkg'
[0.224s] Level 1:colcon.colcon_core.package_identification:_identify(module_8_assignment) by extensions ['colcon_meta']
[0.224s] Level 1:colcon.colcon_core.package_identification:_identify(module_8_assignment) by extension 'colcon_meta'
[0.224s] Level 1:colcon.colcon_core.package_identification:_identify(module_8_assignment) by extensions ['ros']
[0.224s] Level 1:colcon.colcon_core.package_identification:_identify(module_8_assignment) by extension 'ros'
[0.225s] DEBUG:colcon.colcon_core.package_identification:Package 'module_8_assignment' with type 'ros.ament_cmake' and name 'module_8_assignment'
[0.225s] Level 1:colcon.colcon_core.package_discovery:discover_packages(recursive) using defaults
[0.225s] Level 1:colcon.colcon_core.package_discovery:discover_packages(ignore) discover
[0.225s] Level 1:colcon.colcon_core.package_discovery:discover_packages(ignore) using defaults
[0.225s] Level 1:colcon.colcon_core.package_discovery:discover_packages(path) discover
[0.225s] Level 1:colcon.colcon_core.package_discovery:discover_packages(path) using defaults
[0.248s] INFO:colcon.colcon_core.package_selection:Skipping not selected package 'module_1_assignment' in 'module_1_assignment'
[0.248s] INFO:colcon.colcon_core.package_selection:Skipping not selected package 'module_2_assignment' in 'module_2_assignment'
[0.248s] INFO:colcon.colcon_core.package_selection:Skipping not selected package 'module_4_assignment' in 'module_4_assessment/module_4_assignment'
[0.248s] INFO:colcon.colcon_core.package_selection:Skipping not selected package 'module_5_assignment' in 'module_5_assignment'
[0.248s] INFO:colcon.colcon_core.package_selection:Skipping not selected package 'module_6_assignment' in 'module_6_assignment'
[0.248s] INFO:colcon.colcon_core.package_selection:Skipping not selected package 'module_7_assignment' in 'module_7_assignment'
[0.248s] INFO:colcon.colcon_core.package_selection:Skipping not selected package 'module_8_assignment' in 'module_8_assignment'
[0.248s] INFO:colcon.colcon_core.package_selection:Skipping not selected package 'robot_sensing_debug' in 'module_4_assessment/robot_sensing_debug'
[0.248s] Level 1:colcon.colcon_core.package_discovery:discover_packages(prefix_path) check parameters
[0.248s] Level 1:colcon.colcon_core.package_discovery:discover_packages(prefix_path) discover
[0.249s] WARNING:colcon.colcon_core.prefix_path.colcon:The path '/home/maikelborys/robotisim_ws/install' in the environment variable COLCON_PREFIX_PATH doesn't exist
[0.249s] WARNING:colcon.colcon_ros.prefix_path.ament:The path '/home/maikelborys/assignment_ws/src/robotics_software_engineer/install/robot_sensing_debug' in the environment variable AMENT_PREFIX_PATH doesn't exist
[0.249s] WARNING:colcon.colcon_ros.prefix_path.ament:The path '/home/maikelborys/assignment_ws/src/robotics_software_engineer/install/module_8_assignment' in the environment variable AMENT_PREFIX_PATH doesn't exist
[0.249s] WARNING:colcon.colcon_ros.prefix_path.ament:The path '/home/maikelborys/assignment_ws/src/robotics_software_engineer/install/module_7_assignment' in the environment variable AMENT_PREFIX_PATH doesn't exist
[0.249s] WARNING:colcon.colcon_ros.prefix_path.ament:The path '/home/maikelborys/assignment_ws/src/robotics_software_engineer/install/module_6_assignment' in the environment variable AMENT_PREFIX_PATH doesn't exist
[0.249s] WARNING:colcon.colcon_ros.prefix_path.ament:The path '/home/maikelborys/assignment_ws/src/robotics_software_engineer/install/module_5_assignment' in the environment variable AMENT_PREFIX_PATH doesn't exist
[0.249s] WARNING:colcon.colcon_ros.prefix_path.ament:The path '/home/maikelborys/assignment_ws/src/robotics_software_engineer/install/module_4_assignment' in the environment variable AMENT_PREFIX_PATH doesn't exist
[0.249s] WARNING:colcon.colcon_ros.prefix_path.ament:The path '/home/maikelborys/assignment_ws/src/robotics_software_engineer/install/module_2_assignment' in the environment variable AMENT_PREFIX_PATH doesn't exist
[0.249s] WARNING:colcon.colcon_ros.prefix_path.ament:The path '/home/maikelborys/assignment_ws/src/robotics_software_engineer/install/module_1_assignment' in the environment variable AMENT_PREFIX_PATH doesn't exist
[0.249s] WARNING:colcon.colcon_ros.prefix_path.ament:The path '/home/maikelborys/robotisim_ws/install/drive_mobile_robot' in the environment variable AMENT_PREFIX_PATH doesn't exist
[0.249s] WARNING:colcon.colcon_ros.prefix_path.catkin:The path '/home/maikelborys/assignment_ws/src/robotics_software_engineer/install/robot_sensing_debug' in the environment variable CMAKE_PREFIX_PATH doesn't exist
[0.249s] WARNING:colcon.colcon_ros.prefix_path.catkin:The path '/home/maikelborys/assignment_ws/src/robotics_software_engineer/install/module_8_assignment' in the environment variable CMAKE_PREFIX_PATH doesn't exist
[0.249s] WARNING:colcon.colcon_ros.prefix_path.catkin:The path '/home/maikelborys/assignment_ws/src/robotics_software_engineer/install/module_7_assignment' in the environment variable CMAKE_PREFIX_PATH doesn't exist
[0.249s] WARNING:colcon.colcon_ros.prefix_path.catkin:The path '/home/maikelborys/assignment_ws/src/robotics_software_engineer/install/module_6_assignment' in the environment variable CMAKE_PREFIX_PATH doesn't exist
[0.249s] WARNING:colcon.colcon_ros.prefix_path.catkin:The path '/home/maikelborys/assignment_ws/src/robotics_software_engineer/install/module_5_assignment' in the environment variable CMAKE_PREFIX_PATH doesn't exist
[0.249s] WARNING:colcon.colcon_ros.prefix_path.catkin:The path '/home/maikelborys/assignment_ws/src/robotics_software_engineer/install/module_4_assignment' in the environment variable CMAKE_PREFIX_PATH doesn't exist
[0.249s] WARNING:colcon.colcon_ros.prefix_path.catkin:The path '/home/maikelborys/assignment_ws/src/robotics_software_engineer/install/module_2_assignment' in the environment variable CMAKE_PREFIX_PATH doesn't exist
[0.249s] WARNING:colcon.colcon_ros.prefix_path.catkin:The path '/home/maikelborys/assignment_ws/src/robotics_software_engineer/install/module_1_assignment' in the environment variable CMAKE_PREFIX_PATH doesn't exist
[0.249s] WARNING:colcon.colcon_ros.prefix_path.catkin:The path '/home/maikelborys/robotisim_ws/install/drive_mobile_robot' in the environment variable CMAKE_PREFIX_PATH doesn't exist
[0.250s] DEBUG:colcon.colcon_installed_package_information.package_discovery:Found 1 installed packages in /home/maikelborys/assignment_ws/src/robotics_software_engineer/install
[0.250s] DEBUG:colcon.colcon_installed_package_information.package_discovery:Found 2 installed packages in /home/maikelborys/ros2_ws/install
[0.252s] DEBUG:colcon.colcon_installed_package_information.package_discovery:Found 332 installed packages in /opt/ros/humble
[0.253s] Level 1:colcon.colcon_core.package_discovery:discover_packages(prefix_path) using defaults
[0.286s] Level 5:colcon.colcon_core.verb:set package 'module_3_assignment' build argument 'cmake_args' from command line to 'None'
[0.286s] Level 5:colcon.colcon_core.verb:set package 'module_3_assignment' build argument 'cmake_target' from command line to 'None'
[0.286s] Level 5:colcon.colcon_core.verb:set package 'module_3_assignment' build argument 'cmake_target_skip_unavailable' from command line to 'False'
[0.286s] Level 5:colcon.colcon_core.verb:set package 'module_3_assignment' build argument 'cmake_clean_cache' from command line to 'False'
[0.286s] Level 5:colcon.colcon_core.verb:set package 'module_3_assignment' build argument 'cmake_clean_first' from command line to 'False'
[0.286s] Level 5:colcon.colcon_core.verb:set package 'module_3_assignment' build argument 'cmake_force_configure' from command line to 'False'
[0.286s] Level 5:colcon.colcon_core.verb:set package 'module_3_assignment' build argument 'ament_cmake_args' from command line to 'None'
[0.286s] Level 5:colcon.colcon_core.verb:set package 'module_3_assignment' build argument 'catkin_cmake_args' from command line to 'None'
[0.286s] Level 5:colcon.colcon_core.verb:set package 'module_3_assignment' build argument 'catkin_skip_building_tests' from command line to 'False'
[0.286s] DEBUG:colcon.colcon_core.verb:Building package 'module_3_assignment' with the following arguments: {'ament_cmake_args': None, 'build_base': '/home/maikelborys/assignment_ws/src/robotics_software_engineer/build/module_3_assignment', 'catkin_cmake_args': None, 'catkin_skip_building_tests': False, 'cmake_args': None, 'cmake_clean_cache': False, 'cmake_clean_first': False, 'cmake_force_configure': False, 'cmake_target': None, 'cmake_target_skip_unavailable': False, 'install_base': '/home/maikelborys/assignment_ws/src/robotics_software_engineer/install/module_3_assignment', 'merge_install': False, 'path': '/home/maikelborys/assignment_ws/src/robotics_software_engineer/module_3_assignment', 'symlink_install': False, 'test_result_base': None}
[0.286s] INFO:colcon.colcon_core.executor:Executing jobs using 'parallel' executor
[0.287s] DEBUG:colcon.colcon_parallel_executor.executor.parallel:run_until_complete
[0.288s] INFO:colcon.colcon_ros.task.ament_cmake.build:Building ROS package in '/home/maikelborys/assignment_ws/src/robotics_software_engineer/module_3_assignment' with build type 'ament_cmake'
[0.288s] INFO:colcon.colcon_cmake.task.cmake.build:Building CMake package in '/home/maikelborys/assignment_ws/src/robotics_software_engineer/module_3_assignment'
[0.290s] INFO:colcon.colcon_core.plugin_system:Skipping extension 'colcon_core.shell.bat': Not used on non-Windows systems
[0.290s] INFO:colcon.colcon_core.shell:Skip shell extension 'powershell' for command environment: Not usable outside of PowerShell
[0.290s] DEBUG:colcon.colcon_core.shell:Skip shell extension 'dsv' for command environment
[0.299s] DEBUG:colcon.colcon_core.event_handler.log_command:Invoking command in '/home/maikelborys/assignment_ws/src/robotics_software_engineer/build/module_3_assignment': CMAKE_PREFIX_PATH=${CMAKE_PREFIX_PATH}:/home/maikelborys/ros2_ws/install/ai_assitance:/opt/ros/humble /usr/bin/cmake --build /home/maikelborys/assignment_ws/src/robotics_software_engineer/build/module_3_assignment -- -j16 -l16
[3.874s] DEBUG:colcon.colcon_core.event_handler.log_command:Invoked command in '/home/maikelborys/assignment_ws/src/robotics_software_engineer/build/module_3_assignment' returned '0': CMAKE_PREFIX_PATH=${CMAKE_PREFIX_PATH}:/home/maikelborys/ros2_ws/install/ai_assitance:/opt/ros/humble /usr/bin/cmake --build /home/maikelborys/assignment_ws/src/robotics_software_engineer/build/module_3_assignment -- -j16 -l16
[3.884s] DEBUG:colcon.colcon_core.event_handler.log_command:Invoking command in '/home/maikelborys/assignment_ws/src/robotics_software_engineer/build/module_3_assignment': CMAKE_PREFIX_PATH=${CMAKE_PREFIX_PATH}:/home/maikelborys/ros2_ws/install/ai_assitance:/opt/ros/humble /usr/bin/cmake --install /home/maikelborys/assignment_ws/src/robotics_software_engineer/build/module_3_assignment
[3.895s] Level 1:colcon.colcon_core.environment:create_environment_scripts_only(module_3_assignment)
[3.895s] DEBUG:colcon.colcon_core.event_handler.log_command:Invoked command in '/home/maikelborys/assignment_ws/src/robotics_software_engineer/build/module_3_assignment' returned '0': CMAKE_PREFIX_PATH=${CMAKE_PREFIX_PATH}:/home/maikelborys/ros2_ws/install/ai_assitance:/opt/ros/humble /usr/bin/cmake --install /home/maikelborys/assignment_ws/src/robotics_software_engineer/build/module_3_assignment
[3.898s] Level 1:colcon.colcon_core.environment:checking '/home/maikelborys/assignment_ws/src/robotics_software_engineer/install/module_3_assignment' for CMake module files
[3.898s] Level 1:colcon.colcon_core.environment:checking '/home/maikelborys/assignment_ws/src/robotics_software_engineer/install/module_3_assignment' for CMake config files
[3.899s] Level 1:colcon.colcon_core.shell:create_environment_hook('module_3_assignment', 'cmake_prefix_path')
[3.899s] INFO:colcon.colcon_core.shell:Creating environment hook '/home/maikelborys/assignment_ws/src/robotics_software_engineer/install/module_3_assignment/share/module_3_assignment/hook/cmake_prefix_path.ps1'
[3.900s] INFO:colcon.colcon_core.shell:Creating environment descriptor '/home/maikelborys/assignment_ws/src/robotics_software_engineer/install/module_3_assignment/share/module_3_assignment/hook/cmake_prefix_path.dsv'
[3.900s] INFO:colcon.colcon_core.shell:Creating environment hook '/home/maikelborys/assignment_ws/src/robotics_software_engineer/install/module_3_assignment/share/module_3_assignment/hook/cmake_prefix_path.sh'
[3.901s] Level 1:colcon.colcon_core.environment:checking '/home/maikelborys/assignment_ws/src/robotics_software_engineer/install/module_3_assignment/lib'
[3.901s] Level 1:colcon.colcon_core.environment:checking '/home/maikelborys/assignment_ws/src/robotics_software_engineer/install/module_3_assignment/bin'
[3.901s] Level 1:colcon.colcon_core.environment:checking '/home/maikelborys/assignment_ws/src/robotics_software_engineer/install/module_3_assignment/lib/pkgconfig/module_3_assignment.pc'
[3.902s] Level 1:colcon.colcon_core.environment:checking '/home/maikelborys/assignment_ws/src/robotics_software_engineer/install/module_3_assignment/lib/python3.10/site-packages'
[3.902s] Level 1:colcon.colcon_core.environment:checking '/home/maikelborys/assignment_ws/src/robotics_software_engineer/install/module_3_assignment/bin'
[3.902s] INFO:colcon.colcon_core.shell:Creating package script '/home/maikelborys/assignment_ws/src/robotics_software_engineer/install/module_3_assignment/share/module_3_assignment/package.ps1'
[3.903s] INFO:colcon.colcon_core.shell:Creating package descriptor '/home/maikelborys/assignment_ws/src/robotics_software_engineer/install/module_3_assignment/share/module_3_assignment/package.dsv'
[3.904s] INFO:colcon.colcon_core.shell:Creating package script '/home/maikelborys/assignment_ws/src/robotics_software_engineer/install/module_3_assignment/share/module_3_assignment/package.sh'
[3.905s] INFO:colcon.colcon_core.shell:Creating package script '/home/maikelborys/assignment_ws/src/robotics_software_engineer/install/module_3_assignment/share/module_3_assignment/package.bash'
[3.905s] INFO:colcon.colcon_core.shell:Creating package script '/home/maikelborys/assignment_ws/src/robotics_software_engineer/install/module_3_assignment/share/module_3_assignment/package.zsh'
[3.906s] Level 1:colcon.colcon_core.environment:create_file_with_runtime_dependencies(/home/maikelborys/assignment_ws/src/robotics_software_engineer/install/module_3_assignment/share/colcon-core/packages/module_3_assignment)
[3.907s] Level 1:colcon.colcon_core.environment:create_environment_scripts_only(module_3_assignment)
[3.907s] Level 1:colcon.colcon_core.environment:checking '/home/maikelborys/assignment_ws/src/robotics_software_engineer/install/module_3_assignment' for CMake module files
[3.908s] Level 1:colcon.colcon_core.environment:checking '/home/maikelborys/assignment_ws/src/robotics_software_engineer/install/module_3_assignment' for CMake config files
[3.908s] Level 1:colcon.colcon_core.shell:create_environment_hook('module_3_assignment', 'cmake_prefix_path')
[3.908s] INFO:colcon.colcon_core.shell:Creating environment hook '/home/maikelborys/assignment_ws/src/robotics_software_engineer/install/module_3_assignment/share/module_3_assignment/hook/cmake_prefix_path.ps1'
[3.909s] INFO:colcon.colcon_core.shell:Creating environment descriptor '/home/maikelborys/assignment_ws/src/robotics_software_engineer/install/module_3_assignment/share/module_3_assignment/hook/cmake_prefix_path.dsv'
[3.909s] INFO:colcon.colcon_core.shell:Creating environment hook '/home/maikelborys/assignment_ws/src/robotics_software_engineer/install/module_3_assignment/share/module_3_assignment/hook/cmake_prefix_path.sh'
[3.910s] Level 1:colcon.colcon_core.environment:checking '/home/maikelborys/assignment_ws/src/robotics_software_engineer/install/module_3_assignment/lib'
[3.910s] Level 1:colcon.colcon_core.environment:checking '/home/maikelborys/assignment_ws/src/robotics_software_engineer/install/module_3_assignment/bin'
[3.910s] Level 1:colcon.colcon_core.environment:checking '/home/maikelborys/assignment_ws/src/robotics_software_engineer/install/module_3_assignment/lib/pkgconfig/module_3_assignment.pc'
[3.910s] Level 1:colcon.colcon_core.environment:checking '/home/maikelborys/assignment_ws/src/robotics_software_engineer/install/module_3_assignment/lib/python3.10/site-packages'
[3.910s] Level 1:colcon.colcon_core.environment:checking '/home/maikelborys/assignment_ws/src/robotics_software_engineer/install/module_3_assignment/bin'
[3.911s] INFO:colcon.colcon_core.shell:Creating package script '/home/maikelborys/assignment_ws/src/robotics_software_engineer/install/module_3_assignment/share/module_3_assignment/package.ps1'
[3.911s] INFO:colcon.colcon_core.shell:Creating package descriptor '/home/maikelborys/assignment_ws/src/robotics_software_engineer/install/module_3_assignment/share/module_3_assignment/package.dsv'
[3.912s] INFO:colcon.colcon_core.shell:Creating package script '/home/maikelborys/assignment_ws/src/robotics_software_engineer/install/module_3_assignment/share/module_3_assignment/package.sh'
[3.912s] INFO:colcon.colcon_core.shell:Creating package script '/home/maikelborys/assignment_ws/src/robotics_software_engineer/install/module_3_assignment/share/module_3_assignment/package.bash'
[3.913s] INFO:colcon.colcon_core.shell:Creating package script '/home/maikelborys/assignment_ws/src/robotics_software_engineer/install/module_3_assignment/share/module_3_assignment/package.zsh'
[3.913s] Level 1:colcon.colcon_core.environment:create_file_with_runtime_dependencies(/home/maikelborys/assignment_ws/src/robotics_software_engineer/install/module_3_assignment/share/colcon-core/packages/module_3_assignment)
[3.913s] DEBUG:colcon.colcon_parallel_executor.executor.parallel:closing loop
[3.914s] DEBUG:colcon.colcon_parallel_executor.executor.parallel:loop closed
[3.914s] DEBUG:colcon.colcon_parallel_executor.executor.parallel:run_until_complete finished with '0'
[3.914s] DEBUG:colcon.colcon_core.event_reactor:joining thread
[3.919s] INFO:colcon.colcon_core.plugin_system:Skipping extension 'colcon_notification.desktop_notification.terminal_notifier': Not used on non-Darwin systems
[3.920s] INFO:colcon.colcon_core.plugin_system:Skipping extension 'colcon_notification.desktop_notification.win32': Not used on non-Windows systems
[3.920s] INFO:colcon.colcon_notification.desktop_notification:Sending desktop notification using 'notify2'
[3.932s] DEBUG:colcon.colcon_core.event_reactor:joined thread
[3.932s] INFO:colcon.colcon_core.shell:Creating prefix script '/home/maikelborys/assignment_ws/src/robotics_software_engineer/install/local_setup.ps1'
[3.933s] INFO:colcon.colcon_core.shell:Creating prefix util module '/home/maikelborys/assignment_ws/src/robotics_software_engineer/install/_local_setup_util_ps1.py'
[3.935s] INFO:colcon.colcon_core.shell:Creating prefix chain script '/home/maikelborys/assignment_ws/src/robotics_software_engineer/install/setup.ps1'
[3.937s] INFO:colcon.colcon_core.shell:Creating prefix script '/home/maikelborys/assignment_ws/src/robotics_software_engineer/install/local_setup.sh'
[3.937s] INFO:colcon.colcon_core.shell:Creating prefix util module '/home/maikelborys/assignment_ws/src/robotics_software_engineer/install/_local_setup_util_sh.py'
[3.938s] INFO:colcon.colcon_core.shell:Creating prefix chain script '/home/maikelborys/assignment_ws/src/robotics_software_engineer/install/setup.sh'
[3.939s] INFO:colcon.colcon_core.shell:Creating prefix script '/home/maikelborys/assignment_ws/src/robotics_software_engineer/install/local_setup.bash'
[3.940s] INFO:colcon.colcon_core.shell:Creating prefix chain script '/home/maikelborys/assignment_ws/src/robotics_software_engineer/install/setup.bash'
[3.941s] INFO:colcon.colcon_core.shell:Creating prefix script '/home/maikelborys/assignment_ws/src/robotics_software_engineer/install/local_setup.zsh'
[3.942s] INFO:colcon.colcon_core.shell:Creating prefix chain script '/home/maikelborys/assignment_ws/src/robotics_software_engineer/install/setup.zsh'
