-- Found ament_cmake: 1.3.11 (/opt/ros/humble/share/ament_cmake/cmake)
-- Found rclcpp: 16.0.11 (/opt/ros/humble/share/rclcpp/cmake)
-- Found rosidl_generator_c: 3.1.6 (/opt/ros/humble/share/rosidl_generator_c/cmake)
-- Found rosidl_adapter: 3.1.6 (/opt/ros/humble/share/rosidl_adapter/cmake)
-- Found rosidl_generator_cpp: 3.1.6 (/opt/ros/humble/share/rosidl_generator_cpp/cmake)
-- Using all available rosidl_typesupport_c: rosidl_typesupport_fastrtps_c;rosidl_typesupport_introspection_c
-- Using all available rosidl_typesupport_cpp: rosidl_typesupport_fastrtps_cpp;rosidl_typesupport_introspection_cpp
-- Found rmw_implementation_cmake: 6.1.2 (/opt/ros/humble/share/rmw_implementation_cmake/cmake)
-- Found rmw_fastrtps_cpp: 6.2.7 (/opt/ros/humble/share/rmw_fastrtps_cpp/cmake)
-- Using RMW implementation 'rmw_fastrtps_cpp' as default
-- Found geometry_msgs: 4.2.4 (/opt/ros/humble/share/geometry_msgs/cmake)
-- Found nav_msgs: 4.2.4 (/opt/ros/humble/share/nav_msgs/cmake)
-- Found tf2_ros: 0.25.12 (/opt/ros/humble/share/tf2_ros/cmake)
-- Found ament_cmake_gtest: 1.3.11 (/opt/ros/humble/share/ament_cmake_gtest/cmake)
-- Found gtest sources under '/opt/ros/humble/src/gtest_vendor': C++ tests using 'Google Test' will be built
-- Configuring done
-- Generating done
-- Build files have been written to: /home/maikelborys/assignment_ws/src/robotics_software_engineer/build/module_8_assignment
[35m[1mConsolidate compiler generated dependencies of target algo_grid_sweep[0m
[35m[1mConsolidate compiler generated dependencies of target occupancy_grid_node[0m
[35m[1mConsolidate compiler generated dependencies of target gtest[0m
[35m[1mConsolidate compiler generated dependencies of target rrt_node[0m
[35m[1mConsolidate compiler generated dependencies of target algo_astar[0m
[35m[1mConsolidate compiler generated dependencies of target map_republisher_node[0m
[35m[1mConsolidate compiler generated dependencies of target gtest_main[0m
[  9%] [32mBuilding CXX object CMakeFiles/rrt_node.dir/src/algo_rrt_node.cpp.o[0m
[  9%] [32mBuilding CXX object CMakeFiles/algo_grid_sweep.dir/src/algo_gridsweep.cpp.o[0m
[ 18%] Built target gtest
[ 22%] [32mBuilding CXX object CMakeFiles/algo_astar.dir/src/algo_astar.cpp.o[0m
[ 31%] Built target gtest_main
[ 36%] [32mBuilding CXX object CMakeFiles/occupancy_grid_node.dir/src/occupancy_grid.cpp.o[0m
[ 40%] [32mBuilding CXX object CMakeFiles/map_republisher_node.dir/src/map_republisher.cpp.o[0m
[ 45%] [32m[1mLinking CXX static library librrt_node.a[0m
[ 45%] Built target rrt_node
[35m[1mConsolidate compiler generated dependencies of target algo_rrt[0m
[35m[1mConsolidate compiler generated dependencies of target test_rrt_node[0m
[ 50%] [32mBuilding CXX object CMakeFiles/algo_rrt.dir/src/algo_rrt.cpp.o[0m
[ 54%] [32mBuilding CXX object CMakeFiles/test_rrt_node.dir/test/test_rrt_node.cpp.o[0m
[ 59%] [32m[1mLinking CXX static library libalgo_grid_sweep.a[0m
[ 59%] Built target algo_grid_sweep
[ 63%] [32m[1mLinking CXX static library libalgo_astar.a[0m
[ 68%] [32m[1mLinking CXX static library libalgo_rrt.a[0m
[ 68%] Built target algo_astar
[ 68%] Built target algo_rrt
[35m[1mConsolidate compiler generated dependencies of target test_rrt[0m
[35m[1mConsolidate compiler generated dependencies of target path_planning_node[0m
[ 72%] [32mBuilding CXX object CMakeFiles/test_rrt.dir/test/test_rrt.cpp.o[0m
[ 77%] [32mBuilding CXX object CMakeFiles/path_planning_node.dir/src/path_planning.cpp.o[0m
[ 81%] [32m[1mLinking CXX executable test_rrt_node[0m
[ 81%] Built target test_rrt_node
[ 86%] [32m[1mLinking CXX executable test_rrt[0m
[ 86%] Built target test_rrt
[ 90%] [32m[1mLinking CXX executable occupancy_grid_node[0m
[ 90%] Built target occupancy_grid_node
[ 95%] [32m[1mLinking CXX executable map_republisher_node[0m
[ 95%] Built target map_republisher_node
[100%] [32m[1mLinking CXX executable path_planning_node[0m
[100%] Built target path_planning_node
-- Install configuration: ""
-- Up-to-date: /home/maikelborys/assignment_ws/src/robotics_software_engineer/install/module_8_assignment/share/module_8_assignment/launch
-- Up-to-date: /home/maikelborys/assignment_ws/src/robotics_software_engineer/install/module_8_assignment/share/module_8_assignment/launch/path_plan_rviz.launch.py
-- Up-to-date: /home/maikelborys/assignment_ws/src/robotics_software_engineer/install/module_8_assignment/share/module_8_assignment/launch/map_loading_2d.launch.py
-- Up-to-date: /home/maikelborys/assignment_ws/src/robotics_software_engineer/install/module_8_assignment/share/module_8_assignment/launch/maze_tb3_bringup.launch.py
-- Up-to-date: /home/maikelborys/assignment_ws/src/robotics_software_engineer/install/module_8_assignment/share/module_8_assignment/config
-- Up-to-date: /home/maikelborys/assignment_ws/src/robotics_software_engineer/install/module_8_assignment/share/module_8_assignment/config/search_path_planning.rviz
-- Up-to-date: /home/maikelborys/assignment_ws/src/robotics_software_engineer/install/module_8_assignment/share/module_8_assignment/world
-- Up-to-date: /home/maikelborys/assignment_ws/src/robotics_software_engineer/install/module_8_assignment/share/module_8_assignment/world/maze.world
-- Up-to-date: /home/maikelborys/assignment_ws/src/robotics_software_engineer/install/module_8_assignment/share/module_8_assignment/map_gens
-- Up-to-date: /home/maikelborys/assignment_ws/src/robotics_software_engineer/install/module_8_assignment/share/module_8_assignment/map_gens/maze_map.yaml
-- Up-to-date: /home/maikelborys/assignment_ws/src/robotics_software_engineer/install/module_8_assignment/share/module_8_assignment/map_gens/maze_map.pgm
-- Installing: /home/maikelborys/assignment_ws/src/robotics_software_engineer/install/module_8_assignment/lib/module_8_assignment/occupancy_grid_node
-- Set runtime path of "/home/maikelborys/assignment_ws/src/robotics_software_engineer/install/module_8_assignment/lib/module_8_assignment/occupancy_grid_node" to ""
-- Installing: /home/maikelborys/assignment_ws/src/robotics_software_engineer/install/module_8_assignment/lib/module_8_assignment/path_planning_node
-- Set runtime path of "/home/maikelborys/assignment_ws/src/robotics_software_engineer/install/module_8_assignment/lib/module_8_assignment/path_planning_node" to ""
-- Installing: /home/maikelborys/assignment_ws/src/robotics_software_engineer/install/module_8_assignment/lib/module_8_assignment/map_republisher_node
-- Set runtime path of "/home/maikelborys/assignment_ws/src/robotics_software_engineer/install/module_8_assignment/lib/module_8_assignment/map_republisher_node" to ""
-- Up-to-date: /home/maikelborys/assignment_ws/src/robotics_software_engineer/install/module_8_assignment/share/ament_index/resource_index/package_run_dependencies/module_8_assignment
-- Up-to-date: /home/maikelborys/assignment_ws/src/robotics_software_engineer/install/module_8_assignment/share/ament_index/resource_index/parent_prefix_path/module_8_assignment
-- Up-to-date: /home/maikelborys/assignment_ws/src/robotics_software_engineer/install/module_8_assignment/share/module_8_assignment/environment/ament_prefix_path.sh
-- Installing: /home/maikelborys/assignment_ws/src/robotics_software_engineer/install/module_8_assignment/share/module_8_assignment/environment/ament_prefix_path.dsv
-- Up-to-date: /home/maikelborys/assignment_ws/src/robotics_software_engineer/install/module_8_assignment/share/module_8_assignment/environment/path.sh
-- Installing: /home/maikelborys/assignment_ws/src/robotics_software_engineer/install/module_8_assignment/share/module_8_assignment/environment/path.dsv
-- Up-to-date: /home/maikelborys/assignment_ws/src/robotics_software_engineer/install/module_8_assignment/share/module_8_assignment/local_setup.bash
-- Up-to-date: /home/maikelborys/assignment_ws/src/robotics_software_engineer/install/module_8_assignment/share/module_8_assignment/local_setup.sh
-- Up-to-date: /home/maikelborys/assignment_ws/src/robotics_software_engineer/install/module_8_assignment/share/module_8_assignment/local_setup.zsh
-- Installing: /home/maikelborys/assignment_ws/src/robotics_software_engineer/install/module_8_assignment/share/module_8_assignment/local_setup.dsv
-- Installing: /home/maikelborys/assignment_ws/src/robotics_software_engineer/install/module_8_assignment/share/module_8_assignment/package.dsv
-- Up-to-date: /home/maikelborys/assignment_ws/src/robotics_software_engineer/install/module_8_assignment/share/ament_index/resource_index/packages/module_8_assignment
-- Up-to-date: /home/maikelborys/assignment_ws/src/robotics_software_engineer/install/module_8_assignment/share/module_8_assignment/cmake/module_8_assignmentConfig.cmake
-- Up-to-date: /home/maikelborys/assignment_ws/src/robotics_software_engineer/install/module_8_assignment/share/module_8_assignment/cmake/module_8_assignmentConfig-version.cmake
-- Up-to-date: /home/maikelborys/assignment_ws/src/robotics_software_engineer/install/module_8_assignment/share/module_8_assignment/package.xml
