[35m[1mConsolidate compiler generated dependencies of target back_forth[0m
[ 33%] Built target spiral_drive
[ 66%] Built target circle_drive
[ 83%] [32mBuilding CXX object CMakeFiles/back_forth.dir/src/back_forth.cpp.o[0m
[100%] [32m[1mLinking CXX executable back_forth[0m
[100%] Built target back_forth
-- Install configuration: ""
-- Up-to-date: /home/maikelborys/assignment_ws/src/robotics_software_engineer/install/module_2_assignment/lib/module_2_assignment/circle_drive
-- Up-to-date: /home/maikelborys/assignment_ws/src/robotics_software_engineer/install/module_2_assignment/lib/module_2_assignment/spiral_drive
-- Installing: /home/maikelborys/assignment_ws/src/robotics_software_engineer/install/module_2_assignment/lib/module_2_assignment/back_forth
-- Set runtime path of "/home/maikelborys/assignment_ws/src/robotics_software_engineer/install/module_2_assignment/lib/module_2_assignment/back_forth" to ""
-- Up-to-date: /home/maikelborys/assignment_ws/src/robotics_software_engineer/install/module_2_assignment/share/module_2_assignment/launch
-- Up-to-date: /home/maikelborys/assignment_ws/src/robotics_software_engineer/install/module_2_assignment/share/module_2_assignment/launch/spawn.launch.py
-- Up-to-date: /home/maikelborys/assignment_ws/src/robotics_software_engineer/install/module_2_assignment/share/module_2_assignment/launch/multi_nodes.launch.py
-- Up-to-date: /home/maikelborys/assignment_ws/src/robotics_software_engineer/install/module_2_assignment/share/module_2_assignment/launch/led_control.launch.py
-- Up-to-date: /home/maikelborys/assignment_ws/src/robotics_software_engineer/install/module_2_assignment/share/ament_index/resource_index/package_run_dependencies/module_2_assignment
-- Up-to-date: /home/maikelborys/assignment_ws/src/robotics_software_engineer/install/module_2_assignment/share/ament_index/resource_index/parent_prefix_path/module_2_assignment
-- Up-to-date: /home/maikelborys/assignment_ws/src/robotics_software_engineer/install/module_2_assignment/share/module_2_assignment/environment/ament_prefix_path.sh
-- Up-to-date: /home/maikelborys/assignment_ws/src/robotics_software_engineer/install/module_2_assignment/share/module_2_assignment/environment/ament_prefix_path.dsv
-- Up-to-date: /home/maikelborys/assignment_ws/src/robotics_software_engineer/install/module_2_assignment/share/module_2_assignment/environment/path.sh
-- Up-to-date: /home/maikelborys/assignment_ws/src/robotics_software_engineer/install/module_2_assignment/share/module_2_assignment/environment/path.dsv
-- Up-to-date: /home/maikelborys/assignment_ws/src/robotics_software_engineer/install/module_2_assignment/share/module_2_assignment/local_setup.bash
-- Up-to-date: /home/maikelborys/assignment_ws/src/robotics_software_engineer/install/module_2_assignment/share/module_2_assignment/local_setup.sh
-- Up-to-date: /home/maikelborys/assignment_ws/src/robotics_software_engineer/install/module_2_assignment/share/module_2_assignment/local_setup.zsh
-- Up-to-date: /home/maikelborys/assignment_ws/src/robotics_software_engineer/install/module_2_assignment/share/module_2_assignment/local_setup.dsv
-- Installing: /home/maikelborys/assignment_ws/src/robotics_software_engineer/install/module_2_assignment/share/module_2_assignment/package.dsv
-- Up-to-date: /home/maikelborys/assignment_ws/src/robotics_software_engineer/install/module_2_assignment/share/ament_index/resource_index/packages/module_2_assignment
-- Up-to-date: /home/maikelborys/assignment_ws/src/robotics_software_engineer/install/module_2_assignment/share/module_2_assignment/cmake/module_2_assignmentConfig.cmake
-- Up-to-date: /home/maikelborys/assignment_ws/src/robotics_software_engineer/install/module_2_assignment/share/module_2_assignment/cmake/module_2_assignmentConfig-version.cmake
-- Up-to-date: /home/maikelborys/assignment_ws/src/robotics_software_engineer/install/module_2_assignment/share/module_2_assignment/package.xml
