-- Found ament_cmake: 1.3.11 (/opt/ros/humble/share/ament_cmake/cmake)
-- Found rclcpp: 16.0.11 (/opt/ros/humble/share/rclcpp/cmake)
-- Found rosidl_generator_c: 3.1.6 (/opt/ros/humble/share/rosidl_generator_c/cmake)
-- Found rosidl_adapter: 3.1.6 (/opt/ros/humble/share/rosidl_adapter/cmake)
-- Found rosidl_generator_cpp: 3.1.6 (/opt/ros/humble/share/rosidl_generator_cpp/cmake)
-- Using all available rosidl_typesupport_c: rosidl_typesupport_fastrtps_c;rosidl_typesupport_introspection_c
-- Using all available rosidl_typesupport_cpp: rosidl_typesupport_fastrtps_cpp;rosidl_typesupport_introspection_cpp
-- Found rmw_implementation_cmake: 6.1.2 (/opt/ros/humble/share/rmw_implementation_cmake/cmake)
-- Found rmw_fastrtps_cpp: 6.2.7 (/opt/ros/humble/share/rmw_fastrtps_cpp/cmake)
-- Using RMW implementation 'rmw_fastrtps_cpp' as default
-- Found nav_msgs: 4.2.4 (/opt/ros/humble/share/nav_msgs/cmake)
-- Found sensor_msgs: 4.2.4 (/opt/ros/humble/share/sensor_msgs/cmake)
-- Found visualization_msgs: 4.2.4 (/opt/ros/humble/share/visualization_msgs/cmake)
-- Found ament_lint_auto: 0.12.11 (/opt/ros/humble/share/ament_lint_auto/cmake)
-- Added test 'cppcheck' to perform static code analysis on C / C++ code
-- Configured cppcheck include dirs: /home/maikelborys/assignment_ws/src/robotics_software_engineer/module_6_assignment/include
-- Configured cppcheck exclude dirs and/or files: 
-- Added test 'flake8' to check Python code syntax and style conventions
-- Added test 'lint_cmake' to check CMake code style
-- Added test 'pep257' to check Python code against some of the docstring style conventions in PEP 257
-- Added test 'uncrustify' to check C / C++ code style
-- Configured uncrustify additional arguments: 
-- Added test 'xmllint' to check XML markup files
-- Configuring done
-- Generating done
-- Build files have been written to: /home/maikelborys/assignment_ws/src/robotics_software_engineer/build/module_6_assignment
[35m[1mConsolidate compiler generated dependencies of target sensor_display_node[0m
[35m[1mConsolidate compiler generated dependencies of target ekf_experiment_node[0m
[ 50%] Built target sensor_display_node
[ 75%] [32m[1mLinking CXX executable ekf_experiment_node[0m
/usr/bin/ld: CMakeFiles/ekf_experiment_node.dir/src/ekf_experiment.cpp.o: in function `EKFExperimentNode::run_experiments()':
ekf_experiment.cpp:(.text._ZN17EKFExperimentNode15run_experimentsEv[_ZN17EKFExperimentNode15run_experimentsEv]+0x58e): undefined reference to `ExtendedKalmanFilter::ExtendedKalmanFilter()'
/usr/bin/ld: ekf_experiment.cpp:(.text._ZN17EKFExperimentNode15run_experimentsEv[_ZN17EKFExperimentNode15run_experimentsEv]+0x69c): undefined reference to `ExtendedKalmanFilter::initialize(Eigen::Matrix<double, -1, 1, 0, -1, 1> const&, Eigen::Matrix<double, -1, -1, 0, -1, -1> const&, Eigen::Matrix<double, -1, -1, 0, -1, -1> const&, Eigen::Matrix<double, -1, -1, 0, -1, -1> const&, Eigen::Matrix<double, -1, -1, 0, -1, -1> const&, Eigen::Matrix<double, -1, -1, 0, -1, -1> const&)'
/usr/bin/ld: ekf_experiment.cpp:(.text._ZN17EKFExperimentNode15run_experimentsEv[_ZN17EKFExperimentNode15run_experimentsEv]+0x709): undefined reference to `ExtendedKalmanFilter::predict()'
/usr/bin/ld: ekf_experiment.cpp:(.text._ZN17EKFExperimentNode15run_experimentsEv[_ZN17EKFExperimentNode15run_experimentsEv]+0x73b): undefined reference to `ExtendedKalmanFilter::update(Eigen::Matrix<double, -1, 1, 0, -1, 1> const&)'
collect2: error: ld returned 1 exit status
gmake[2]: *** [CMakeFiles/ekf_experiment_node.dir/build.make:151: ekf_experiment_node] Error 1
gmake[1]: *** [CMakeFiles/Makefile2:165: CMakeFiles/ekf_experiment_node.dir/all] Error 2
gmake: *** [Makefile:146: all] Error 2
