[0.010s] Invoking command in '/home/maikelborys/assignment_ws/src/robotics_software_engineer/build/module_6_assignment': CMAKE_PREFIX_PATH=${CMAKE_PREFIX_PATH}:/opt/ros/humble /usr/bin/cmake --build /home/maikelborys/assignment_ws/src/robotics_software_engineer/build/module_6_assignment -- -j16 -l16
[0.032s] -- Found ament_cmake: 1.3.11 (/opt/ros/humble/share/ament_cmake/cmake)
[0.135s] -- Found rclcpp: 16.0.11 (/opt/ros/humble/share/rclcpp/cmake)
[0.175s] -- Found rosidl_generator_c: 3.1.6 (/opt/ros/humble/share/rosidl_generator_c/cmake)
[0.176s] -- Found rosidl_adapter: 3.1.6 (/opt/ros/humble/share/rosidl_adapter/cmake)
[0.181s] -- Found rosidl_generator_cpp: 3.1.6 (/opt/ros/humble/share/rosidl_generator_cpp/cmake)
[0.189s] -- Using all available rosidl_typesupport_c: rosidl_typesupport_fastrtps_c;rosidl_typesupport_introspection_c
[0.199s] -- Using all available rosidl_typesupport_cpp: rosidl_typesupport_fastrtps_cpp;rosidl_typesupport_introspection_cpp
[0.224s] -- Found rmw_implementation_cmake: 6.1.2 (/opt/ros/humble/share/rmw_implementation_cmake/cmake)
[0.226s] -- Found rmw_fastrtps_cpp: 6.2.7 (/opt/ros/humble/share/rmw_fastrtps_cpp/cmake)
[0.335s] -- Using RMW implementation 'rmw_fastrtps_cpp' as default
[0.375s] -- Found nav_msgs: 4.2.4 (/opt/ros/humble/share/nav_msgs/cmake)
[0.397s] -- Found sensor_msgs: 4.2.4 (/opt/ros/humble/share/sensor_msgs/cmake)
[0.411s] -- Found visualization_msgs: 4.2.4 (/opt/ros/humble/share/visualization_msgs/cmake)
[0.429s] -- Found ament_lint_auto: 0.12.11 (/opt/ros/humble/share/ament_lint_auto/cmake)
[0.481s] -- Added test 'cppcheck' to perform static code analysis on C / C++ code
[0.481s] -- Configured cppcheck include dirs: /home/maikelborys/assignment_ws/src/robotics_software_engineer/module_6_assignment/include
[0.481s] -- Configured cppcheck exclude dirs and/or files: 
[0.481s] -- Added test 'flake8' to check Python code syntax and style conventions
[0.482s] -- Added test 'lint_cmake' to check CMake code style
[0.482s] -- Added test 'pep257' to check Python code against some of the docstring style conventions in PEP 257
[0.483s] -- Added test 'uncrustify' to check C / C++ code style
[0.483s] -- Configured uncrustify additional arguments: 
[0.483s] -- Added test 'xmllint' to check XML markup files
[0.484s] -- Configuring done
[0.496s] -- Generating done
[0.501s] -- Build files have been written to: /home/maikelborys/assignment_ws/src/robotics_software_engineer/build/module_6_assignment
[0.529s] [35m[1mConsolidate compiler generated dependencies of target sensor_display_node[0m
[0.530s] [35m[1mConsolidate compiler generated dependencies of target ekf_experiment_node[0m
[0.548s] [ 50%] Built target sensor_display_node
[0.550s] [ 75%] [32m[1mLinking CXX executable ekf_experiment_node[0m
[0.647s] /usr/bin/ld: CMakeFiles/ekf_experiment_node.dir/src/ekf_experiment.cpp.o: in function `EKFExperimentNode::run_experiments()':
[0.647s] ekf_experiment.cpp:(.text._ZN17EKFExperimentNode15run_experimentsEv[_ZN17EKFExperimentNode15run_experimentsEv]+0x58e): undefined reference to `ExtendedKalmanFilter::ExtendedKalmanFilter()'
[0.647s] /usr/bin/ld: ekf_experiment.cpp:(.text._ZN17EKFExperimentNode15run_experimentsEv[_ZN17EKFExperimentNode15run_experimentsEv]+0x69c): undefined reference to `ExtendedKalmanFilter::initialize(Eigen::Matrix<double, -1, 1, 0, -1, 1> const&, Eigen::Matrix<double, -1, -1, 0, -1, -1> const&, Eigen::Matrix<double, -1, -1, 0, -1, -1> const&, Eigen::Matrix<double, -1, -1, 0, -1, -1> const&, Eigen::Matrix<double, -1, -1, 0, -1, -1> const&, Eigen::Matrix<double, -1, -1, 0, -1, -1> const&)'
[0.647s] /usr/bin/ld: ekf_experiment.cpp:(.text._ZN17EKFExperimentNode15run_experimentsEv[_ZN17EKFExperimentNode15run_experimentsEv]+0x709): undefined reference to `ExtendedKalmanFilter::predict()'
[0.647s] /usr/bin/ld: ekf_experiment.cpp:(.text._ZN17EKFExperimentNode15run_experimentsEv[_ZN17EKFExperimentNode15run_experimentsEv]+0x73b): undefined reference to `ExtendedKalmanFilter::update(Eigen::Matrix<double, -1, 1, 0, -1, 1> const&)'
[0.660s] collect2: error: ld returned 1 exit status
[0.662s] gmake[2]: *** [CMakeFiles/ekf_experiment_node.dir/build.make:151: ekf_experiment_node] Error 1
[0.662s] gmake[1]: *** [CMakeFiles/Makefile2:165: CMakeFiles/ekf_experiment_node.dir/all] Error 2
[0.663s] gmake: *** [Makefile:146: all] Error 2
[0.666s] Invoked command in '/home/maikelborys/assignment_ws/src/robotics_software_engineer/build/module_6_assignment' returned '2': CMAKE_PREFIX_PATH=${CMAKE_PREFIX_PATH}:/opt/ros/humble /usr/bin/cmake --build /home/maikelborys/assignment_ws/src/robotics_software_engineer/build/module_6_assignment -- -j16 -l16
