[0.027s] Invoking command in '/home/maikelborys/assignment_ws/src/robotics_software_engineer/build/module_3_assignment': CMAKE_PREFIX_PATH=${CMAKE_PREFIX_PATH}:/opt/ros/humble /usr/bin/cmake /home/maikelborys/assignment_ws/src/robotics_software_engineer/module_3_assignment -DCMAKE_INSTALL_PREFIX=/home/maikelborys/assignment_ws/src/robotics_software_engineer/install/module_3_assignment
[0.079s] -- The C compiler identification is GNU 11.4.0
[0.140s] -- The CXX compiler identification is GNU 11.4.0
[0.149s] -- Detecting C compiler ABI info
[0.226s] -- Detecting C compiler ABI info - done
[0.234s] -- Check for working C compiler: /usr/bin/cc - skipped
[0.234s] -- Detecting C compile features
[0.234s] -- Detecting C compile features - done
[0.237s] -- Detecting CXX compiler ABI info
[0.333s] -- Detecting CXX compiler ABI info - done
[0.340s] -- Check for working CXX compiler: /usr/bin/c++ - skipped
[0.341s] -- Detecting CXX compile features
[0.341s] -- Detecting CXX compile features - done
[0.344s] -- Found ament_cmake: 1.3.11 (/opt/ros/humble/share/ament_cmake/cmake)
[0.553s] -- Found Python3: /usr/bin/python3 (found version "3.10.12") found components: Interpreter 
[0.672s] -- Found tf2_ros: 0.25.11 (/opt/ros/humble/share/tf2_ros/cmake)
[0.725s] -- Found rosidl_generator_c: 3.1.6 (/opt/ros/humble/share/rosidl_generator_c/cmake)
[0.732s] -- Found rosidl_adapter: 3.1.6 (/opt/ros/humble/share/rosidl_adapter/cmake)
[0.742s] -- Found rosidl_generator_cpp: 3.1.6 (/opt/ros/humble/share/rosidl_generator_cpp/cmake)
[0.754s] -- Using all available rosidl_typesupport_c: rosidl_typesupport_fastrtps_c;rosidl_typesupport_introspection_c
[0.771s] -- Using all available rosidl_typesupport_cpp: rosidl_typesupport_fastrtps_cpp;rosidl_typesupport_introspection_cpp
[0.868s] -- Found rmw_implementation_cmake: 6.1.2 (/opt/ros/humble/share/rmw_implementation_cmake/cmake)
[0.871s] -- Found rmw_fastrtps_cpp: 6.2.7 (/opt/ros/humble/share/rmw_fastrtps_cpp/cmake)
[1.014s] -- Found OpenSSL: /usr/lib/x86_64-linux-gnu/libcrypto.so (found version "3.0.2")  
[1.057s] -- Found FastRTPS: /opt/ros/humble/include  
[1.105s] -- Using RMW implementation 'rmw_fastrtps_cpp' as default
[1.114s] -- Looking for pthread.h
[1.198s] -- Looking for pthread.h - found
[1.199s] -- Performing Test CMAKE_HAVE_LIBC_PTHREAD
[1.277s] -- Performing Test CMAKE_HAVE_LIBC_PTHREAD - Success
[1.278s] -- Found Threads: TRUE  
[1.403s] -- Found ament_lint_auto: 0.12.11 (/opt/ros/humble/share/ament_lint_auto/cmake)
[1.482s] -- Added test 'cppcheck' to perform static code analysis on C / C++ code
[1.482s] -- Configured cppcheck include dirs: 
[1.482s] -- Configured cppcheck exclude dirs and/or files: 
[1.482s] -- Added test 'flake8' to check Python code syntax and style conventions
[1.483s] -- Added test 'lint_cmake' to check CMake code style
[1.484s] -- Added test 'pep257' to check Python code against some of the docstring style conventions in PEP 257
[1.485s] -- Added test 'uncrustify' to check C / C++ code style
[1.485s] -- Configured uncrustify additional arguments: 
[1.485s] -- Added test 'xmllint' to check XML markup files
[1.486s] -- Configuring done
[1.510s] -- Generating done
[1.520s] -- Build files have been written to: /home/maikelborys/assignment_ws/src/robotics_software_engineer/build/module_3_assignment
[1.537s] Invoked command in '/home/maikelborys/assignment_ws/src/robotics_software_engineer/build/module_3_assignment' returned '0': CMAKE_PREFIX_PATH=${CMAKE_PREFIX_PATH}:/opt/ros/humble /usr/bin/cmake /home/maikelborys/assignment_ws/src/robotics_software_engineer/module_3_assignment -DCMAKE_INSTALL_PREFIX=/home/maikelborys/assignment_ws/src/robotics_software_engineer/install/module_3_assignment
[1.538s] Invoking command in '/home/maikelborys/assignment_ws/src/robotics_software_engineer/build/module_3_assignment': CMAKE_PREFIX_PATH=${CMAKE_PREFIX_PATH}:/opt/ros/humble /usr/bin/cmake --build /home/maikelborys/assignment_ws/src/robotics_software_engineer/build/module_3_assignment -- -j16 -l16
[1.604s] [ 33%] [32mBuilding CXX object CMakeFiles/ackermann_tf_broadcaster.dir/src/ackermann_tf_broadcaster.cpp.o[0m
[1.604s] [ 33%] [32mBuilding CXX object CMakeFiles/robotic_arm_tf_broadcaster.dir/src/robotic_arm_tf_broadcaster.cpp.o[0m
[1.607s] [ 50%] [32mBuilding CXX object CMakeFiles/wheeled_robot_tf_broadcaster.dir/src/wheeled_robot_tf_broadcaster.cpp.o[0m
[10.385s] [100%] [32m[1mLinking CXX executable ackermann_tf_broadcaster[0m
[10.395s] [100%] [32m[1mLinking CXX executable wheeled_robot_tf_broadcaster[0m
[10.395s] [100%] [32m[1mLinking CXX executable robotic_arm_tf_broadcaster[0m
[11.055s] [100%] Built target wheeled_robot_tf_broadcaster
[11.071s] [100%] Built target ackermann_tf_broadcaster
[11.101s] [100%] Built target robotic_arm_tf_broadcaster
[11.282s] Invoked command in '/home/maikelborys/assignment_ws/src/robotics_software_engineer/build/module_3_assignment' returned '0': CMAKE_PREFIX_PATH=${CMAKE_PREFIX_PATH}:/opt/ros/humble /usr/bin/cmake --build /home/maikelborys/assignment_ws/src/robotics_software_engineer/build/module_3_assignment -- -j16 -l16
[11.372s] Invoking command in '/home/maikelborys/assignment_ws/src/robotics_software_engineer/build/module_3_assignment': CMAKE_PREFIX_PATH=${CMAKE_PREFIX_PATH}:/opt/ros/humble /usr/bin/cmake --install /home/maikelborys/assignment_ws/src/robotics_software_engineer/build/module_3_assignment
[11.467s] -- Install configuration: ""
[11.467s] -- Installing: /home/maikelborys/assignment_ws/src/robotics_software_engineer/install/module_3_assignment/lib/module_3_assignment/robotic_arm_tf_broadcaster
[11.470s] -- Set runtime path of "/home/maikelborys/assignment_ws/src/robotics_software_engineer/install/module_3_assignment/lib/module_3_assignment/robotic_arm_tf_broadcaster" to ""
[11.470s] -- Installing: /home/maikelborys/assignment_ws/src/robotics_software_engineer/install/module_3_assignment/lib/module_3_assignment/ackermann_tf_broadcaster
[11.472s] -- Set runtime path of "/home/maikelborys/assignment_ws/src/robotics_software_engineer/install/module_3_assignment/lib/module_3_assignment/ackermann_tf_broadcaster" to ""
[11.472s] -- Installing: /home/maikelborys/assignment_ws/src/robotics_software_engineer/install/module_3_assignment/lib/module_3_assignment/wheeled_robot_tf_broadcaster
[11.474s] -- Set runtime path of "/home/maikelborys/assignment_ws/src/robotics_software_engineer/install/module_3_assignment/lib/module_3_assignment/wheeled_robot_tf_broadcaster" to ""
[11.474s] -- Installing: /home/maikelborys/assignment_ws/src/robotics_software_engineer/install/module_3_assignment/share/module_3_assignment/launch
[11.488s] -- Installing: /home/maikelborys/assignment_ws/src/robotics_software_engineer/install/module_3_assignment/share/module_3_assignment/launch/robot_lift_debug.launch.py
[11.494s] -- Installing: /home/maikelborys/assignment_ws/src/robotics_software_engineer/install/module_3_assignment/share/module_3_assignment/launch/robot_state_publisher.launch.py
[11.495s] -- Installing: /home/maikelborys/assignment_ws/src/robotics_software_engineer/install/module_3_assignment/share/module_3_assignment/launch/ackermann_state_publisher.launch.py
[11.496s] -- Installing: /home/maikelborys/assignment_ws/src/robotics_software_engineer/install/module_3_assignment/share/module_3_assignment/urdf
[11.496s] -- Installing: /home/maikelborys/assignment_ws/src/robotics_software_engineer/install/module_3_assignment/share/module_3_assignment/urdf/wheeled_robot_lift.urdf
[11.498s] -- Installing: /home/maikelborys/assignment_ws/src/robotics_software_engineer/install/module_3_assignment/share/module_3_assignment/urdf/ackermann_drive.urdf
[11.499s] -- Installing: /home/maikelborys/assignment_ws/src/robotics_software_engineer/install/module_3_assignment/share/module_3_assignment/urdf/robotic_arm.urdf
[11.499s] -- Installing: /home/maikelborys/assignment_ws/src/robotics_software_engineer/install/module_3_assignment/share/ament_index/resource_index/package_run_dependencies/module_3_assignment
[11.524s] -- Installing: /home/maikelborys/assignment_ws/src/robotics_software_engineer/install/module_3_assignment/share/ament_index/resource_index/parent_prefix_path/module_3_assignment
[11.526s] -- Installing: /home/maikelborys/assignment_ws/src/robotics_software_engineer/install/module_3_assignment/share/module_3_assignment/environment/ament_prefix_path.sh
[11.526s] -- Installing: /home/maikelborys/assignment_ws/src/robotics_software_engineer/install/module_3_assignment/share/module_3_assignment/environment/ament_prefix_path.dsv
[11.540s] -- Installing: /home/maikelborys/assignment_ws/src/robotics_software_engineer/install/module_3_assignment/share/module_3_assignment/environment/path.sh
[11.540s] -- Installing: /home/maikelborys/assignment_ws/src/robotics_software_engineer/install/module_3_assignment/share/module_3_assignment/environment/path.dsv
[11.540s] -- Installing: /home/maikelborys/assignment_ws/src/robotics_software_engineer/install/module_3_assignment/share/module_3_assignment/local_setup.bash
[11.543s] -- Installing: /home/maikelborys/assignment_ws/src/robotics_software_engineer/install/module_3_assignment/share/module_3_assignment/local_setup.sh
[11.543s] -- Installing: /home/maikelborys/assignment_ws/src/robotics_software_engineer/install/module_3_assignment/share/module_3_assignment/local_setup.zsh
[11.544s] -- Installing: /home/maikelborys/assignment_ws/src/robotics_software_engineer/install/module_3_assignment/share/module_3_assignment/local_setup.dsv
[11.578s] -- Installing: /home/maikelborys/assignment_ws/src/robotics_software_engineer/install/module_3_assignment/share/module_3_assignment/package.dsv
[11.578s] -- Installing: /home/maikelborys/assignment_ws/src/robotics_software_engineer/install/module_3_assignment/share/ament_index/resource_index/packages/module_3_assignment
[11.579s] -- Installing: /home/maikelborys/assignment_ws/src/robotics_software_engineer/install/module_3_assignment/share/module_3_assignment/cmake/module_3_assignmentConfig.cmake
[11.579s] -- Installing: /home/maikelborys/assignment_ws/src/robotics_software_engineer/install/module_3_assignment/share/module_3_assignment/cmake/module_3_assignmentConfig-version.cmake
[11.579s] -- Installing: /home/maikelborys/assignment_ws/src/robotics_software_engineer/install/module_3_assignment/share/module_3_assignment/package.xml
[11.592s] Invoked command in '/home/maikelborys/assignment_ws/src/robotics_software_engineer/build/module_3_assignment' returned '0': CMAKE_PREFIX_PATH=${CMAKE_PREFIX_PATH}:/opt/ros/humble /usr/bin/cmake --install /home/maikelborys/assignment_ws/src/robotics_software_engineer/build/module_3_assignment
