[0.010s] Invoking command in '/home/maikelborys/assignment_ws/src/robotics_software_engineer/build/module_4_assignment': CMAKE_PREFIX_PATH=${CMAKE_PREFIX_PATH}:/opt/ros/humble /usr/bin/cmake --build /home/maikelborys/assignment_ws/src/robotics_software_engineer/build/module_4_assignment -- -j16 -l16
[0.051s] [35m[1mConsolidate compiler generated dependencies of target lineFollowing[0m
[0.062s] [ 50%] Built target mazeSolving
[0.070s] [ 75%] [32mBuilding CXX object CMakeFiles/lineFollowing.dir/src/line_following_with_camera.cpp.o[0m
[7.153s] [100%] [32m[1mLinking CXX executable lineFollowing[0m
[7.798s] [100%] Built target lineFollowing
[7.811s] Invoked command in '/home/maikelborys/assignment_ws/src/robotics_software_engineer/build/module_4_assignment' returned '0': CMAKE_PREFIX_PATH=${CMAKE_PREFIX_PATH}:/opt/ros/humble /usr/bin/cmake --build /home/maikelborys/assignment_ws/src/robotics_software_engineer/build/module_4_assignment -- -j16 -l16
[7.821s] Invoking command in '/home/maikelborys/assignment_ws/src/robotics_software_engineer/build/module_4_assignment': CMAKE_PREFIX_PATH=${CMAKE_PREFIX_PATH}:/opt/ros/humble /usr/bin/cmake --install /home/maikelborys/assignment_ws/src/robotics_software_engineer/build/module_4_assignment
[7.828s] -- Install configuration: ""
[7.828s] -- Execute custom install script
[7.828s] -- Up-to-date symlink: /home/maikelborys/assignment_ws/src/robotics_software_engineer/install/module_4_assignment/lib/module_4_assignment/mazeSolving
[7.829s] -- Up-to-date symlink: /home/maikelborys/assignment_ws/src/robotics_software_engineer/install/module_4_assignment/lib/module_4_assignment/lineFollowing
[7.829s] -- Up-to-date symlink: /home/maikelborys/assignment_ws/src/robotics_software_engineer/install/module_4_assignment/share/module_4_assignment//launch/camera_line_following.launch.py
[7.829s] -- Up-to-date symlink: /home/maikelborys/assignment_ws/src/robotics_software_engineer/install/module_4_assignment/share/module_4_assignment//launch/custom_sensors.launch.py
[7.829s] -- Up-to-date symlink: /home/maikelborys/assignment_ws/src/robotics_software_engineer/install/module_4_assignment/share/module_4_assignment//launch/lidar_maze_solving.launch.py
[7.829s] -- Up-to-date symlink: /home/maikelborys/assignment_ws/src/robotics_software_engineer/install/module_4_assignment/share/module_4_assignment//worlds/line_following.world
[7.829s] -- Up-to-date symlink: /home/maikelborys/assignment_ws/src/robotics_software_engineer/install/module_4_assignment/share/module_4_assignment//worlds/maze.world
[7.830s] -- Up-to-date symlink: /home/maikelborys/assignment_ws/src/robotics_software_engineer/install/module_4_assignment/share/module_4_assignment//urdf/diff_drive.urdf
[7.830s] -- Up-to-date symlink: /home/maikelborys/assignment_ws/src/robotics_software_engineer/install/module_4_assignment/share/ament_index/resource_index/package_run_dependencies/module_4_assignment
[7.830s] -- Up-to-date symlink: /home/maikelborys/assignment_ws/src/robotics_software_engineer/install/module_4_assignment/share/ament_index/resource_index/parent_prefix_path/module_4_assignment
[7.830s] -- Up-to-date symlink: /home/maikelborys/assignment_ws/src/robotics_software_engineer/install/module_4_assignment/share/module_4_assignment/environment/ament_prefix_path.sh
[7.830s] -- Up-to-date symlink: /home/maikelborys/assignment_ws/src/robotics_software_engineer/install/module_4_assignment/share/module_4_assignment/environment/ament_prefix_path.dsv
[7.830s] -- Up-to-date symlink: /home/maikelborys/assignment_ws/src/robotics_software_engineer/install/module_4_assignment/share/module_4_assignment/environment/path.sh
[7.830s] -- Up-to-date symlink: /home/maikelborys/assignment_ws/src/robotics_software_engineer/install/module_4_assignment/share/module_4_assignment/environment/path.dsv
[7.831s] -- Up-to-date symlink: /home/maikelborys/assignment_ws/src/robotics_software_engineer/install/module_4_assignment/share/module_4_assignment/local_setup.bash
[7.831s] -- Up-to-date symlink: /home/maikelborys/assignment_ws/src/robotics_software_engineer/install/module_4_assignment/share/module_4_assignment/local_setup.sh
[7.831s] -- Up-to-date symlink: /home/maikelborys/assignment_ws/src/robotics_software_engineer/install/module_4_assignment/share/module_4_assignment/local_setup.zsh
[7.831s] -- Up-to-date symlink: /home/maikelborys/assignment_ws/src/robotics_software_engineer/install/module_4_assignment/share/module_4_assignment/local_setup.dsv
[7.831s] -- Symlinking: /home/maikelborys/assignment_ws/src/robotics_software_engineer/install/module_4_assignment/share/module_4_assignment/package.dsv
[7.841s] -- Up-to-date symlink: /home/maikelborys/assignment_ws/src/robotics_software_engineer/install/module_4_assignment/share/ament_index/resource_index/packages/module_4_assignment
[7.841s] -- Up-to-date symlink: /home/maikelborys/assignment_ws/src/robotics_software_engineer/install/module_4_assignment/share/module_4_assignment/cmake/module_4_assignmentConfig.cmake
[7.841s] -- Up-to-date symlink: /home/maikelborys/assignment_ws/src/robotics_software_engineer/install/module_4_assignment/share/module_4_assignment/cmake/module_4_assignmentConfig-version.cmake
[7.841s] -- Up-to-date symlink: /home/maikelborys/assignment_ws/src/robotics_software_engineer/install/module_4_assignment/share/module_4_assignment/package.xml
[7.843s] Invoked command in '/home/maikelborys/assignment_ws/src/robotics_software_engineer/build/module_4_assignment' returned '0': CMAKE_PREFIX_PATH=${CMAKE_PREFIX_PATH}:/opt/ros/humble /usr/bin/cmake --install /home/maikelborys/assignment_ws/src/robotics_software_engineer/build/module_4_assignment
