[0.079s] DEBUG:colcon:Command line arguments: ['/usr/bin/colcon', 'build', '--packages-select', 'module_7_assignment']
[0.079s] DEBUG:colcon:Parsed command line arguments: Namespace(log_base=None, log_level=None, verb_name='build', build_base='build', install_base='install', merge_install=False, symlink_install=False, test_result_base=None, continue_on_error=False, executor='parallel', parallel_workers=16, event_handlers=None, ignore_user_meta=False, metas=['./colcon.meta'], base_paths=['.'], packages_ignore=None, packages_ignore_regex=None, paths=None, packages_up_to=None, packages_up_to_regex=None, packages_above=None, packages_above_and_dependencies=None, packages_above_depth=None, packages_select_by_dep=None, packages_skip_by_dep=None, packages_skip_up_to=None, packages_select_build_failed=False, packages_skip_build_finished=False, packages_select_test_failures=False, packages_skip_test_passed=False, packages_select=['module_7_assignment'], packages_skip=None, packages_select_regex=None, packages_skip_regex=None, packages_start=None, packages_end=None, allow_overriding=[], cmake_args=None, cmake_target=None, cmake_target_skip_unavailable=False, cmake_clean_cache=False, cmake_clean_first=False, cmake_force_configure=False, ament_cmake_args=None, catkin_cmake_args=None, catkin_skip_building_tests=False, mixin_files=None, mixin=None, verb_parser=<colcon_mixin.mixin.mixin_argument.MixinArgumentDecorator object at 0x7a65edc69cc0>, verb_extension=<colcon_core.verb.build.BuildVerb object at 0x7a65edc696f0>, main=<bound method BuildVerb.main of <colcon_core.verb.build.BuildVerb object at 0x7a65edc696f0>>, mixin_verb=('build',))
[0.212s] Level 1:colcon.colcon_core.package_discovery:discover_packages(colcon_meta) check parameters
[0.212s] Level 1:colcon.colcon_core.package_discovery:discover_packages(recursive) check parameters
[0.212s] Level 1:colcon.colcon_core.package_discovery:discover_packages(ignore) check parameters
[0.212s] Level 1:colcon.colcon_core.package_discovery:discover_packages(path) check parameters
[0.212s] Level 1:colcon.colcon_core.package_discovery:discover_packages(colcon_meta) discover
[0.212s] Level 1:colcon.colcon_core.package_discovery:discover_packages(recursive) discover
[0.212s] INFO:colcon.colcon_core.package_discovery:Crawling recursively for packages in '/home/maikelborys/assignment_ws/src/robotics_software_engineer'
[0.213s] Level 1:colcon.colcon_core.package_identification:_identify(.) by extensions ['ignore', 'ignore_ament_install']
[0.213s] Level 1:colcon.colcon_core.package_identification:_identify(.) by extension 'ignore'
[0.213s] Level 1:colcon.colcon_core.package_identification:_identify(.) by extension 'ignore_ament_install'
[0.213s] Level 1:colcon.colcon_core.package_identification:_identify(.) by extensions ['colcon_pkg']
[0.213s] Level 1:colcon.colcon_core.package_identification:_identify(.) by extension 'colcon_pkg'
[0.213s] Level 1:colcon.colcon_core.package_identification:_identify(.) by extensions ['colcon_meta']
[0.213s] Level 1:colcon.colcon_core.package_identification:_identify(.) by extension 'colcon_meta'
[0.213s] Level 1:colcon.colcon_core.package_identification:_identify(.) by extensions ['ros']
[0.213s] Level 1:colcon.colcon_core.package_identification:_identify(.) by extension 'ros'
[0.221s] Level 1:colcon.colcon_core.package_identification:_identify(.) by extensions ['cmake', 'python']
[0.221s] Level 1:colcon.colcon_core.package_identification:_identify(.) by extension 'cmake'
[0.221s] Level 1:colcon.colcon_core.package_identification:_identify(.) by extension 'python'
[0.221s] Level 1:colcon.colcon_core.package_identification:_identify(.) by extensions ['python_setup_py']
[0.221s] Level 1:colcon.colcon_core.package_identification:_identify(.) by extension 'python_setup_py'
[0.221s] Level 1:colcon.colcon_core.package_identification:_identify(assets) by extensions ['ignore', 'ignore_ament_install']
[0.221s] Level 1:colcon.colcon_core.package_identification:_identify(assets) by extension 'ignore'
[0.221s] Level 1:colcon.colcon_core.package_identification:_identify(assets) by extension 'ignore_ament_install'
[0.221s] Level 1:colcon.colcon_core.package_identification:_identify(assets) by extensions ['colcon_pkg']
[0.221s] Level 1:colcon.colcon_core.package_identification:_identify(assets) by extension 'colcon_pkg'
[0.221s] Level 1:colcon.colcon_core.package_identification:_identify(assets) by extensions ['colcon_meta']
[0.221s] Level 1:colcon.colcon_core.package_identification:_identify(assets) by extension 'colcon_meta'
[0.221s] Level 1:colcon.colcon_core.package_identification:_identify(assets) by extensions ['ros']
[0.221s] Level 1:colcon.colcon_core.package_identification:_identify(assets) by extension 'ros'
[0.221s] Level 1:colcon.colcon_core.package_identification:_identify(assets) by extensions ['cmake', 'python']
[0.221s] Level 1:colcon.colcon_core.package_identification:_identify(assets) by extension 'cmake'
[0.221s] Level 1:colcon.colcon_core.package_identification:_identify(assets) by extension 'python'
[0.221s] Level 1:colcon.colcon_core.package_identification:_identify(assets) by extensions ['python_setup_py']
[0.221s] Level 1:colcon.colcon_core.package_identification:_identify(assets) by extension 'python_setup_py'
[0.221s] Level 1:colcon.colcon_core.package_identification:_identify(build) by extensions ['ignore', 'ignore_ament_install']
[0.221s] Level 1:colcon.colcon_core.package_identification:_identify(build) by extension 'ignore'
[0.221s] Level 1:colcon.colcon_core.package_identification:_identify(build) ignored
[0.222s] Level 1:colcon.colcon_core.package_identification:_identify(control_systems) by extensions ['ignore', 'ignore_ament_install']
[0.222s] Level 1:colcon.colcon_core.package_identification:_identify(control_systems) by extension 'ignore'
[0.222s] Level 1:colcon.colcon_core.package_identification:_identify(control_systems) by extension 'ignore_ament_install'
[0.222s] Level 1:colcon.colcon_core.package_identification:_identify(control_systems) by extensions ['colcon_pkg']
[0.222s] Level 1:colcon.colcon_core.package_identification:_identify(control_systems) by extension 'colcon_pkg'
[0.222s] Level 1:colcon.colcon_core.package_identification:_identify(control_systems) by extensions ['colcon_meta']
[0.222s] Level 1:colcon.colcon_core.package_identification:_identify(control_systems) by extension 'colcon_meta'
[0.222s] Level 1:colcon.colcon_core.package_identification:_identify(control_systems) by extensions ['ros']
[0.222s] Level 1:colcon.colcon_core.package_identification:_identify(control_systems) by extension 'ros'
[0.223s] DEBUG:colcon.colcon_core.package_identification:Package 'control_systems' with type 'ros.ament_cmake' and name 'control_systems'
[0.224s] Level 1:colcon.colcon_core.package_identification:_identify(cpp_fundamentals) by extensions ['ignore', 'ignore_ament_install']
[0.224s] Level 1:colcon.colcon_core.package_identification:_identify(cpp_fundamentals) by extension 'ignore'
[0.224s] Level 1:colcon.colcon_core.package_identification:_identify(cpp_fundamentals) by extension 'ignore_ament_install'
[0.224s] Level 1:colcon.colcon_core.package_identification:_identify(cpp_fundamentals) by extensions ['colcon_pkg']
[0.224s] Level 1:colcon.colcon_core.package_identification:_identify(cpp_fundamentals) by extension 'colcon_pkg'
[0.224s] Level 1:colcon.colcon_core.package_identification:_identify(cpp_fundamentals) by extensions ['colcon_meta']
[0.224s] Level 1:colcon.colcon_core.package_identification:_identify(cpp_fundamentals) by extension 'colcon_meta'
[0.224s] Level 1:colcon.colcon_core.package_identification:_identify(cpp_fundamentals) by extensions ['ros']
[0.224s] Level 1:colcon.colcon_core.package_identification:_identify(cpp_fundamentals) by extension 'ros'
[0.224s] Level 1:colcon.colcon_core.package_identification:_identify(cpp_fundamentals) by extensions ['cmake', 'python']
[0.224s] Level 1:colcon.colcon_core.package_identification:_identify(cpp_fundamentals) by extension 'cmake'
[0.225s] Level 1:colcon.colcon_core.package_identification:_identify(cpp_fundamentals) by extension 'python'
[0.225s] DEBUG:colcon.colcon_core.package_identification:Package 'cpp_fundamentals' with type 'cmake' and name 'LineFollowingRobot'
[0.225s] Level 1:colcon.colcon_core.package_identification:_identify(custom_robots) by extensions ['ignore', 'ignore_ament_install']
[0.225s] Level 1:colcon.colcon_core.package_identification:_identify(custom_robots) by extension 'ignore'
[0.225s] Level 1:colcon.colcon_core.package_identification:_identify(custom_robots) by extension 'ignore_ament_install'
[0.225s] Level 1:colcon.colcon_core.package_identification:_identify(custom_robots) by extensions ['colcon_pkg']
[0.225s] Level 1:colcon.colcon_core.package_identification:_identify(custom_robots) by extension 'colcon_pkg'
[0.225s] Level 1:colcon.colcon_core.package_identification:_identify(custom_robots) by extensions ['colcon_meta']
[0.225s] Level 1:colcon.colcon_core.package_identification:_identify(custom_robots) by extension 'colcon_meta'
[0.225s] Level 1:colcon.colcon_core.package_identification:_identify(custom_robots) by extensions ['ros']
[0.225s] Level 1:colcon.colcon_core.package_identification:_identify(custom_robots) by extension 'ros'
[0.226s] DEBUG:colcon.colcon_core.package_identification:Package 'custom_robots' with type 'ros.ament_cmake' and name 'custom_robots'
[0.226s] Level 1:colcon.colcon_core.package_identification:_identify(drive_mobile_robot) by extensions ['ignore', 'ignore_ament_install']
[0.226s] Level 1:colcon.colcon_core.package_identification:_identify(drive_mobile_robot) by extension 'ignore'
[0.226s] Level 1:colcon.colcon_core.package_identification:_identify(drive_mobile_robot) by extension 'ignore_ament_install'
[0.226s] Level 1:colcon.colcon_core.package_identification:_identify(drive_mobile_robot) by extensions ['colcon_pkg']
[0.226s] Level 1:colcon.colcon_core.package_identification:_identify(drive_mobile_robot) by extension 'colcon_pkg'
[0.226s] Level 1:colcon.colcon_core.package_identification:_identify(drive_mobile_robot) by extensions ['colcon_meta']
[0.226s] Level 1:colcon.colcon_core.package_identification:_identify(drive_mobile_robot) by extension 'colcon_meta'
[0.226s] Level 1:colcon.colcon_core.package_identification:_identify(drive_mobile_robot) by extensions ['ros']
[0.226s] Level 1:colcon.colcon_core.package_identification:_identify(drive_mobile_robot) by extension 'ros'
[0.226s] DEBUG:colcon.colcon_core.package_identification:Package 'drive_mobile_robot' with type 'ros.ament_cmake' and name 'drive_mobile_robot'
[0.227s] Level 1:colcon.colcon_core.package_identification:_identify(install) by extensions ['ignore', 'ignore_ament_install']
[0.227s] Level 1:colcon.colcon_core.package_identification:_identify(install) by extension 'ignore'
[0.227s] Level 1:colcon.colcon_core.package_identification:_identify(install) ignored
[0.227s] Level 1:colcon.colcon_core.package_identification:_identify(log) by extensions ['ignore', 'ignore_ament_install']
[0.227s] Level 1:colcon.colcon_core.package_identification:_identify(log) by extension 'ignore'
[0.227s] Level 1:colcon.colcon_core.package_identification:_identify(log) ignored
[0.227s] Level 1:colcon.colcon_core.package_identification:_identify(mapping) by extensions ['ignore', 'ignore_ament_install']
[0.227s] Level 1:colcon.colcon_core.package_identification:_identify(mapping) by extension 'ignore'
[0.227s] Level 1:colcon.colcon_core.package_identification:_identify(mapping) by extension 'ignore_ament_install'
[0.227s] Level 1:colcon.colcon_core.package_identification:_identify(mapping) by extensions ['colcon_pkg']
[0.227s] Level 1:colcon.colcon_core.package_identification:_identify(mapping) by extension 'colcon_pkg'
[0.227s] Level 1:colcon.colcon_core.package_identification:_identify(mapping) by extensions ['colcon_meta']
[0.227s] Level 1:colcon.colcon_core.package_identification:_identify(mapping) by extension 'colcon_meta'
[0.227s] Level 1:colcon.colcon_core.package_identification:_identify(mapping) by extensions ['ros']
[0.227s] Level 1:colcon.colcon_core.package_identification:_identify(mapping) by extension 'ros'
[0.228s] DEBUG:colcon.colcon_core.package_identification:Package 'mapping' with type 'ros.ament_cmake' and name 'mapping'
[0.228s] Level 1:colcon.colcon_core.package_identification:_identify(module_1_assignment) by extensions ['ignore', 'ignore_ament_install']
[0.228s] Level 1:colcon.colcon_core.package_identification:_identify(module_1_assignment) by extension 'ignore'
[0.228s] Level 1:colcon.colcon_core.package_identification:_identify(module_1_assignment) by extension 'ignore_ament_install'
[0.228s] Level 1:colcon.colcon_core.package_identification:_identify(module_1_assignment) by extensions ['colcon_pkg']
[0.228s] Level 1:colcon.colcon_core.package_identification:_identify(module_1_assignment) by extension 'colcon_pkg'
[0.228s] Level 1:colcon.colcon_core.package_identification:_identify(module_1_assignment) by extensions ['colcon_meta']
[0.228s] Level 1:colcon.colcon_core.package_identification:_identify(module_1_assignment) by extension 'colcon_meta'
[0.228s] Level 1:colcon.colcon_core.package_identification:_identify(module_1_assignment) by extensions ['ros']
[0.228s] Level 1:colcon.colcon_core.package_identification:_identify(module_1_assignment) by extension 'ros'
[0.229s] Level 1:colcon.colcon_core.package_identification:_identify(module_1_assignment) by extensions ['cmake', 'python']
[0.229s] Level 1:colcon.colcon_core.package_identification:_identify(module_1_assignment) by extension 'cmake'
[0.229s] Level 1:colcon.colcon_core.package_identification:_identify(module_1_assignment) by extension 'python'
[0.229s] Level 1:colcon.colcon_core.package_identification:_identify(module_1_assignment) by extensions ['python_setup_py']
[0.229s] Level 1:colcon.colcon_core.package_identification:_identify(module_1_assignment) by extension 'python_setup_py'
[0.229s] Level 1:colcon.colcon_core.package_identification:_identify(module_1_assignment/build) by extensions ['ignore', 'ignore_ament_install']
[0.229s] Level 1:colcon.colcon_core.package_identification:_identify(module_1_assignment/build) by extension 'ignore'
[0.229s] Level 1:colcon.colcon_core.package_identification:_identify(module_1_assignment/build) by extension 'ignore_ament_install'
[0.229s] Level 1:colcon.colcon_core.package_identification:_identify(module_1_assignment/build) by extensions ['colcon_pkg']
[0.229s] Level 1:colcon.colcon_core.package_identification:_identify(module_1_assignment/build) by extension 'colcon_pkg'
[0.229s] Level 1:colcon.colcon_core.package_identification:_identify(module_1_assignment/build) by extensions ['colcon_meta']
[0.229s] Level 1:colcon.colcon_core.package_identification:_identify(module_1_assignment/build) by extension 'colcon_meta'
[0.229s] Level 1:colcon.colcon_core.package_identification:_identify(module_1_assignment/build) by extensions ['ros']
[0.229s] Level 1:colcon.colcon_core.package_identification:_identify(module_1_assignment/build) by extension 'ros'
[0.229s] Level 1:colcon.colcon_core.package_identification:_identify(module_1_assignment/build) by extensions ['cmake', 'python']
[0.229s] Level 1:colcon.colcon_core.package_identification:_identify(module_1_assignment/build) by extension 'cmake'
[0.229s] Level 1:colcon.colcon_core.package_identification:_identify(module_1_assignment/build) by extension 'python'
[0.229s] Level 1:colcon.colcon_core.package_identification:_identify(module_1_assignment/build) by extensions ['python_setup_py']
[0.229s] Level 1:colcon.colcon_core.package_identification:_identify(module_1_assignment/build) by extension 'python_setup_py'
[0.229s] Level 1:colcon.colcon_core.package_identification:_identify(module_1_assignment/build/CMakeFiles) by extensions ['ignore', 'ignore_ament_install']
[0.229s] Level 1:colcon.colcon_core.package_identification:_identify(module_1_assignment/build/CMakeFiles) by extension 'ignore'
[0.229s] Level 1:colcon.colcon_core.package_identification:_identify(module_1_assignment/build/CMakeFiles) by extension 'ignore_ament_install'
[0.229s] Level 1:colcon.colcon_core.package_identification:_identify(module_1_assignment/build/CMakeFiles) by extensions ['colcon_pkg']
[0.229s] Level 1:colcon.colcon_core.package_identification:_identify(module_1_assignment/build/CMakeFiles) by extension 'colcon_pkg'
[0.229s] Level 1:colcon.colcon_core.package_identification:_identify(module_1_assignment/build/CMakeFiles) by extensions ['colcon_meta']
[0.229s] Level 1:colcon.colcon_core.package_identification:_identify(module_1_assignment/build/CMakeFiles) by extension 'colcon_meta'
[0.229s] Level 1:colcon.colcon_core.package_identification:_identify(module_1_assignment/build/CMakeFiles) by extensions ['ros']
[0.229s] Level 1:colcon.colcon_core.package_identification:_identify(module_1_assignment/build/CMakeFiles) by extension 'ros'
[0.230s] Level 1:colcon.colcon_core.package_identification:_identify(module_1_assignment/build/CMakeFiles) by extensions ['cmake', 'python']
[0.230s] Level 1:colcon.colcon_core.package_identification:_identify(module_1_assignment/build/CMakeFiles) by extension 'cmake'
[0.230s] Level 1:colcon.colcon_core.package_identification:_identify(module_1_assignment/build/CMakeFiles) by extension 'python'
[0.230s] Level 1:colcon.colcon_core.package_identification:_identify(module_1_assignment/build/CMakeFiles) by extensions ['python_setup_py']
[0.230s] Level 1:colcon.colcon_core.package_identification:_identify(module_1_assignment/build/CMakeFiles) by extension 'python_setup_py'
[0.230s] Level 1:colcon.colcon_core.package_identification:_identify(module_1_assignment/build/CMakeFiles/3.22.1) by extensions ['ignore', 'ignore_ament_install']
[0.230s] Level 1:colcon.colcon_core.package_identification:_identify(module_1_assignment/build/CMakeFiles/3.22.1) by extension 'ignore'
[0.230s] Level 1:colcon.colcon_core.package_identification:_identify(module_1_assignment/build/CMakeFiles/3.22.1) by extension 'ignore_ament_install'
[0.230s] Level 1:colcon.colcon_core.package_identification:_identify(module_1_assignment/build/CMakeFiles/3.22.1) by extensions ['colcon_pkg']
[0.230s] Level 1:colcon.colcon_core.package_identification:_identify(module_1_assignment/build/CMakeFiles/3.22.1) by extension 'colcon_pkg'
[0.230s] Level 1:colcon.colcon_core.package_identification:_identify(module_1_assignment/build/CMakeFiles/3.22.1) by extensions ['colcon_meta']
[0.230s] Level 1:colcon.colcon_core.package_identification:_identify(module_1_assignment/build/CMakeFiles/3.22.1) by extension 'colcon_meta'
[0.230s] Level 1:colcon.colcon_core.package_identification:_identify(module_1_assignment/build/CMakeFiles/3.22.1) by extensions ['ros']
[0.230s] Level 1:colcon.colcon_core.package_identification:_identify(module_1_assignment/build/CMakeFiles/3.22.1) by extension 'ros'
[0.230s] Level 1:colcon.colcon_core.package_identification:_identify(module_1_assignment/build/CMakeFiles/3.22.1) by extensions ['cmake', 'python']
[0.230s] Level 1:colcon.colcon_core.package_identification:_identify(module_1_assignment/build/CMakeFiles/3.22.1) by extension 'cmake'
[0.230s] Level 1:colcon.colcon_core.package_identification:_identify(module_1_assignment/build/CMakeFiles/3.22.1) by extension 'python'
[0.230s] Level 1:colcon.colcon_core.package_identification:_identify(module_1_assignment/build/CMakeFiles/3.22.1) by extensions ['python_setup_py']
[0.230s] Level 1:colcon.colcon_core.package_identification:_identify(module_1_assignment/build/CMakeFiles/3.22.1) by extension 'python_setup_py'
[0.230s] Level 1:colcon.colcon_core.package_identification:_identify(module_1_assignment/build/CMakeFiles/3.22.1/CompilerIdC) by extensions ['ignore', 'ignore_ament_install']
[0.230s] Level 1:colcon.colcon_core.package_identification:_identify(module_1_assignment/build/CMakeFiles/3.22.1/CompilerIdC) by extension 'ignore'
[0.230s] Level 1:colcon.colcon_core.package_identification:_identify(module_1_assignment/build/CMakeFiles/3.22.1/CompilerIdC) by extension 'ignore_ament_install'
[0.230s] Level 1:colcon.colcon_core.package_identification:_identify(module_1_assignment/build/CMakeFiles/3.22.1/CompilerIdC) by extensions ['colcon_pkg']
[0.230s] Level 1:colcon.colcon_core.package_identification:_identify(module_1_assignment/build/CMakeFiles/3.22.1/CompilerIdC) by extension 'colcon_pkg'
[0.230s] Level 1:colcon.colcon_core.package_identification:_identify(module_1_assignment/build/CMakeFiles/3.22.1/CompilerIdC) by extensions ['colcon_meta']
[0.230s] Level 1:colcon.colcon_core.package_identification:_identify(module_1_assignment/build/CMakeFiles/3.22.1/CompilerIdC) by extension 'colcon_meta'
[0.231s] Level 1:colcon.colcon_core.package_identification:_identify(module_1_assignment/build/CMakeFiles/3.22.1/CompilerIdC) by extensions ['ros']
[0.231s] Level 1:colcon.colcon_core.package_identification:_identify(module_1_assignment/build/CMakeFiles/3.22.1/CompilerIdC) by extension 'ros'
[0.231s] Level 1:colcon.colcon_core.package_identification:_identify(module_1_assignment/build/CMakeFiles/3.22.1/CompilerIdC) by extensions ['cmake', 'python']
[0.231s] Level 1:colcon.colcon_core.package_identification:_identify(module_1_assignment/build/CMakeFiles/3.22.1/CompilerIdC) by extension 'cmake'
[0.231s] Level 1:colcon.colcon_core.package_identification:_identify(module_1_assignment/build/CMakeFiles/3.22.1/CompilerIdC) by extension 'python'
[0.231s] Level 1:colcon.colcon_core.package_identification:_identify(module_1_assignment/build/CMakeFiles/3.22.1/CompilerIdC) by extensions ['python_setup_py']
[0.231s] Level 1:colcon.colcon_core.package_identification:_identify(module_1_assignment/build/CMakeFiles/3.22.1/CompilerIdC) by extension 'python_setup_py'
[0.231s] Level 1:colcon.colcon_core.package_identification:_identify(module_1_assignment/build/CMakeFiles/3.22.1/CompilerIdC/tmp) by extensions ['ignore', 'ignore_ament_install']
[0.231s] Level 1:colcon.colcon_core.package_identification:_identify(module_1_assignment/build/CMakeFiles/3.22.1/CompilerIdC/tmp) by extension 'ignore'
[0.231s] Level 1:colcon.colcon_core.package_identification:_identify(module_1_assignment/build/CMakeFiles/3.22.1/CompilerIdC/tmp) by extension 'ignore_ament_install'
[0.231s] Level 1:colcon.colcon_core.package_identification:_identify(module_1_assignment/build/CMakeFiles/3.22.1/CompilerIdC/tmp) by extensions ['colcon_pkg']
[0.231s] Level 1:colcon.colcon_core.package_identification:_identify(module_1_assignment/build/CMakeFiles/3.22.1/CompilerIdC/tmp) by extension 'colcon_pkg'
[0.231s] Level 1:colcon.colcon_core.package_identification:_identify(module_1_assignment/build/CMakeFiles/3.22.1/CompilerIdC/tmp) by extensions ['colcon_meta']
[0.231s] Level 1:colcon.colcon_core.package_identification:_identify(module_1_assignment/build/CMakeFiles/3.22.1/CompilerIdC/tmp) by extension 'colcon_meta'
[0.231s] Level 1:colcon.colcon_core.package_identification:_identify(module_1_assignment/build/CMakeFiles/3.22.1/CompilerIdC/tmp) by extensions ['ros']
[0.231s] Level 1:colcon.colcon_core.package_identification:_identify(module_1_assignment/build/CMakeFiles/3.22.1/CompilerIdC/tmp) by extension 'ros'
[0.231s] Level 1:colcon.colcon_core.package_identification:_identify(module_1_assignment/build/CMakeFiles/3.22.1/CompilerIdC/tmp) by extensions ['cmake', 'python']
[0.231s] Level 1:colcon.colcon_core.package_identification:_identify(module_1_assignment/build/CMakeFiles/3.22.1/CompilerIdC/tmp) by extension 'cmake'
[0.231s] Level 1:colcon.colcon_core.package_identification:_identify(module_1_assignment/build/CMakeFiles/3.22.1/CompilerIdC/tmp) by extension 'python'
[0.231s] Level 1:colcon.colcon_core.package_identification:_identify(module_1_assignment/build/CMakeFiles/3.22.1/CompilerIdC/tmp) by extensions ['python_setup_py']
[0.231s] Level 1:colcon.colcon_core.package_identification:_identify(module_1_assignment/build/CMakeFiles/3.22.1/CompilerIdC/tmp) by extension 'python_setup_py'
[0.231s] Level 1:colcon.colcon_core.package_identification:_identify(module_1_assignment/build/CMakeFiles/3.22.1/CompilerIdCXX) by extensions ['ignore', 'ignore_ament_install']
[0.231s] Level 1:colcon.colcon_core.package_identification:_identify(module_1_assignment/build/CMakeFiles/3.22.1/CompilerIdCXX) by extension 'ignore'
[0.231s] Level 1:colcon.colcon_core.package_identification:_identify(module_1_assignment/build/CMakeFiles/3.22.1/CompilerIdCXX) by extension 'ignore_ament_install'
[0.231s] Level 1:colcon.colcon_core.package_identification:_identify(module_1_assignment/build/CMakeFiles/3.22.1/CompilerIdCXX) by extensions ['colcon_pkg']
[0.232s] Level 1:colcon.colcon_core.package_identification:_identify(module_1_assignment/build/CMakeFiles/3.22.1/CompilerIdCXX) by extension 'colcon_pkg'
[0.232s] Level 1:colcon.colcon_core.package_identification:_identify(module_1_assignment/build/CMakeFiles/3.22.1/CompilerIdCXX) by extensions ['colcon_meta']
[0.232s] Level 1:colcon.colcon_core.package_identification:_identify(module_1_assignment/build/CMakeFiles/3.22.1/CompilerIdCXX) by extension 'colcon_meta'
[0.232s] Level 1:colcon.colcon_core.package_identification:_identify(module_1_assignment/build/CMakeFiles/3.22.1/CompilerIdCXX) by extensions ['ros']
[0.232s] Level 1:colcon.colcon_core.package_identification:_identify(module_1_assignment/build/CMakeFiles/3.22.1/CompilerIdCXX) by extension 'ros'
[0.232s] Level 1:colcon.colcon_core.package_identification:_identify(module_1_assignment/build/CMakeFiles/3.22.1/CompilerIdCXX) by extensions ['cmake', 'python']
[0.232s] Level 1:colcon.colcon_core.package_identification:_identify(module_1_assignment/build/CMakeFiles/3.22.1/CompilerIdCXX) by extension 'cmake'
[0.232s] Level 1:colcon.colcon_core.package_identification:_identify(module_1_assignment/build/CMakeFiles/3.22.1/CompilerIdCXX) by extension 'python'
[0.232s] Level 1:colcon.colcon_core.package_identification:_identify(module_1_assignment/build/CMakeFiles/3.22.1/CompilerIdCXX) by extensions ['python_setup_py']
[0.232s] Level 1:colcon.colcon_core.package_identification:_identify(module_1_assignment/build/CMakeFiles/3.22.1/CompilerIdCXX) by extension 'python_setup_py'
[0.232s] Level 1:colcon.colcon_core.package_identification:_identify(module_1_assignment/build/CMakeFiles/3.22.1/CompilerIdCXX/tmp) by extensions ['ignore', 'ignore_ament_install']
[0.232s] Level 1:colcon.colcon_core.package_identification:_identify(module_1_assignment/build/CMakeFiles/3.22.1/CompilerIdCXX/tmp) by extension 'ignore'
[0.232s] Level 1:colcon.colcon_core.package_identification:_identify(module_1_assignment/build/CMakeFiles/3.22.1/CompilerIdCXX/tmp) by extension 'ignore_ament_install'
[0.232s] Level 1:colcon.colcon_core.package_identification:_identify(module_1_assignment/build/CMakeFiles/3.22.1/CompilerIdCXX/tmp) by extensions ['colcon_pkg']
[0.232s] Level 1:colcon.colcon_core.package_identification:_identify(module_1_assignment/build/CMakeFiles/3.22.1/CompilerIdCXX/tmp) by extension 'colcon_pkg'
[0.232s] Level 1:colcon.colcon_core.package_identification:_identify(module_1_assignment/build/CMakeFiles/3.22.1/CompilerIdCXX/tmp) by extensions ['colcon_meta']
[0.232s] Level 1:colcon.colcon_core.package_identification:_identify(module_1_assignment/build/CMakeFiles/3.22.1/CompilerIdCXX/tmp) by extension 'colcon_meta'
[0.232s] Level 1:colcon.colcon_core.package_identification:_identify(module_1_assignment/build/CMakeFiles/3.22.1/CompilerIdCXX/tmp) by extensions ['ros']
[0.232s] Level 1:colcon.colcon_core.package_identification:_identify(module_1_assignment/build/CMakeFiles/3.22.1/CompilerIdCXX/tmp) by extension 'ros'
[0.232s] Level 1:colcon.colcon_core.package_identification:_identify(module_1_assignment/build/CMakeFiles/3.22.1/CompilerIdCXX/tmp) by extensions ['cmake', 'python']
[0.232s] Level 1:colcon.colcon_core.package_identification:_identify(module_1_assignment/build/CMakeFiles/3.22.1/CompilerIdCXX/tmp) by extension 'cmake'
[0.232s] Level 1:colcon.colcon_core.package_identification:_identify(module_1_assignment/build/CMakeFiles/3.22.1/CompilerIdCXX/tmp) by extension 'python'
[0.232s] Level 1:colcon.colcon_core.package_identification:_identify(module_1_assignment/build/CMakeFiles/3.22.1/CompilerIdCXX/tmp) by extensions ['python_setup_py']
[0.232s] Level 1:colcon.colcon_core.package_identification:_identify(module_1_assignment/build/CMakeFiles/3.22.1/CompilerIdCXX/tmp) by extension 'python_setup_py'
[0.232s] Level 1:colcon.colcon_core.package_identification:_identify(module_1_assignment/build/CMakeFiles/CMakeTmp) by extensions ['ignore', 'ignore_ament_install']
[0.232s] Level 1:colcon.colcon_core.package_identification:_identify(module_1_assignment/build/CMakeFiles/CMakeTmp) by extension 'ignore'
[0.233s] Level 1:colcon.colcon_core.package_identification:_identify(module_1_assignment/build/CMakeFiles/CMakeTmp) by extension 'ignore_ament_install'
[0.233s] Level 1:colcon.colcon_core.package_identification:_identify(module_1_assignment/build/CMakeFiles/CMakeTmp) by extensions ['colcon_pkg']
[0.233s] Level 1:colcon.colcon_core.package_identification:_identify(module_1_assignment/build/CMakeFiles/CMakeTmp) by extension 'colcon_pkg'
[0.233s] Level 1:colcon.colcon_core.package_identification:_identify(module_1_assignment/build/CMakeFiles/CMakeTmp) by extensions ['colcon_meta']
[0.233s] Level 1:colcon.colcon_core.package_identification:_identify(module_1_assignment/build/CMakeFiles/CMakeTmp) by extension 'colcon_meta'
[0.233s] Level 1:colcon.colcon_core.package_identification:_identify(module_1_assignment/build/CMakeFiles/CMakeTmp) by extensions ['ros']
[0.233s] Level 1:colcon.colcon_core.package_identification:_identify(module_1_assignment/build/CMakeFiles/CMakeTmp) by extension 'ros'
[0.233s] Level 1:colcon.colcon_core.package_identification:_identify(module_1_assignment/build/CMakeFiles/CMakeTmp) by extensions ['cmake', 'python']
[0.233s] Level 1:colcon.colcon_core.package_identification:_identify(module_1_assignment/build/CMakeFiles/CMakeTmp) by extension 'cmake'
[0.233s] Level 1:colcon.colcon_core.package_identification:_identify(module_1_assignment/build/CMakeFiles/CMakeTmp) by extension 'python'
[0.233s] Level 1:colcon.colcon_core.package_identification:_identify(module_1_assignment/build/CMakeFiles/CMakeTmp) by extensions ['python_setup_py']
[0.233s] Level 1:colcon.colcon_core.package_identification:_identify(module_1_assignment/build/CMakeFiles/CMakeTmp) by extension 'python_setup_py'
[0.233s] Level 1:colcon.colcon_core.package_identification:_identify(module_1_assignment/build/ament_cppcheck) by extensions ['ignore', 'ignore_ament_install']
[0.233s] Level 1:colcon.colcon_core.package_identification:_identify(module_1_assignment/build/ament_cppcheck) by extension 'ignore'
[0.233s] Level 1:colcon.colcon_core.package_identification:_identify(module_1_assignment/build/ament_cppcheck) by extension 'ignore_ament_install'
[0.233s] Level 1:colcon.colcon_core.package_identification:_identify(module_1_assignment/build/ament_cppcheck) by extensions ['colcon_pkg']
[0.233s] Level 1:colcon.colcon_core.package_identification:_identify(module_1_assignment/build/ament_cppcheck) by extension 'colcon_pkg'
[0.233s] Level 1:colcon.colcon_core.package_identification:_identify(module_1_assignment/build/ament_cppcheck) by extensions ['colcon_meta']
[0.233s] Level 1:colcon.colcon_core.package_identification:_identify(module_1_assignment/build/ament_cppcheck) by extension 'colcon_meta'
[0.233s] Level 1:colcon.colcon_core.package_identification:_identify(module_1_assignment/build/ament_cppcheck) by extensions ['ros']
[0.233s] Level 1:colcon.colcon_core.package_identification:_identify(module_1_assignment/build/ament_cppcheck) by extension 'ros'
[0.233s] Level 1:colcon.colcon_core.package_identification:_identify(module_1_assignment/build/ament_cppcheck) by extensions ['cmake', 'python']
[0.233s] Level 1:colcon.colcon_core.package_identification:_identify(module_1_assignment/build/ament_cppcheck) by extension 'cmake'
[0.233s] Level 1:colcon.colcon_core.package_identification:_identify(module_1_assignment/build/ament_cppcheck) by extension 'python'
[0.233s] Level 1:colcon.colcon_core.package_identification:_identify(module_1_assignment/build/ament_cppcheck) by extensions ['python_setup_py']
[0.233s] Level 1:colcon.colcon_core.package_identification:_identify(module_1_assignment/build/ament_cppcheck) by extension 'python_setup_py'
[0.233s] Level 1:colcon.colcon_core.package_identification:_identify(module_1_assignment/build/ament_lint_cmake) by extensions ['ignore', 'ignore_ament_install']
[0.233s] Level 1:colcon.colcon_core.package_identification:_identify(module_1_assignment/build/ament_lint_cmake) by extension 'ignore'
[0.234s] Level 1:colcon.colcon_core.package_identification:_identify(module_1_assignment/build/ament_lint_cmake) by extension 'ignore_ament_install'
[0.234s] Level 1:colcon.colcon_core.package_identification:_identify(module_1_assignment/build/ament_lint_cmake) by extensions ['colcon_pkg']
[0.234s] Level 1:colcon.colcon_core.package_identification:_identify(module_1_assignment/build/ament_lint_cmake) by extension 'colcon_pkg'
[0.234s] Level 1:colcon.colcon_core.package_identification:_identify(module_1_assignment/build/ament_lint_cmake) by extensions ['colcon_meta']
[0.234s] Level 1:colcon.colcon_core.package_identification:_identify(module_1_assignment/build/ament_lint_cmake) by extension 'colcon_meta'
[0.234s] Level 1:colcon.colcon_core.package_identification:_identify(module_1_assignment/build/ament_lint_cmake) by extensions ['ros']
[0.234s] Level 1:colcon.colcon_core.package_identification:_identify(module_1_assignment/build/ament_lint_cmake) by extension 'ros'
[0.234s] Level 1:colcon.colcon_core.package_identification:_identify(module_1_assignment/build/ament_lint_cmake) by extensions ['cmake', 'python']
[0.234s] Level 1:colcon.colcon_core.package_identification:_identify(module_1_assignment/build/ament_lint_cmake) by extension 'cmake'
[0.234s] Level 1:colcon.colcon_core.package_identification:_identify(module_1_assignment/build/ament_lint_cmake) by extension 'python'
[0.234s] Level 1:colcon.colcon_core.package_identification:_identify(module_1_assignment/build/ament_lint_cmake) by extensions ['python_setup_py']
[0.234s] Level 1:colcon.colcon_core.package_identification:_identify(module_1_assignment/build/ament_lint_cmake) by extension 'python_setup_py'
[0.234s] Level 1:colcon.colcon_core.package_identification:_identify(module_1_assignment/build/ament_uncrustify) by extensions ['ignore', 'ignore_ament_install']
[0.234s] Level 1:colcon.colcon_core.package_identification:_identify(module_1_assignment/build/ament_uncrustify) by extension 'ignore'
[0.234s] Level 1:colcon.colcon_core.package_identification:_identify(module_1_assignment/build/ament_uncrustify) by extension 'ignore_ament_install'
[0.234s] Level 1:colcon.colcon_core.package_identification:_identify(module_1_assignment/build/ament_uncrustify) by extensions ['colcon_pkg']
[0.234s] Level 1:colcon.colcon_core.package_identification:_identify(module_1_assignment/build/ament_uncrustify) by extension 'colcon_pkg'
[0.234s] Level 1:colcon.colcon_core.package_identification:_identify(module_1_assignment/build/ament_uncrustify) by extensions ['colcon_meta']
[0.234s] Level 1:colcon.colcon_core.package_identification:_identify(module_1_assignment/build/ament_uncrustify) by extension 'colcon_meta'
[0.234s] Level 1:colcon.colcon_core.package_identification:_identify(module_1_assignment/build/ament_uncrustify) by extensions ['ros']
[0.234s] Level 1:colcon.colcon_core.package_identification:_identify(module_1_assignment/build/ament_uncrustify) by extension 'ros'
[0.234s] Level 1:colcon.colcon_core.package_identification:_identify(module_1_assignment/build/ament_uncrustify) by extensions ['cmake', 'python']
[0.234s] Level 1:colcon.colcon_core.package_identification:_identify(module_1_assignment/build/ament_uncrustify) by extension 'cmake'
[0.234s] Level 1:colcon.colcon_core.package_identification:_identify(module_1_assignment/build/ament_uncrustify) by extension 'python'
[0.234s] Level 1:colcon.colcon_core.package_identification:_identify(module_1_assignment/build/ament_uncrustify) by extensions ['python_setup_py']
[0.234s] Level 1:colcon.colcon_core.package_identification:_identify(module_1_assignment/build/ament_uncrustify) by extension 'python_setup_py'
[0.234s] Level 1:colcon.colcon_core.package_identification:_identify(module_1_assignment/build/ament_xmllint) by extensions ['ignore', 'ignore_ament_install']
[0.235s] Level 1:colcon.colcon_core.package_identification:_identify(module_1_assignment/build/ament_xmllint) by extension 'ignore'
[0.235s] Level 1:colcon.colcon_core.package_identification:_identify(module_1_assignment/build/ament_xmllint) by extension 'ignore_ament_install'
[0.235s] Level 1:colcon.colcon_core.package_identification:_identify(module_1_assignment/build/ament_xmllint) by extensions ['colcon_pkg']
[0.235s] Level 1:colcon.colcon_core.package_identification:_identify(module_1_assignment/build/ament_xmllint) by extension 'colcon_pkg'
[0.235s] Level 1:colcon.colcon_core.package_identification:_identify(module_1_assignment/build/ament_xmllint) by extensions ['colcon_meta']
[0.235s] Level 1:colcon.colcon_core.package_identification:_identify(module_1_assignment/build/ament_xmllint) by extension 'colcon_meta'
[0.235s] Level 1:colcon.colcon_core.package_identification:_identify(module_1_assignment/build/ament_xmllint) by extensions ['ros']
[0.235s] Level 1:colcon.colcon_core.package_identification:_identify(module_1_assignment/build/ament_xmllint) by extension 'ros'
[0.235s] Level 1:colcon.colcon_core.package_identification:_identify(module_1_assignment/build/ament_xmllint) by extensions ['cmake', 'python']
[0.235s] Level 1:colcon.colcon_core.package_identification:_identify(module_1_assignment/build/ament_xmllint) by extension 'cmake'
[0.235s] Level 1:colcon.colcon_core.package_identification:_identify(module_1_assignment/build/ament_xmllint) by extension 'python'
[0.235s] Level 1:colcon.colcon_core.package_identification:_identify(module_1_assignment/build/ament_xmllint) by extensions ['python_setup_py']
[0.235s] Level 1:colcon.colcon_core.package_identification:_identify(module_1_assignment/build/ament_xmllint) by extension 'python_setup_py'
[0.235s] Level 1:colcon.colcon_core.package_identification:_identify(path_planning) by extensions ['ignore', 'ignore_ament_install']
[0.235s] Level 1:colcon.colcon_core.package_identification:_identify(path_planning) by extension 'ignore'
[0.235s] Level 1:colcon.colcon_core.package_identification:_identify(path_planning) by extension 'ignore_ament_install'
[0.235s] Level 1:colcon.colcon_core.package_identification:_identify(path_planning) by extensions ['colcon_pkg']
[0.235s] Level 1:colcon.colcon_core.package_identification:_identify(path_planning) by extension 'colcon_pkg'
[0.235s] Level 1:colcon.colcon_core.package_identification:_identify(path_planning) by extensions ['colcon_meta']
[0.235s] Level 1:colcon.colcon_core.package_identification:_identify(path_planning) by extension 'colcon_meta'
[0.235s] Level 1:colcon.colcon_core.package_identification:_identify(path_planning) by extensions ['ros']
[0.235s] Level 1:colcon.colcon_core.package_identification:_identify(path_planning) by extension 'ros'
[0.236s] DEBUG:colcon.colcon_core.package_identification:Package 'path_planning' with type 'ros.ament_cmake' and name 'path_planning'
[0.236s] Level 1:colcon.colcon_core.package_identification:_identify(robot_sensing) by extensions ['ignore', 'ignore_ament_install']
[0.236s] Level 1:colcon.colcon_core.package_identification:_identify(robot_sensing) by extension 'ignore'
[0.236s] Level 1:colcon.colcon_core.package_identification:_identify(robot_sensing) by extension 'ignore_ament_install'
[0.236s] Level 1:colcon.colcon_core.package_identification:_identify(robot_sensing) by extensions ['colcon_pkg']
[0.236s] Level 1:colcon.colcon_core.package_identification:_identify(robot_sensing) by extension 'colcon_pkg'
[0.236s] Level 1:colcon.colcon_core.package_identification:_identify(robot_sensing) by extensions ['colcon_meta']
[0.236s] Level 1:colcon.colcon_core.package_identification:_identify(robot_sensing) by extension 'colcon_meta'
[0.236s] Level 1:colcon.colcon_core.package_identification:_identify(robot_sensing) by extensions ['ros']
[0.236s] Level 1:colcon.colcon_core.package_identification:_identify(robot_sensing) by extension 'ros'
[0.236s] DEBUG:colcon.colcon_core.package_identification:Package 'robot_sensing' with type 'ros.ament_cmake' and name 'robot_sensing'
[0.236s] Level 1:colcon.colcon_core.package_identification:_identify(sensor_fusion) by extensions ['ignore', 'ignore_ament_install']
[0.236s] Level 1:colcon.colcon_core.package_identification:_identify(sensor_fusion) by extension 'ignore'
[0.237s] Level 1:colcon.colcon_core.package_identification:_identify(sensor_fusion) by extension 'ignore_ament_install'
[0.237s] Level 1:colcon.colcon_core.package_identification:_identify(sensor_fusion) by extensions ['colcon_pkg']
[0.237s] Level 1:colcon.colcon_core.package_identification:_identify(sensor_fusion) by extension 'colcon_pkg'
[0.237s] Level 1:colcon.colcon_core.package_identification:_identify(sensor_fusion) by extensions ['colcon_meta']
[0.237s] Level 1:colcon.colcon_core.package_identification:_identify(sensor_fusion) by extension 'colcon_meta'
[0.237s] Level 1:colcon.colcon_core.package_identification:_identify(sensor_fusion) by extensions ['ros']
[0.237s] Level 1:colcon.colcon_core.package_identification:_identify(sensor_fusion) by extension 'ros'
[0.237s] DEBUG:colcon.colcon_core.package_identification:Package 'sensor_fusion' with type 'ros.ament_cmake' and name 'sensor_fusion'
[0.237s] Level 1:colcon.colcon_core.package_discovery:discover_packages(recursive) using defaults
[0.237s] Level 1:colcon.colcon_core.package_discovery:discover_packages(ignore) discover
[0.237s] Level 1:colcon.colcon_core.package_discovery:discover_packages(ignore) using defaults
[0.237s] Level 1:colcon.colcon_core.package_discovery:discover_packages(path) discover
[0.237s] Level 1:colcon.colcon_core.package_discovery:discover_packages(path) using defaults
[0.237s] WARNING:colcon.colcon_core.package_selection:ignoring unknown package 'module_7_assignment' in --packages-select
[0.258s] INFO:colcon.colcon_core.package_selection:Skipping not selected package 'LineFollowingRobot' in 'cpp_fundamentals'
[0.258s] INFO:colcon.colcon_core.package_selection:Skipping not selected package 'control_systems' in 'control_systems'
[0.259s] INFO:colcon.colcon_core.package_selection:Skipping not selected package 'custom_robots' in 'custom_robots'
[0.259s] INFO:colcon.colcon_core.package_selection:Skipping not selected package 'drive_mobile_robot' in 'drive_mobile_robot'
[0.259s] INFO:colcon.colcon_core.package_selection:Skipping not selected package 'mapping' in 'mapping'
[0.259s] INFO:colcon.colcon_core.package_selection:Skipping not selected package 'path_planning' in 'path_planning'
[0.259s] INFO:colcon.colcon_core.package_selection:Skipping not selected package 'robot_sensing' in 'robot_sensing'
[0.259s] INFO:colcon.colcon_core.package_selection:Skipping not selected package 'sensor_fusion' in 'sensor_fusion'
[0.259s] Level 1:colcon.colcon_core.package_discovery:discover_packages(prefix_path) check parameters
[0.259s] Level 1:colcon.colcon_core.package_discovery:discover_packages(prefix_path) discover
[0.260s] WARNING:colcon.colcon_ros.prefix_path.ament:The path '/home/maikelborys/assignment_ws/src/robotics_software_engineer/install/module_8_assignment' in the environment variable AMENT_PREFIX_PATH doesn't exist
[0.260s] WARNING:colcon.colcon_ros.prefix_path.ament:The path '/home/maikelborys/assignment_ws/src/robotics_software_engineer/install/module_7_assignment' in the environment variable AMENT_PREFIX_PATH doesn't exist
[0.260s] WARNING:colcon.colcon_ros.prefix_path.ament:The path '/home/maikelborys/assignment_ws/src/robotics_software_engineer/install/module_6_assignment' in the environment variable AMENT_PREFIX_PATH doesn't exist
[0.260s] WARNING:colcon.colcon_ros.prefix_path.ament:The path '/home/maikelborys/assignment_ws/src/robotics_software_engineer/install/module_5_assignment' in the environment variable AMENT_PREFIX_PATH doesn't exist
[0.260s] WARNING:colcon.colcon_ros.prefix_path.ament:The path '/home/maikelborys/assignment_ws/src/robotics_software_engineer/install/module_4_assignment' in the environment variable AMENT_PREFIX_PATH doesn't exist
[0.260s] WARNING:colcon.colcon_ros.prefix_path.ament:The path '/home/maikelborys/assignment_ws/src/robotics_software_engineer/install/module_3_assignment' in the environment variable AMENT_PREFIX_PATH doesn't exist
[0.260s] WARNING:colcon.colcon_ros.prefix_path.ament:The path '/home/maikelborys/assignment_ws/src/robotics_software_engineer/install/module_2_assignment' in the environment variable AMENT_PREFIX_PATH doesn't exist
[0.260s] WARNING:colcon.colcon_ros.prefix_path.ament:The path '/home/maikelborys/assignment_ws/src/robotics_software_engineer/install/module_1_assignment' in the environment variable AMENT_PREFIX_PATH doesn't exist
[0.260s] WARNING:colcon.colcon_ros.prefix_path.catkin:The path '/home/maikelborys/assignment_ws/src/robotics_software_engineer/install/module_8_assignment' in the environment variable CMAKE_PREFIX_PATH doesn't exist
[0.260s] WARNING:colcon.colcon_ros.prefix_path.catkin:The path '/home/maikelborys/assignment_ws/src/robotics_software_engineer/install/module_7_assignment' in the environment variable CMAKE_PREFIX_PATH doesn't exist
[0.260s] WARNING:colcon.colcon_ros.prefix_path.catkin:The path '/home/maikelborys/assignment_ws/src/robotics_software_engineer/install/module_6_assignment' in the environment variable CMAKE_PREFIX_PATH doesn't exist
[0.260s] WARNING:colcon.colcon_ros.prefix_path.catkin:The path '/home/maikelborys/assignment_ws/src/robotics_software_engineer/install/module_5_assignment' in the environment variable CMAKE_PREFIX_PATH doesn't exist
[0.260s] WARNING:colcon.colcon_ros.prefix_path.catkin:The path '/home/maikelborys/assignment_ws/src/robotics_software_engineer/install/module_4_assignment' in the environment variable CMAKE_PREFIX_PATH doesn't exist
[0.260s] WARNING:colcon.colcon_ros.prefix_path.catkin:The path '/home/maikelborys/assignment_ws/src/robotics_software_engineer/install/module_3_assignment' in the environment variable CMAKE_PREFIX_PATH doesn't exist
[0.260s] WARNING:colcon.colcon_ros.prefix_path.catkin:The path '/home/maikelborys/assignment_ws/src/robotics_software_engineer/install/module_2_assignment' in the environment variable CMAKE_PREFIX_PATH doesn't exist
[0.260s] WARNING:colcon.colcon_ros.prefix_path.catkin:The path '/home/maikelborys/assignment_ws/src/robotics_software_engineer/install/module_1_assignment' in the environment variable CMAKE_PREFIX_PATH doesn't exist
[0.261s] DEBUG:colcon.colcon_installed_package_information.package_discovery:Found 0 installed packages in /home/maikelborys/assignment_ws/src/robotics_software_engineer/install
[0.261s] DEBUG:colcon.colcon_installed_package_information.package_discovery:Found 8 installed packages in /home/maikelborys/ros2_ws/install
[0.262s] DEBUG:colcon.colcon_installed_package_information.package_discovery:Found 353 installed packages in /opt/ros/humble
[0.264s] Level 1:colcon.colcon_core.package_discovery:discover_packages(prefix_path) using defaults
[0.299s] INFO:colcon.colcon_core.executor:Executing jobs using 'parallel' executor
[0.300s] DEBUG:colcon.colcon_parallel_executor.executor.parallel:run_until_complete
[0.300s] DEBUG:colcon.colcon_parallel_executor.executor.parallel:closing loop
[0.300s] DEBUG:colcon.colcon_parallel_executor.executor.parallel:loop closed
[0.300s] DEBUG:colcon.colcon_parallel_executor.executor.parallel:run_until_complete finished with '0'
[0.300s] DEBUG:colcon.colcon_core.event_reactor:joining thread
[0.305s] INFO:colcon.colcon_core.plugin_system:Skipping extension 'colcon_notification.desktop_notification.terminal_notifier': Not used on non-Darwin systems
[0.305s] INFO:colcon.colcon_core.plugin_system:Skipping extension 'colcon_notification.desktop_notification.win32': Not used on non-Windows systems
[0.305s] INFO:colcon.colcon_notification.desktop_notification:Sending desktop notification using 'notify2'
[0.319s] DEBUG:colcon.colcon_core.event_reactor:joined thread
[0.320s] INFO:colcon.colcon_core.plugin_system:Skipping extension 'colcon_core.shell.bat': Not used on non-Windows systems
[0.321s] INFO:colcon.colcon_core.shell:Creating prefix script '/home/maikelborys/assignment_ws/src/robotics_software_engineer/install/local_setup.ps1'
[0.321s] INFO:colcon.colcon_core.shell:Creating prefix util module '/home/maikelborys/assignment_ws/src/robotics_software_engineer/install/_local_setup_util_ps1.py'
[0.322s] INFO:colcon.colcon_core.shell:Creating prefix chain script '/home/maikelborys/assignment_ws/src/robotics_software_engineer/install/setup.ps1'
[0.323s] INFO:colcon.colcon_core.shell:Creating prefix script '/home/maikelborys/assignment_ws/src/robotics_software_engineer/install/local_setup.sh'
[0.324s] INFO:colcon.colcon_core.shell:Creating prefix util module '/home/maikelborys/assignment_ws/src/robotics_software_engineer/install/_local_setup_util_sh.py'
[0.324s] INFO:colcon.colcon_core.shell:Creating prefix chain script '/home/maikelborys/assignment_ws/src/robotics_software_engineer/install/setup.sh'
[0.325s] INFO:colcon.colcon_core.shell:Creating prefix script '/home/maikelborys/assignment_ws/src/robotics_software_engineer/install/local_setup.bash'
[0.325s] INFO:colcon.colcon_core.shell:Creating prefix chain script '/home/maikelborys/assignment_ws/src/robotics_software_engineer/install/setup.bash'
[0.326s] INFO:colcon.colcon_core.shell:Creating prefix script '/home/maikelborys/assignment_ws/src/robotics_software_engineer/install/local_setup.zsh'
[0.326s] INFO:colcon.colcon_core.shell:Creating prefix chain script '/home/maikelborys/assignment_ws/src/robotics_software_engineer/install/setup.zsh'
