[0.010s] Invoking command in '/home/maikelborys/assignment_ws/src/robotics_software_engineer/build/module_2_assignment': CMAKE_PREFIX_PATH=${CMAKE_PREFIX_PATH}:/opt/ros/humble /usr/bin/cmake --build /home/maikelborys/assignment_ws/src/robotics_software_engineer/build/module_2_assignment -- -j16 -l16
[0.031s] -- Found ament_cmake: 1.3.11 (/opt/ros/humble/share/ament_cmake/cmake)
[0.130s] -- Found rclcpp: 16.0.11 (/opt/ros/humble/share/rclcpp/cmake)
[0.172s] -- Found rosidl_generator_c: 3.1.6 (/opt/ros/humble/share/rosidl_generator_c/cmake)
[0.174s] -- Found rosidl_adapter: 3.1.6 (/opt/ros/humble/share/rosidl_adapter/cmake)
[0.179s] -- Found rosidl_generator_cpp: 3.1.6 (/opt/ros/humble/share/rosidl_generator_cpp/cmake)
[0.190s] -- Using all available rosidl_typesupport_c: rosidl_typesupport_fastrtps_c;rosidl_typesupport_introspection_c
[0.204s] -- Using all available rosidl_typesupport_cpp: rosidl_typesupport_fastrtps_cpp;rosidl_typesupport_introspection_cpp
[0.232s] -- Found rmw_implementation_cmake: 6.1.2 (/opt/ros/humble/share/rmw_implementation_cmake/cmake)
[0.233s] -- Found rmw_fastrtps_cpp: 6.2.7 (/opt/ros/humble/share/rmw_fastrtps_cpp/cmake)
[0.330s] -- Using RMW implementation 'rmw_fastrtps_cpp' as default
[0.368s] -- Found geometry_msgs: 4.2.4 (/opt/ros/humble/share/geometry_msgs/cmake)
[0.380s] -- Found ament_lint_auto: 0.12.11 (/opt/ros/humble/share/ament_lint_auto/cmake)
[0.432s] -- Added test 'cppcheck' to perform static code analysis on C / C++ code
[0.432s] -- Configured cppcheck include dirs: 
[0.432s] -- Configured cppcheck exclude dirs and/or files: 
[0.433s] -- Added test 'flake8' to check Python code syntax and style conventions
[0.433s] -- Added test 'lint_cmake' to check CMake code style
[0.433s] -- Added test 'pep257' to check Python code against some of the docstring style conventions in PEP 257
[0.434s] -- Added test 'uncrustify' to check C / C++ code style
[0.434s] -- Configured uncrustify additional arguments: 
[0.434s] -- Added test 'xmllint' to check XML markup files
[0.435s] -- Configuring done
[0.446s] -- Generating done
[0.450s] -- Build files have been written to: /home/maikelborys/assignment_ws/src/robotics_software_engineer/build/module_2_assignment
[0.476s] [35m[1mConsolidate compiler generated dependencies of target circle_drive[0m
[0.485s] [ 25%] [32mBuilding CXX object CMakeFiles/spiral_drive.dir/src/spiral_drive.cpp.o[0m
[0.492s] [ 75%] Built target circle_drive
[3.498s] [100%] [32m[1mLinking CXX executable spiral_drive[0m
[3.661s] [100%] Built target spiral_drive
[3.674s] Invoked command in '/home/maikelborys/assignment_ws/src/robotics_software_engineer/build/module_2_assignment' returned '0': CMAKE_PREFIX_PATH=${CMAKE_PREFIX_PATH}:/opt/ros/humble /usr/bin/cmake --build /home/maikelborys/assignment_ws/src/robotics_software_engineer/build/module_2_assignment -- -j16 -l16
[3.683s] Invoking command in '/home/maikelborys/assignment_ws/src/robotics_software_engineer/build/module_2_assignment': CMAKE_PREFIX_PATH=${CMAKE_PREFIX_PATH}:/opt/ros/humble /usr/bin/cmake --install /home/maikelborys/assignment_ws/src/robotics_software_engineer/build/module_2_assignment
[3.689s] -- Install configuration: ""
[3.689s] -- Up-to-date: /home/maikelborys/assignment_ws/src/robotics_software_engineer/install/module_2_assignment/lib/module_2_assignment/circle_drive
[3.689s] -- Installing: /home/maikelborys/assignment_ws/src/robotics_software_engineer/install/module_2_assignment/lib/module_2_assignment/spiral_drive
[3.691s] -- Set runtime path of "/home/maikelborys/assignment_ws/src/robotics_software_engineer/install/module_2_assignment/lib/module_2_assignment/spiral_drive" to ""
[3.691s] -- Up-to-date: /home/maikelborys/assignment_ws/src/robotics_software_engineer/install/module_2_assignment/share/ament_index/resource_index/package_run_dependencies/module_2_assignment
[3.691s] -- Up-to-date: /home/maikelborys/assignment_ws/src/robotics_software_engineer/install/module_2_assignment/share/ament_index/resource_index/parent_prefix_path/module_2_assignment
[3.691s] -- Up-to-date: /home/maikelborys/assignment_ws/src/robotics_software_engineer/install/module_2_assignment/share/module_2_assignment/environment/ament_prefix_path.sh
[3.691s] -- Installing: /home/maikelborys/assignment_ws/src/robotics_software_engineer/install/module_2_assignment/share/module_2_assignment/environment/ament_prefix_path.dsv
[3.691s] -- Up-to-date: /home/maikelborys/assignment_ws/src/robotics_software_engineer/install/module_2_assignment/share/module_2_assignment/environment/path.sh
[3.691s] -- Installing: /home/maikelborys/assignment_ws/src/robotics_software_engineer/install/module_2_assignment/share/module_2_assignment/environment/path.dsv
[3.691s] -- Up-to-date: /home/maikelborys/assignment_ws/src/robotics_software_engineer/install/module_2_assignment/share/module_2_assignment/local_setup.bash
[3.691s] -- Up-to-date: /home/maikelborys/assignment_ws/src/robotics_software_engineer/install/module_2_assignment/share/module_2_assignment/local_setup.sh
[3.691s] -- Up-to-date: /home/maikelborys/assignment_ws/src/robotics_software_engineer/install/module_2_assignment/share/module_2_assignment/local_setup.zsh
[3.691s] -- Installing: /home/maikelborys/assignment_ws/src/robotics_software_engineer/install/module_2_assignment/share/module_2_assignment/local_setup.dsv
[3.692s] -- Installing: /home/maikelborys/assignment_ws/src/robotics_software_engineer/install/module_2_assignment/share/module_2_assignment/package.dsv
[3.692s] -- Up-to-date: /home/maikelborys/assignment_ws/src/robotics_software_engineer/install/module_2_assignment/share/ament_index/resource_index/packages/module_2_assignment
[3.692s] -- Up-to-date: /home/maikelborys/assignment_ws/src/robotics_software_engineer/install/module_2_assignment/share/module_2_assignment/cmake/module_2_assignmentConfig.cmake
[3.692s] -- Up-to-date: /home/maikelborys/assignment_ws/src/robotics_software_engineer/install/module_2_assignment/share/module_2_assignment/cmake/module_2_assignmentConfig-version.cmake
[3.692s] -- Up-to-date: /home/maikelborys/assignment_ws/src/robotics_software_engineer/install/module_2_assignment/share/module_2_assignment/package.xml
[3.694s] Invoked command in '/home/maikelborys/assignment_ws/src/robotics_software_engineer/build/module_2_assignment' returned '0': CMAKE_PREFIX_PATH=${CMAKE_PREFIX_PATH}:/opt/ros/humble /usr/bin/cmake --install /home/maikelborys/assignment_ws/src/robotics_software_engineer/build/module_2_assignment
