[0.010s] Invoking command in '/home/maikelborys/assignment_ws/src/robotics_software_engineer/build/module_5_assignment': CMAKE_PREFIX_PATH=${CMAKE_PREFIX_PATH}:/opt/ros/humble /usr/bin/cmake --build /home/maikelborys/assignment_ws/src/robotics_software_engineer/build/module_5_assignment -- -j16 -l16
[0.032s] -- Found ament_cmake: 1.3.11 (/opt/ros/humble/share/ament_cmake/cmake)
[0.122s] -- Override CMake install command with custom implementation using symlinks instead of copying resources
[0.133s] -- Found rclcpp: 16.0.11 (/opt/ros/humble/share/rclcpp/cmake)
[0.173s] -- Found rosidl_generator_c: 3.1.6 (/opt/ros/humble/share/rosidl_generator_c/cmake)
[0.175s] -- Found rosidl_adapter: 3.1.6 (/opt/ros/humble/share/rosidl_adapter/cmake)
[0.179s] -- Found rosidl_generator_cpp: 3.1.6 (/opt/ros/humble/share/rosidl_generator_cpp/cmake)
[0.187s] -- Using all available rosidl_typesupport_c: rosidl_typesupport_fastrtps_c;rosidl_typesupport_introspection_c
[0.196s] -- Using all available rosidl_typesupport_cpp: rosidl_typesupport_fastrtps_cpp;rosidl_typesupport_introspection_cpp
[0.221s] -- Found rmw_implementation_cmake: 6.1.2 (/opt/ros/humble/share/rmw_implementation_cmake/cmake)
[0.222s] -- Found rmw_fastrtps_cpp: 6.2.7 (/opt/ros/humble/share/rmw_fastrtps_cpp/cmake)
[0.329s] -- Using RMW implementation 'rmw_fastrtps_cpp' as default
[0.366s] -- Found sensor_msgs: 4.2.4 (/opt/ros/humble/share/sensor_msgs/cmake)
[0.393s] -- Found cv_bridge: 3.2.1 (/opt/ros/humble/share/cv_bridge/cmake)
[0.403s] -- Found tf2_ros: 0.25.12 (/opt/ros/humble/share/tf2_ros/cmake)
[0.467s] -- Found nav_msgs: 4.2.4 (/opt/ros/humble/share/nav_msgs/cmake)
[0.533s] -- Configuring done
[0.565s] -- Generating done
[0.572s] -- Build files have been written to: /home/maikelborys/assignment_ws/src/robotics_software_engineer/build/module_5_assignment
[0.598s] [35m[1mConsolidate compiler generated dependencies of target lineFollowing[0m
[0.600s] [35m[1mConsolidate compiler generated dependencies of target goal_planer[0m
[0.606s] [ 16%] [32mBuilding CXX object CMakeFiles/robotic_arm_tf_broadcaster.dir/src/robotic_arm_tf_broadcaster.cpp.o[0m
[0.618s] [ 83%] Built target lineFollowing
[0.618s] [ 83%] Built target goal_planer
[3.512s] [100%] [32m[1mLinking CXX executable robotic_arm_tf_broadcaster[0m
[3.678s] [100%] Built target robotic_arm_tf_broadcaster
[3.689s] Invoked command in '/home/maikelborys/assignment_ws/src/robotics_software_engineer/build/module_5_assignment' returned '0': CMAKE_PREFIX_PATH=${CMAKE_PREFIX_PATH}:/opt/ros/humble /usr/bin/cmake --build /home/maikelborys/assignment_ws/src/robotics_software_engineer/build/module_5_assignment -- -j16 -l16
[3.699s] Invoking command in '/home/maikelborys/assignment_ws/src/robotics_software_engineer/build/module_5_assignment': CMAKE_PREFIX_PATH=${CMAKE_PREFIX_PATH}:/opt/ros/humble /usr/bin/cmake --install /home/maikelborys/assignment_ws/src/robotics_software_engineer/build/module_5_assignment
[3.705s] -- Install configuration: ""
[3.706s] -- Execute custom install script
[3.706s] -- Up-to-date symlink: /home/maikelborys/assignment_ws/src/robotics_software_engineer/install/module_5_assignment/lib/module_5_assignment/lineFollowing
[3.706s] -- Up-to-date symlink: /home/maikelborys/assignment_ws/src/robotics_software_engineer/install/module_5_assignment/lib/module_5_assignment/goal_planer
[3.707s] -- Up-to-date symlink: /home/maikelborys/assignment_ws/src/robotics_software_engineer/install/module_5_assignment/share/module_5_assignment//launch/camera_line_following.launch.py
[3.707s] -- Up-to-date symlink: /home/maikelborys/assignment_ws/src/robotics_software_engineer/install/module_5_assignment/share/module_5_assignment//launch/goal_planer.launch.py
[3.707s] -- Up-to-date symlink: /home/maikelborys/assignment_ws/src/robotics_software_engineer/install/module_5_assignment/share/module_5_assignment//launch/robot_lift_debug.launch.py
[3.707s] -- Up-to-date symlink: /home/maikelborys/assignment_ws/src/robotics_software_engineer/install/module_5_assignment/share/module_5_assignment//launch/robot_state_publisher.launch.py
[3.707s] -- Up-to-date symlink: /home/maikelborys/assignment_ws/src/robotics_software_engineer/install/module_5_assignment/share/module_5_assignment//urdf/diff_drive.urdf
[3.707s] -- Symlinking: /home/maikelborys/assignment_ws/src/robotics_software_engineer/install/module_5_assignment/share/module_5_assignment//urdf/robotic_arm.urdf
[3.715s] -- Up-to-date symlink: /home/maikelborys/assignment_ws/src/robotics_software_engineer/install/module_5_assignment/share/ament_index/resource_index/package_run_dependencies/module_5_assignment
[3.715s] -- Up-to-date symlink: /home/maikelborys/assignment_ws/src/robotics_software_engineer/install/module_5_assignment/share/ament_index/resource_index/parent_prefix_path/module_5_assignment
[3.715s] -- Up-to-date symlink: /home/maikelborys/assignment_ws/src/robotics_software_engineer/install/module_5_assignment/share/module_5_assignment/environment/ament_prefix_path.sh
[3.715s] -- Up-to-date symlink: /home/maikelborys/assignment_ws/src/robotics_software_engineer/install/module_5_assignment/share/module_5_assignment/environment/ament_prefix_path.dsv
[3.715s] -- Up-to-date symlink: /home/maikelborys/assignment_ws/src/robotics_software_engineer/install/module_5_assignment/share/module_5_assignment/environment/path.sh
[3.715s] -- Up-to-date symlink: /home/maikelborys/assignment_ws/src/robotics_software_engineer/install/module_5_assignment/share/module_5_assignment/environment/path.dsv
[3.715s] -- Up-to-date symlink: /home/maikelborys/assignment_ws/src/robotics_software_engineer/install/module_5_assignment/share/module_5_assignment/local_setup.bash
[3.715s] -- Up-to-date symlink: /home/maikelborys/assignment_ws/src/robotics_software_engineer/install/module_5_assignment/share/module_5_assignment/local_setup.sh
[3.716s] -- Up-to-date symlink: /home/maikelborys/assignment_ws/src/robotics_software_engineer/install/module_5_assignment/share/module_5_assignment/local_setup.zsh
[3.716s] -- Up-to-date symlink: /home/maikelborys/assignment_ws/src/robotics_software_engineer/install/module_5_assignment/share/module_5_assignment/local_setup.dsv
[3.716s] -- Symlinking: /home/maikelborys/assignment_ws/src/robotics_software_engineer/install/module_5_assignment/share/module_5_assignment/package.dsv
[3.723s] -- Up-to-date symlink: /home/maikelborys/assignment_ws/src/robotics_software_engineer/install/module_5_assignment/share/ament_index/resource_index/packages/module_5_assignment
[3.724s] -- Up-to-date symlink: /home/maikelborys/assignment_ws/src/robotics_software_engineer/install/module_5_assignment/share/module_5_assignment/cmake/module_5_assignmentConfig.cmake
[3.724s] -- Up-to-date symlink: /home/maikelborys/assignment_ws/src/robotics_software_engineer/install/module_5_assignment/share/module_5_assignment/cmake/module_5_assignmentConfig-version.cmake
[3.724s] -- Up-to-date symlink: /home/maikelborys/assignment_ws/src/robotics_software_engineer/install/module_5_assignment/share/module_5_assignment/package.xml
[3.726s] Invoked command in '/home/maikelborys/assignment_ws/src/robotics_software_engineer/build/module_5_assignment' returned '0': CMAKE_PREFIX_PATH=${CMAKE_PREFIX_PATH}:/opt/ros/humble /usr/bin/cmake --install /home/maikelborys/assignment_ws/src/robotics_software_engineer/build/module_5_assignment
