[0.010s] Invoking command in '/home/maikelborys/assignment_ws/src/robotics_software_engineer/build/module_3_assignment': CMAKE_PREFIX_PATH=${CMAKE_PREFIX_PATH}:/home/maikelborys/ros2_ws/install/ai_assitance:/opt/ros/humble /usr/bin/cmake /home/maikelborys/assignment_ws/src/robotics_software_engineer/module_3_assignment -DCMAKE_INSTALL_PREFIX=/home/maikelborys/assignment_ws/src/robotics_software_engineer/install/module_3_assignment
[0.062s] -- The C compiler identification is GNU 11.4.0
[0.111s] -- The CXX compiler identification is GNU 11.4.0
[0.123s] -- Detecting C compiler ABI info
[0.278s] -- Detecting C compiler ABI info - done
[0.284s] -- Check for working C compiler: /usr/bin/cc - skipped
[0.284s] -- Detecting C compile features
[0.285s] -- Detecting C compile features - done
[0.287s] -- Detecting CXX compiler ABI info
[0.356s] -- Detecting CXX compiler ABI info - done
[0.363s] -- Check for working CXX compiler: /usr/bin/c++ - skipped
[0.363s] -- Detecting CXX compile features
[0.363s] -- Detecting CXX compile features - done
[0.366s] -- Found ament_cmake: 1.3.11 (/opt/ros/humble/share/ament_cmake/cmake)
[0.497s] -- Found Python3: /usr/bin/python3 (found version "3.10.12") found components: Interpreter 
[0.596s] -- Found tf2_ros: 0.25.11 (/opt/ros/humble/share/tf2_ros/cmake)
[0.642s] -- Found rosidl_generator_c: 3.1.6 (/opt/ros/humble/share/rosidl_generator_c/cmake)
[0.647s] -- Found rosidl_adapter: 3.1.6 (/opt/ros/humble/share/rosidl_adapter/cmake)
[0.654s] -- Found rosidl_generator_cpp: 3.1.6 (/opt/ros/humble/share/rosidl_generator_cpp/cmake)
[0.665s] -- Using all available rosidl_typesupport_c: rosidl_typesupport_fastrtps_c;rosidl_typesupport_introspection_c
[0.679s] -- Using all available rosidl_typesupport_cpp: rosidl_typesupport_fastrtps_cpp;rosidl_typesupport_introspection_cpp
[0.748s] -- Found rmw_implementation_cmake: 6.1.2 (/opt/ros/humble/share/rmw_implementation_cmake/cmake)
[0.750s] -- Found rmw_fastrtps_cpp: 6.2.7 (/opt/ros/humble/share/rmw_fastrtps_cpp/cmake)
[0.837s] -- Found OpenSSL: /usr/lib/x86_64-linux-gnu/libcrypto.so (found version "3.0.2")  
[0.866s] -- Found FastRTPS: /opt/ros/humble/include  
[0.909s] -- Using RMW implementation 'rmw_fastrtps_cpp' as default
[0.917s] -- Looking for pthread.h
[1.003s] -- Looking for pthread.h - found
[1.003s] -- Performing Test CMAKE_HAVE_LIBC_PTHREAD
[1.089s] -- Performing Test CMAKE_HAVE_LIBC_PTHREAD - Success
[1.091s] -- Found Threads: TRUE  
[1.260s] -- Found ament_lint_auto: 0.12.11 (/opt/ros/humble/share/ament_lint_auto/cmake)
[1.321s] -- Added test 'cppcheck' to perform static code analysis on C / C++ code
[1.321s] -- Configured cppcheck include dirs: 
[1.321s] -- Configured cppcheck exclude dirs and/or files: 
[1.321s] -- Added test 'flake8' to check Python code syntax and style conventions
[1.322s] -- Added test 'lint_cmake' to check CMake code style
[1.322s] -- Added test 'pep257' to check Python code against some of the docstring style conventions in PEP 257
[1.324s] -- Added test 'uncrustify' to check C / C++ code style
[1.324s] -- Configured uncrustify additional arguments: 
[1.324s] -- Added test 'xmllint' to check XML markup files
[1.326s] -- Configuring done
[1.339s] -- Generating done
[1.343s] -- Build files have been written to: /home/maikelborys/assignment_ws/src/robotics_software_engineer/build/module_3_assignment
[1.353s] Invoked command in '/home/maikelborys/assignment_ws/src/robotics_software_engineer/build/module_3_assignment' returned '0': CMAKE_PREFIX_PATH=${CMAKE_PREFIX_PATH}:/home/maikelborys/ros2_ws/install/ai_assitance:/opt/ros/humble /usr/bin/cmake /home/maikelborys/assignment_ws/src/robotics_software_engineer/module_3_assignment -DCMAKE_INSTALL_PREFIX=/home/maikelborys/assignment_ws/src/robotics_software_engineer/install/module_3_assignment
[1.355s] Invoking command in '/home/maikelborys/assignment_ws/src/robotics_software_engineer/build/module_3_assignment': CMAKE_PREFIX_PATH=${CMAKE_PREFIX_PATH}:/home/maikelborys/ros2_ws/install/ai_assitance:/opt/ros/humble /usr/bin/cmake --build /home/maikelborys/assignment_ws/src/robotics_software_engineer/build/module_3_assignment -- -j16 -l16
[1.402s] [ 25%] [32mBuilding CXX object CMakeFiles/robotic_arm_tf_broadcaster.dir/src/robotic_arm_tf_broadcaster.cpp.o[0m
[1.404s] [ 50%] [32mBuilding CXX object CMakeFiles/ackermann_tf_broadcaster.dir/src/ackermann_tf_broadcaster.cpp.o[0m
[4.276s] [ 75%] [32m[1mLinking CXX executable robotic_arm_tf_broadcaster[0m
[4.330s] [100%] [32m[1mLinking CXX executable ackermann_tf_broadcaster[0m
[4.449s] [100%] Built target robotic_arm_tf_broadcaster
[4.508s] [100%] Built target ackermann_tf_broadcaster
[4.521s] Invoked command in '/home/maikelborys/assignment_ws/src/robotics_software_engineer/build/module_3_assignment' returned '0': CMAKE_PREFIX_PATH=${CMAKE_PREFIX_PATH}:/home/maikelborys/ros2_ws/install/ai_assitance:/opt/ros/humble /usr/bin/cmake --build /home/maikelborys/assignment_ws/src/robotics_software_engineer/build/module_3_assignment -- -j16 -l16
[4.532s] Invoking command in '/home/maikelborys/assignment_ws/src/robotics_software_engineer/build/module_3_assignment': CMAKE_PREFIX_PATH=${CMAKE_PREFIX_PATH}:/home/maikelborys/ros2_ws/install/ai_assitance:/opt/ros/humble /usr/bin/cmake --install /home/maikelborys/assignment_ws/src/robotics_software_engineer/build/module_3_assignment
[4.538s] -- Install configuration: ""
[4.539s] -- Installing: /home/maikelborys/assignment_ws/src/robotics_software_engineer/install/module_3_assignment/lib/module_3_assignment/robotic_arm_tf_broadcaster
[4.540s] -- Set runtime path of "/home/maikelborys/assignment_ws/src/robotics_software_engineer/install/module_3_assignment/lib/module_3_assignment/robotic_arm_tf_broadcaster" to ""
[4.540s] -- Installing: /home/maikelborys/assignment_ws/src/robotics_software_engineer/install/module_3_assignment/lib/module_3_assignment/ackermann_tf_broadcaster
[4.541s] -- Set runtime path of "/home/maikelborys/assignment_ws/src/robotics_software_engineer/install/module_3_assignment/lib/module_3_assignment/ackermann_tf_broadcaster" to ""
[4.541s] -- Installing: /home/maikelborys/assignment_ws/src/robotics_software_engineer/install/module_3_assignment/share/module_3_assignment/launch
[4.541s] -- Installing: /home/maikelborys/assignment_ws/src/robotics_software_engineer/install/module_3_assignment/share/module_3_assignment/launch/robot_lift_debug.launch.py
[4.541s] -- Installing: /home/maikelborys/assignment_ws/src/robotics_software_engineer/install/module_3_assignment/share/module_3_assignment/launch/robot_state_publisher.launch.py
[4.541s] -- Installing: /home/maikelborys/assignment_ws/src/robotics_software_engineer/install/module_3_assignment/share/module_3_assignment/launch/ackermann_state_publisher.launch.py
[4.542s] -- Installing: /home/maikelborys/assignment_ws/src/robotics_software_engineer/install/module_3_assignment/share/module_3_assignment/urdf
[4.542s] -- Installing: /home/maikelborys/assignment_ws/src/robotics_software_engineer/install/module_3_assignment/share/module_3_assignment/urdf/wheeled_robot_lift.urdf
[4.542s] -- Installing: /home/maikelborys/assignment_ws/src/robotics_software_engineer/install/module_3_assignment/share/module_3_assignment/urdf/ackermann_drive.urdf
[4.542s] -- Installing: /home/maikelborys/assignment_ws/src/robotics_software_engineer/install/module_3_assignment/share/module_3_assignment/urdf/robotic_arm.urdf
[4.542s] -- Installing: /home/maikelborys/assignment_ws/src/robotics_software_engineer/install/module_3_assignment/share/ament_index/resource_index/package_run_dependencies/module_3_assignment
[4.542s] -- Installing: /home/maikelborys/assignment_ws/src/robotics_software_engineer/install/module_3_assignment/share/ament_index/resource_index/parent_prefix_path/module_3_assignment
[4.543s] -- Installing: /home/maikelborys/assignment_ws/src/robotics_software_engineer/install/module_3_assignment/share/module_3_assignment/environment/ament_prefix_path.sh
[4.543s] -- Installing: /home/maikelborys/assignment_ws/src/robotics_software_engineer/install/module_3_assignment/share/module_3_assignment/environment/ament_prefix_path.dsv
[4.543s] -- Installing: /home/maikelborys/assignment_ws/src/robotics_software_engineer/install/module_3_assignment/share/module_3_assignment/environment/path.sh
[4.543s] -- Installing: /home/maikelborys/assignment_ws/src/robotics_software_engineer/install/module_3_assignment/share/module_3_assignment/environment/path.dsv
[4.543s] -- Installing: /home/maikelborys/assignment_ws/src/robotics_software_engineer/install/module_3_assignment/share/module_3_assignment/local_setup.bash
[4.543s] -- Installing: /home/maikelborys/assignment_ws/src/robotics_software_engineer/install/module_3_assignment/share/module_3_assignment/local_setup.sh
[4.544s] -- Installing: /home/maikelborys/assignment_ws/src/robotics_software_engineer/install/module_3_assignment/share/module_3_assignment/local_setup.zsh
[4.544s] -- Installing: /home/maikelborys/assignment_ws/src/robotics_software_engineer/install/module_3_assignment/share/module_3_assignment/local_setup.dsv
[4.544s] -- Installing: /home/maikelborys/assignment_ws/src/robotics_software_engineer/install/module_3_assignment/share/module_3_assignment/package.dsv
[4.544s] -- Installing: /home/maikelborys/assignment_ws/src/robotics_software_engineer/install/module_3_assignment/share/ament_index/resource_index/packages/module_3_assignment
[4.544s] -- Installing: /home/maikelborys/assignment_ws/src/robotics_software_engineer/install/module_3_assignment/share/module_3_assignment/cmake/module_3_assignmentConfig.cmake
[4.545s] -- Installing: /home/maikelborys/assignment_ws/src/robotics_software_engineer/install/module_3_assignment/share/module_3_assignment/cmake/module_3_assignmentConfig-version.cmake
[4.545s] -- Installing: /home/maikelborys/assignment_ws/src/robotics_software_engineer/install/module_3_assignment/share/module_3_assignment/package.xml
[4.547s] Invoked command in '/home/maikelborys/assignment_ws/src/robotics_software_engineer/build/module_3_assignment' returned '0': CMAKE_PREFIX_PATH=${CMAKE_PREFIX_PATH}:/home/maikelborys/ros2_ws/install/ai_assitance:/opt/ros/humble /usr/bin/cmake --install /home/maikelborys/assignment_ws/src/robotics_software_engineer/build/module_3_assignment
