[0.029s] Invoking command in '/home/maikelborys/assignment_ws/src/robotics_software_engineer/build/module_2_assignment': CMAKE_PREFIX_PATH=${CMAKE_PREFIX_PATH}:/opt/ros/humble /usr/bin/cmake /home/maikelborys/assignment_ws/src/robotics_software_engineer/module_2_assignment -DCMAKE_INSTALL_PREFIX=/home/maikelborys/assignment_ws/src/robotics_software_engineer/install/module_2_assignment
[0.083s] -- The C compiler identification is GNU 11.4.0
[0.149s] -- The CXX compiler identification is GNU 11.4.0
[0.156s] -- Detecting C compiler ABI info
[0.231s] -- Detecting C compiler ABI info - done
[0.241s] -- Check for working C compiler: /usr/bin/cc - skipped
[0.241s] -- Detecting C compile features
[0.241s] -- Detecting C compile features - done
[0.244s] -- Detecting CXX compiler ABI info
[0.333s] -- Detecting CXX compiler ABI info - done
[0.341s] -- Check for working CXX compiler: /usr/bin/c++ - skipped
[0.341s] -- Detecting CXX compile features
[0.341s] -- Detecting CXX compile features - done
[0.345s] -- Found ament_cmake: 1.3.11 (/opt/ros/humble/share/ament_cmake/cmake)
[0.535s] -- Found Python3: /usr/bin/python3 (found version "3.10.12") found components: Interpreter 
[0.635s] -- Found rclcpp: 16.0.11 (/opt/ros/humble/share/rclcpp/cmake)
[0.682s] -- Found rosidl_generator_c: 3.1.6 (/opt/ros/humble/share/rosidl_generator_c/cmake)
[0.687s] -- Found rosidl_adapter: 3.1.6 (/opt/ros/humble/share/rosidl_adapter/cmake)
[0.696s] -- Found rosidl_generator_cpp: 3.1.6 (/opt/ros/humble/share/rosidl_generator_cpp/cmake)
[0.709s] -- Using all available rosidl_typesupport_c: rosidl_typesupport_fastrtps_c;rosidl_typesupport_introspection_c
[0.729s] -- Using all available rosidl_typesupport_cpp: rosidl_typesupport_fastrtps_cpp;rosidl_typesupport_introspection_cpp
[0.776s] -- Found rmw_implementation_cmake: 6.1.2 (/opt/ros/humble/share/rmw_implementation_cmake/cmake)
[0.779s] -- Found rmw_fastrtps_cpp: 6.2.7 (/opt/ros/humble/share/rmw_fastrtps_cpp/cmake)
[0.905s] -- Found OpenSSL: /usr/lib/x86_64-linux-gnu/libcrypto.so (found version "3.0.2")  
[0.953s] -- Found FastRTPS: /opt/ros/humble/include  
[1.021s] -- Using RMW implementation 'rmw_fastrtps_cpp' as default
[1.032s] -- Looking for pthread.h
[1.110s] -- Looking for pthread.h - found
[1.110s] -- Performing Test CMAKE_HAVE_LIBC_PTHREAD
[1.202s] -- Performing Test CMAKE_HAVE_LIBC_PTHREAD - Success
[1.202s] -- Found Threads: TRUE  
[1.252s] -- Found geometry_msgs: 4.2.4 (/opt/ros/humble/share/geometry_msgs/cmake)
[1.270s] -- Found ament_lint_auto: 0.12.11 (/opt/ros/humble/share/ament_lint_auto/cmake)
[1.342s] -- Added test 'cppcheck' to perform static code analysis on C / C++ code
[1.342s] -- Configured cppcheck include dirs: 
[1.342s] -- Configured cppcheck exclude dirs and/or files: 
[1.342s] -- Added test 'flake8' to check Python code syntax and style conventions
[1.343s] -- Added test 'lint_cmake' to check CMake code style
[1.343s] -- Added test 'pep257' to check Python code against some of the docstring style conventions in PEP 257
[1.344s] -- Added test 'uncrustify' to check C / C++ code style
[1.345s] -- Configured uncrustify additional arguments: 
[1.345s] -- Added test 'xmllint' to check XML markup files
[1.346s] -- Configuring done
[1.365s] -- Generating done
[1.372s] -- Build files have been written to: /home/maikelborys/assignment_ws/src/robotics_software_engineer/build/module_2_assignment
[1.383s] Invoked command in '/home/maikelborys/assignment_ws/src/robotics_software_engineer/build/module_2_assignment' returned '0': CMAKE_PREFIX_PATH=${CMAKE_PREFIX_PATH}:/opt/ros/humble /usr/bin/cmake /home/maikelborys/assignment_ws/src/robotics_software_engineer/module_2_assignment -DCMAKE_INSTALL_PREFIX=/home/maikelborys/assignment_ws/src/robotics_software_engineer/install/module_2_assignment
[1.385s] Invoking command in '/home/maikelborys/assignment_ws/src/robotics_software_engineer/build/module_2_assignment': CMAKE_PREFIX_PATH=${CMAKE_PREFIX_PATH}:/opt/ros/humble /usr/bin/cmake --build /home/maikelborys/assignment_ws/src/robotics_software_engineer/build/module_2_assignment -- -j16 -l16
[1.443s] [ 40%] [32mBuilding CXX object CMakeFiles/spiral_drive.dir/src/spiral_drive.cpp.o[0m
[1.443s] [ 40%] [32mBuilding CXX object CMakeFiles/led_subscriber.dir/src/led_subscriber.cpp.o[0m
[1.443s] [ 40%] [32mBuilding CXX object CMakeFiles/circle_drive.dir/src/circle_drive.cpp.o[0m
[1.443s] [ 40%] [32mBuilding CXX object CMakeFiles/back_forth.dir/src/back_forth.cpp.o[0m
[1.445s] [ 50%] [32mBuilding CXX object CMakeFiles/led_publisher.dir/src/led_publisher.cpp.o[0m
[10.399s] [ 90%] [32m[1mLinking CXX executable led_publisher[0m
[10.416s] [ 90%] [32m[1mLinking CXX executable circle_drive[0m
[10.416s] [ 90%] [32m[1mLinking CXX executable back_forth[0m
[10.431s] [ 90%] [32m[1mLinking CXX executable spiral_drive[0m
[10.738s] [ 90%] Built target led_publisher
[10.739s] [ 90%] Built target spiral_drive
[10.739s] [ 90%] Built target back_forth
[10.739s] [ 90%] Built target circle_drive
[10.959s] [100%] [32m[1mLinking CXX executable led_subscriber[0m
[11.375s] [100%] Built target led_subscriber
[11.376s] Invoked command in '/home/maikelborys/assignment_ws/src/robotics_software_engineer/build/module_2_assignment' returned '0': CMAKE_PREFIX_PATH=${CMAKE_PREFIX_PATH}:/opt/ros/humble /usr/bin/cmake --build /home/maikelborys/assignment_ws/src/robotics_software_engineer/build/module_2_assignment -- -j16 -l16
[11.376s] Invoking command in '/home/maikelborys/assignment_ws/src/robotics_software_engineer/build/module_2_assignment': CMAKE_PREFIX_PATH=${CMAKE_PREFIX_PATH}:/opt/ros/humble /usr/bin/cmake --install /home/maikelborys/assignment_ws/src/robotics_software_engineer/build/module_2_assignment
[11.435s] -- Install configuration: ""
[11.435s] -- Installing: /home/maikelborys/assignment_ws/src/robotics_software_engineer/install/module_2_assignment/lib/module_2_assignment/circle_drive
[11.452s] -- Set runtime path of "/home/maikelborys/assignment_ws/src/robotics_software_engineer/install/module_2_assignment/lib/module_2_assignment/circle_drive" to ""
[11.452s] -- Installing: /home/maikelborys/assignment_ws/src/robotics_software_engineer/install/module_2_assignment/lib/module_2_assignment/spiral_drive
[11.455s] -- Set runtime path of "/home/maikelborys/assignment_ws/src/robotics_software_engineer/install/module_2_assignment/lib/module_2_assignment/spiral_drive" to ""
[11.455s] -- Installing: /home/maikelborys/assignment_ws/src/robotics_software_engineer/install/module_2_assignment/lib/module_2_assignment/back_forth
[11.457s] -- Set runtime path of "/home/maikelborys/assignment_ws/src/robotics_software_engineer/install/module_2_assignment/lib/module_2_assignment/back_forth" to ""
[11.457s] -- Installing: /home/maikelborys/assignment_ws/src/robotics_software_engineer/install/module_2_assignment/lib/module_2_assignment/led_publisher
[11.460s] -- Set runtime path of "/home/maikelborys/assignment_ws/src/robotics_software_engineer/install/module_2_assignment/lib/module_2_assignment/led_publisher" to ""
[11.460s] -- Installing: /home/maikelborys/assignment_ws/src/robotics_software_engineer/install/module_2_assignment/lib/module_2_assignment/led_subscriber
[11.467s] -- Set runtime path of "/home/maikelborys/assignment_ws/src/robotics_software_engineer/install/module_2_assignment/lib/module_2_assignment/led_subscriber" to ""
[11.468s] -- Installing: /home/maikelborys/assignment_ws/src/robotics_software_engineer/install/module_2_assignment/share/module_2_assignment/launch
[11.491s] -- Installing: /home/maikelborys/assignment_ws/src/robotics_software_engineer/install/module_2_assignment/share/module_2_assignment/launch/spawn_turtlesim.launch.py
[11.497s] -- Installing: /home/maikelborys/assignment_ws/src/robotics_software_engineer/install/module_2_assignment/share/module_2_assignment/launch/multi_nodes.launch.py
[11.498s] -- Installing: /home/maikelborys/assignment_ws/src/robotics_software_engineer/install/module_2_assignment/share/module_2_assignment/launch/spawn_turtlebot.launch.py
[11.499s] -- Installing: /home/maikelborys/assignment_ws/src/robotics_software_engineer/install/module_2_assignment/share/module_2_assignment/launch/led_control.launch.py
[11.500s] -- Installing: /home/maikelborys/assignment_ws/src/robotics_software_engineer/install/module_2_assignment/share/ament_index/resource_index/package_run_dependencies/module_2_assignment
[11.519s] -- Installing: /home/maikelborys/assignment_ws/src/robotics_software_engineer/install/module_2_assignment/share/ament_index/resource_index/parent_prefix_path/module_2_assignment
[11.521s] -- Installing: /home/maikelborys/assignment_ws/src/robotics_software_engineer/install/module_2_assignment/share/module_2_assignment/environment/ament_prefix_path.sh
[11.521s] -- Installing: /home/maikelborys/assignment_ws/src/robotics_software_engineer/install/module_2_assignment/share/module_2_assignment/environment/ament_prefix_path.dsv
[11.535s] -- Installing: /home/maikelborys/assignment_ws/src/robotics_software_engineer/install/module_2_assignment/share/module_2_assignment/environment/path.sh
[11.535s] -- Installing: /home/maikelborys/assignment_ws/src/robotics_software_engineer/install/module_2_assignment/share/module_2_assignment/environment/path.dsv
[11.535s] -- Installing: /home/maikelborys/assignment_ws/src/robotics_software_engineer/install/module_2_assignment/share/module_2_assignment/local_setup.bash
[11.537s] -- Installing: /home/maikelborys/assignment_ws/src/robotics_software_engineer/install/module_2_assignment/share/module_2_assignment/local_setup.sh
[11.538s] -- Installing: /home/maikelborys/assignment_ws/src/robotics_software_engineer/install/module_2_assignment/share/module_2_assignment/local_setup.zsh
[11.538s] -- Installing: /home/maikelborys/assignment_ws/src/robotics_software_engineer/install/module_2_assignment/share/module_2_assignment/local_setup.dsv
[11.552s] -- Installing: /home/maikelborys/assignment_ws/src/robotics_software_engineer/install/module_2_assignment/share/module_2_assignment/package.dsv
[11.552s] -- Installing: /home/maikelborys/assignment_ws/src/robotics_software_engineer/install/module_2_assignment/share/ament_index/resource_index/packages/module_2_assignment
[11.552s] -- Installing: /home/maikelborys/assignment_ws/src/robotics_software_engineer/install/module_2_assignment/share/module_2_assignment/cmake/module_2_assignmentConfig.cmake
[11.554s] -- Installing: /home/maikelborys/assignment_ws/src/robotics_software_engineer/install/module_2_assignment/share/module_2_assignment/cmake/module_2_assignmentConfig-version.cmake
[11.555s] -- Installing: /home/maikelborys/assignment_ws/src/robotics_software_engineer/install/module_2_assignment/share/module_2_assignment/package.xml
[11.559s] Invoked command in '/home/maikelborys/assignment_ws/src/robotics_software_engineer/build/module_2_assignment' returned '0': CMAKE_PREFIX_PATH=${CMAKE_PREFIX_PATH}:/opt/ros/humble /usr/bin/cmake --install /home/maikelborys/assignment_ws/src/robotics_software_engineer/build/module_2_assignment
