[0.032s] Invoking command in '/home/maikelborys/assignment_ws/src/robotics_software_engineer/build/module_1_assignment': CMAKE_PREFIX_PATH=${CMAKE_PREFIX_PATH}:/opt/ros/humble /usr/bin/cmake /home/maikelborys/assignment_ws/src/robotics_software_engineer/module_1_assignment -DCMAKE_INSTALL_PREFIX=/home/maikelborys/assignment_ws/src/robotics_software_engineer/install/module_1_assignment
[0.084s] -- The C compiler identification is GNU 11.4.0
[0.142s] -- The CXX compiler identification is GNU 11.4.0
[0.149s] -- Detecting C compiler ABI info
[0.215s] -- Detecting C compiler ABI info - done
[0.221s] -- Check for working C compiler: /usr/bin/cc - skipped
[0.221s] -- Detecting C compile features
[0.222s] -- Detecting C compile features - done
[0.224s] -- Detecting CXX compiler ABI info
[0.308s] -- Detecting CXX compiler ABI info - done
[0.315s] -- Check for working CXX compiler: /usr/bin/c++ - skipped
[0.315s] -- Detecting CXX compile features
[0.316s] -- Detecting CXX compile features - done
[0.373s] -- Found ament_cmake: 1.3.11 (/opt/ros/humble/share/ament_cmake/cmake)
[0.537s] -- Found Python3: /usr/bin/python3 (found version "3.10.12") found components: Interpreter 
[0.637s] -- Found ament_lint_auto: 0.12.11 (/opt/ros/humble/share/ament_lint_auto/cmake)
[0.722s] -- Added test 'cppcheck' to perform static code analysis on C / C++ code
[0.723s] -- Configured cppcheck include dirs: 
[0.723s] -- Configured cppcheck exclude dirs and/or files: 
[0.727s] -- Added test 'lint_cmake' to check CMake code style
[0.737s] -- Added test 'uncrustify' to check C / C++ code style
[0.737s] -- Configured uncrustify additional arguments: 
[0.739s] -- Added test 'xmllint' to check XML markup files
[0.740s] -- Configuring done
[0.748s] -- Generating done
[0.751s] -- Build files have been written to: /home/maikelborys/assignment_ws/src/robotics_software_engineer/build/module_1_assignment
[0.774s] Invoked command in '/home/maikelborys/assignment_ws/src/robotics_software_engineer/build/module_1_assignment' returned '0': CMAKE_PREFIX_PATH=${CMAKE_PREFIX_PATH}:/opt/ros/humble /usr/bin/cmake /home/maikelborys/assignment_ws/src/robotics_software_engineer/module_1_assignment -DCMAKE_INSTALL_PREFIX=/home/maikelborys/assignment_ws/src/robotics_software_engineer/install/module_1_assignment
[0.775s] Invoking command in '/home/maikelborys/assignment_ws/src/robotics_software_engineer/build/module_1_assignment': CMAKE_PREFIX_PATH=${CMAKE_PREFIX_PATH}:/opt/ros/humble /usr/bin/cmake --build /home/maikelborys/assignment_ws/src/robotics_software_engineer/build/module_1_assignment -- -j16 -l16
[0.821s] [ 30%] [32mBuilding CXX object CMakeFiles/robot_simulation.dir/src/main.cpp.o[0m
[0.821s] [ 30%] [32mBuilding CXX object CMakeFiles/task_1.dir/src/task_1.cpp.o[0m
[0.821s] [ 30%] [32mBuilding CXX object CMakeFiles/task_3.dir/src/task_3.cpp.o[0m
[0.821s] [ 50%] [32mBuilding CXX object CMakeFiles/task_2.dir/src/task_2.cpp.o[0m
[0.821s] [ 50%] [32mBuilding CXX object CMakeFiles/robot_simulation.dir/src/Actuator.cpp.o[0m
[0.822s] [ 60%] [32mBuilding CXX object CMakeFiles/robot_simulation.dir/src/Robot.cpp.o[0m
[1.018s] [ 70%] [32m[1mLinking CXX executable robot_simulation[0m
[1.030s] [ 80%] [32m[1mLinking CXX executable task_3[0m
[1.036s] [ 90%] [32m[1mLinking CXX executable task_2[0m
[1.039s] [100%] [32m[1mLinking CXX executable task_1[0m
[1.106s] [100%] Built target task_1
[1.119s] [100%] Built target task_3
[1.124s] [100%] Built target task_2
[1.126s] [100%] Built target robot_simulation
[1.137s] Invoked command in '/home/maikelborys/assignment_ws/src/robotics_software_engineer/build/module_1_assignment' returned '0': CMAKE_PREFIX_PATH=${CMAKE_PREFIX_PATH}:/opt/ros/humble /usr/bin/cmake --build /home/maikelborys/assignment_ws/src/robotics_software_engineer/build/module_1_assignment -- -j16 -l16
[1.138s] Invoking command in '/home/maikelborys/assignment_ws/src/robotics_software_engineer/build/module_1_assignment': CMAKE_PREFIX_PATH=${CMAKE_PREFIX_PATH}:/opt/ros/humble /usr/bin/cmake --install /home/maikelborys/assignment_ws/src/robotics_software_engineer/build/module_1_assignment
[1.144s] -- Install configuration: ""
[1.144s] -- Installing: /home/maikelborys/assignment_ws/src/robotics_software_engineer/install/module_1_assignment/share/ament_index/resource_index/package_run_dependencies/module_1_assignment
[1.145s] -- Installing: /home/maikelborys/assignment_ws/src/robotics_software_engineer/install/module_1_assignment/share/ament_index/resource_index/parent_prefix_path/module_1_assignment
[1.145s] -- Installing: /home/maikelborys/assignment_ws/src/robotics_software_engineer/install/module_1_assignment/share/module_1_assignment/environment/ament_prefix_path.sh
[1.145s] -- Installing: /home/maikelborys/assignment_ws/src/robotics_software_engineer/install/module_1_assignment/share/module_1_assignment/environment/ament_prefix_path.dsv
[1.145s] -- Installing: /home/maikelborys/assignment_ws/src/robotics_software_engineer/install/module_1_assignment/share/module_1_assignment/environment/path.sh
[1.145s] -- Installing: /home/maikelborys/assignment_ws/src/robotics_software_engineer/install/module_1_assignment/share/module_1_assignment/environment/path.dsv
[1.145s] -- Installing: /home/maikelborys/assignment_ws/src/robotics_software_engineer/install/module_1_assignment/share/module_1_assignment/local_setup.bash
[1.146s] -- Installing: /home/maikelborys/assignment_ws/src/robotics_software_engineer/install/module_1_assignment/share/module_1_assignment/local_setup.sh
[1.146s] -- Installing: /home/maikelborys/assignment_ws/src/robotics_software_engineer/install/module_1_assignment/share/module_1_assignment/local_setup.zsh
[1.146s] -- Installing: /home/maikelborys/assignment_ws/src/robotics_software_engineer/install/module_1_assignment/share/module_1_assignment/local_setup.dsv
[1.146s] -- Installing: /home/maikelborys/assignment_ws/src/robotics_software_engineer/install/module_1_assignment/share/module_1_assignment/package.dsv
[1.146s] -- Installing: /home/maikelborys/assignment_ws/src/robotics_software_engineer/install/module_1_assignment/share/ament_index/resource_index/packages/module_1_assignment
[1.146s] -- Installing: /home/maikelborys/assignment_ws/src/robotics_software_engineer/install/module_1_assignment/share/module_1_assignment/cmake/module_1_assignmentConfig.cmake
[1.147s] -- Installing: /home/maikelborys/assignment_ws/src/robotics_software_engineer/install/module_1_assignment/share/module_1_assignment/cmake/module_1_assignmentConfig-version.cmake
[1.147s] -- Installing: /home/maikelborys/assignment_ws/src/robotics_software_engineer/install/module_1_assignment/share/module_1_assignment/package.xml
[1.149s] Invoked command in '/home/maikelborys/assignment_ws/src/robotics_software_engineer/build/module_1_assignment' returned '0': CMAKE_PREFIX_PATH=${CMAKE_PREFIX_PATH}:/opt/ros/humble /usr/bin/cmake --install /home/maikelborys/assignment_ws/src/robotics_software_engineer/build/module_1_assignment
