[0.013s] Invoking command in '/home/maikelborys/assignment_ws/src/robotics_software_engineer/build/module_8_assignment': CMAKE_PREFIX_PATH=${CMAKE_PREFIX_PATH}:/opt/ros/humble /usr/bin/cmake --build /home/maikelborys/assignment_ws/src/robotics_software_engineer/build/module_8_assignment -- -j16 -l16
[0.068s] [ 27%] Built target rrt_node
[0.068s] [ 27%] Built target algo_astar
[0.068s] [ 27%] Built target algo_grid_sweep
[0.068s] [ 45%] Built target gtest_main
[0.068s] [ 45%] Built target gtest
[0.069s] [ 54%] Built target map_republisher_node
[0.069s] [ 63%] Built target occupancy_grid_node
[0.079s] [35m[1mConsolidate compiler generated dependencies of target algo_rrt[0m
[0.090s] [ 72%] Built target test_rrt_node
[0.097s] [ 77%] [32mBuilding CXX object CMakeFiles/algo_rrt.dir/src/algo_rrt.cpp.o[0m
[1.895s] [01m[K/home/maikelborys/assignment_ws/src/robotics_software_engineer/module_8_assignment/src/algo_rrt.cpp:[m[K In static member function ‘[01m[Kstatic NodeRrt RRT_Planner::indexToCoordinate(int)[m[K’:
[1.895s] [01m[K/home/maikelborys/assignment_ws/src/robotics_software_engineer/module_8_assignment/src/algo_rrt.cpp:91:19:[m[K [01;31m[Kerror: [m[Kinvalid use of member ‘[01m[KRRT_Planner::width_[m[K’ in static member function
[1.895s]    91 |   int x = index % [01;31m[Kwidth_[m[K;
[1.895s]       |                   [01;31m[K^~~~~~[m[K
[1.896s] In file included from [01m[K/home/maikelborys/assignment_ws/src/robotics_software_engineer/module_8_assignment/src/algo_rrt.cpp:1[m[K:
[1.896s] [01m[K/home/maikelborys/assignment_ws/src/robotics_software_engineer/module_8_assignment/include/path_planning/algo_rrt.hpp:29:9:[m[K [01;36m[Knote: [m[Kdeclared here
[1.896s]    29 |     int [01;36m[Kwidth_[m[K;
[1.896s]       |         [01;36m[K^~~~~~[m[K
[1.896s] [01m[K/home/maikelborys/assignment_ws/src/robotics_software_engineer/module_8_assignment/src/algo_rrt.cpp:92:19:[m[K [01;31m[Kerror: [m[Kinvalid use of member ‘[01m[KRRT_Planner::width_[m[K’ in static member function
[1.896s]    92 |   int y = index / [01;31m[Kwidth_[m[K;
[1.896s]       |                   [01;31m[K^~~~~~[m[K
[1.896s] In file included from [01m[K/home/maikelborys/assignment_ws/src/robotics_software_engineer/module_8_assignment/src/algo_rrt.cpp:1[m[K:
[1.897s] [01m[K/home/maikelborys/assignment_ws/src/robotics_software_engineer/module_8_assignment/include/path_planning/algo_rrt.hpp:29:9:[m[K [01;36m[Knote: [m[Kdeclared here
[1.897s]    29 |     int [01;36m[Kwidth_[m[K;
[1.897s]       |         [01;36m[K^~~~~~[m[K
[2.235s] gmake[2]: *** [CMakeFiles/algo_rrt.dir/build.make:76: CMakeFiles/algo_rrt.dir/src/algo_rrt.cpp.o] Error 1
[2.235s] gmake[1]: *** [CMakeFiles/Makefile2:275: CMakeFiles/algo_rrt.dir/all] Error 2
[2.236s] gmake: *** [Makefile:146: all] Error 2
[2.239s] Invoked command in '/home/maikelborys/assignment_ws/src/robotics_software_engineer/build/module_8_assignment' returned '2': CMAKE_PREFIX_PATH=${CMAKE_PREFIX_PATH}:/opt/ros/humble /usr/bin/cmake --build /home/maikelborys/assignment_ws/src/robotics_software_engineer/build/module_8_assignment -- -j16 -l16
