[0.040s] Invoking command in '/home/maikelborys/assignment_ws/src/robotics_software_engineer/build/module_4_assignment': CMAKE_PREFIX_PATH=${CMAKE_PREFIX_PATH}:/opt/ros/humble /usr/bin/cmake /home/maikelborys/assignment_ws/src/robotics_software_engineer/module_4_assignment -DAMENT_CMAKE_SYMLINK_INSTALL=1 -DCMAKE_INSTALL_PREFIX=/home/maikelborys/assignment_ws/src/robotics_software_engineer/install/module_4_assignment
[0.115s] -- Found ament_cmake: 1.3.11 (/opt/ros/humble/share/ament_cmake/cmake)
[0.354s] -- Override CMake install command with custom implementation using symlinks instead of copying resources
[0.378s] -- Found rclcpp: 16.0.11 (/opt/ros/humble/share/rclcpp/cmake)
[0.425s] -- Found rosidl_generator_c: 3.1.6 (/opt/ros/humble/share/rosidl_generator_c/cmake)
[0.428s] -- Found rosidl_adapter: 3.1.6 (/opt/ros/humble/share/rosidl_adapter/cmake)
[0.433s] -- Found rosidl_generator_cpp: 3.1.6 (/opt/ros/humble/share/rosidl_generator_cpp/cmake)
[0.441s] -- Using all available rosidl_typesupport_c: rosidl_typesupport_fastrtps_c;rosidl_typesupport_introspection_c
[0.452s] -- Using all available rosidl_typesupport_cpp: rosidl_typesupport_fastrtps_cpp;rosidl_typesupport_introspection_cpp
[0.478s] -- Found rmw_implementation_cmake: 6.1.2 (/opt/ros/humble/share/rmw_implementation_cmake/cmake)
[0.479s] -- Found rmw_fastrtps_cpp: 6.2.7 (/opt/ros/humble/share/rmw_fastrtps_cpp/cmake)
[0.607s] -- Using RMW implementation 'rmw_fastrtps_cpp' as default
[0.649s] -- Found sensor_msgs: 4.2.4 (/opt/ros/humble/share/sensor_msgs/cmake)
[0.673s] -- Found cv_bridge: 3.2.1 (/opt/ros/humble/share/cv_bridge/cmake)
[0.759s] -- Configuring done
[0.789s] -- Generating done
[0.795s] -- Build files have been written to: /home/maikelborys/assignment_ws/src/robotics_software_engineer/build/module_4_assignment
[0.803s] Invoked command in '/home/maikelborys/assignment_ws/src/robotics_software_engineer/build/module_4_assignment' returned '0': CMAKE_PREFIX_PATH=${CMAKE_PREFIX_PATH}:/opt/ros/humble /usr/bin/cmake /home/maikelborys/assignment_ws/src/robotics_software_engineer/module_4_assignment -DAMENT_CMAKE_SYMLINK_INSTALL=1 -DCMAKE_INSTALL_PREFIX=/home/maikelborys/assignment_ws/src/robotics_software_engineer/install/module_4_assignment
[0.806s] Invoking command in '/home/maikelborys/assignment_ws/src/robotics_software_engineer/build/module_4_assignment': CMAKE_PREFIX_PATH=${CMAKE_PREFIX_PATH}:/opt/ros/humble /usr/bin/cmake --build /home/maikelborys/assignment_ws/src/robotics_software_engineer/build/module_4_assignment -- -j16 -l16
[0.850s] [35m[1mConsolidate compiler generated dependencies of target lineFollowing[0m
[0.862s] [ 25%] [32mBuilding CXX object CMakeFiles/mazeSolving.dir/src/maze_solving_with_lidar.cpp.o[0m
[0.870s] [ 50%] [32m[1mLinking CXX executable lineFollowing[0m
[1.257s] [01m[K/home/maikelborys/assignment_ws/src/robotics_software_engineer/module_4_assignment/src/maze_solving_with_lidar.cpp:12:10:[m[K [01;31m[Kfatal error: [m[Kcv_bridge/cv_bridge.h: No such file or directory
[1.257s]    12 | #include [01;31m[K"cv_bridge/cv_bridge.h"[m[K                 // Library to convert ROS Image messages to OpenCV images
[1.257s]       |          [01;31m[K^~~~~~~~~~~~~~~~~~~~~~~[m[K
[1.257s] compilation terminated.
[1.262s] gmake[2]: *** [CMakeFiles/mazeSolving.dir/build.make:76: CMakeFiles/mazeSolving.dir/src/maze_solving_with_lidar.cpp.o] Error 1
[1.262s] gmake[1]: *** [CMakeFiles/Makefile2:139: CMakeFiles/mazeSolving.dir/all] Error 2
[1.262s] gmake[1]: *** Waiting for unfinished jobs....
[1.562s] [ 75%] Built target lineFollowing
[1.564s] gmake: *** [Makefile:146: all] Error 2
[1.566s] Invoked command in '/home/maikelborys/assignment_ws/src/robotics_software_engineer/build/module_4_assignment' returned '2': CMAKE_PREFIX_PATH=${CMAKE_PREFIX_PATH}:/opt/ros/humble /usr/bin/cmake --build /home/maikelborys/assignment_ws/src/robotics_software_engineer/build/module_4_assignment -- -j16 -l16
