-- Found ament_cmake: 1.3.11 (/opt/ros/humble/share/ament_cmake/cmake)
-- Override CMake install command with custom implementation using symlinks instead of copying resources
-- Found rclcpp: 16.0.11 (/opt/ros/humble/share/rclcpp/cmake)
-- Found rosidl_generator_c: 3.1.6 (/opt/ros/humble/share/rosidl_generator_c/cmake)
-- Found rosidl_adapter: 3.1.6 (/opt/ros/humble/share/rosidl_adapter/cmake)
-- Found rosidl_generator_cpp: 3.1.6 (/opt/ros/humble/share/rosidl_generator_cpp/cmake)
-- Using all available rosidl_typesupport_c: rosidl_typesupport_fastrtps_c;rosidl_typesupport_introspection_c
-- Using all available rosidl_typesupport_cpp: rosidl_typesupport_fastrtps_cpp;rosidl_typesupport_introspection_cpp
-- Found rmw_implementation_cmake: 6.1.2 (/opt/ros/humble/share/rmw_implementation_cmake/cmake)
-- Found rmw_fastrtps_cpp: 6.2.7 (/opt/ros/humble/share/rmw_fastrtps_cpp/cmake)
-- Using RMW implementation 'rmw_fastrtps_cpp' as default
-- Found sensor_msgs: 4.2.4 (/opt/ros/humble/share/sensor_msgs/cmake)
-- Found cv_bridge: 3.2.1 (/opt/ros/humble/share/cv_bridge/cmake)
-- Found tf2_ros: 0.25.12 (/opt/ros/humble/share/tf2_ros/cmake)
-- Found nav_msgs: 4.2.4 (/opt/ros/humble/share/nav_msgs/cmake)
-- Configuring done
-- Generating done
-- Build files have been written to: /home/maikelborys/assignment_ws/src/robotics_software_engineer/build/module_5_assignment
[35m[1mConsolidate compiler generated dependencies of target lqr_lib[0m
[35m[1mConsolidate compiler generated dependencies of target goal_planer[0m
[35m[1mConsolidate compiler generated dependencies of target lineFollowing[0m
[35m[1mConsolidate compiler generated dependencies of target robotic_arm_tf_broadcaster[0m
[ 20%] Built target lqr_lib
[ 40%] Built target goal_planer
[ 60%] Built target robotic_arm_tf_broadcaster
[ 80%] Built target lineFollowing
[35m[1mConsolidate compiler generated dependencies of target lqr_node[0m
[ 90%] [32mBuilding CXX object CMakeFiles/lqr_node.dir/src/lqr_node.cpp.o[0m
In file included from [01m[K/home/maikelborys/assignment_ws/src/robotics_software_engineer/module_5_assignment/src/lqr_node.cpp:3[m[K:
[01m[K/home/maikelborys/assignment_ws/src/robotics_software_engineer/module_5_assignment/include/lqr_node.hpp:12:10:[m[K [01;31m[Kfatal error: [m[Kvisualization_msgs/msg/marker.hpp: No such file or directory
   12 | #include [01;31m[K<visualization_msgs/msg/marker.hpp>[m[K  // added for RViz visualization
      |          [01;31m[K^~~~~~~~~~~~~~~~~~~~~~~~~~~~~~~~~~~[m[K
compilation terminated.
gmake[2]: *** [CMakeFiles/lqr_node.dir/build.make:76: CMakeFiles/lqr_node.dir/src/lqr_node.cpp.o] Error 1
gmake[1]: *** [CMakeFiles/Makefile2:249: CMakeFiles/lqr_node.dir/all] Error 2
gmake: *** [Makefile:146: all] Error 2
