[0.010s] Invoking command in '/home/maikelborys/assignment_ws/src/robotics_software_engineer/build/module_5_assignment': CMAKE_PREFIX_PATH=${CMAKE_PREFIX_PATH}:/opt/ros/humble /usr/bin/cmake --build /home/maikelborys/assignment_ws/src/robotics_software_engineer/build/module_5_assignment -- -j16 -l16
[0.034s] -- Found ament_cmake: 1.3.11 (/opt/ros/humble/share/ament_cmake/cmake)
[0.127s] -- Override CMake install command with custom implementation using symlinks instead of copying resources
[0.137s] -- Found rclcpp: 16.0.11 (/opt/ros/humble/share/rclcpp/cmake)
[0.173s] -- Found rosidl_generator_c: 3.1.6 (/opt/ros/humble/share/rosidl_generator_c/cmake)
[0.175s] -- Found rosidl_adapter: 3.1.6 (/opt/ros/humble/share/rosidl_adapter/cmake)
[0.180s] -- Found rosidl_generator_cpp: 3.1.6 (/opt/ros/humble/share/rosidl_generator_cpp/cmake)
[0.188s] -- Using all available rosidl_typesupport_c: rosidl_typesupport_fastrtps_c;rosidl_typesupport_introspection_c
[0.198s] -- Using all available rosidl_typesupport_cpp: rosidl_typesupport_fastrtps_cpp;rosidl_typesupport_introspection_cpp
[0.224s] -- Found rmw_implementation_cmake: 6.1.2 (/opt/ros/humble/share/rmw_implementation_cmake/cmake)
[0.225s] -- Found rmw_fastrtps_cpp: 6.2.7 (/opt/ros/humble/share/rmw_fastrtps_cpp/cmake)
[0.336s] -- Using RMW implementation 'rmw_fastrtps_cpp' as default
[0.379s] -- Found sensor_msgs: 4.2.4 (/opt/ros/humble/share/sensor_msgs/cmake)
[0.402s] -- Found cv_bridge: 3.2.1 (/opt/ros/humble/share/cv_bridge/cmake)
[0.414s] -- Found tf2_ros: 0.25.12 (/opt/ros/humble/share/tf2_ros/cmake)
[0.480s] -- Found nav_msgs: 4.2.4 (/opt/ros/humble/share/nav_msgs/cmake)
[0.554s] -- Configuring done
[0.579s] -- Generating done
[0.588s] -- Build files have been written to: /home/maikelborys/assignment_ws/src/robotics_software_engineer/build/module_5_assignment
[0.617s] [35m[1mConsolidate compiler generated dependencies of target lqr_lib[0m
[0.617s] [35m[1mConsolidate compiler generated dependencies of target goal_planer[0m
[0.617s] [35m[1mConsolidate compiler generated dependencies of target lineFollowing[0m
[0.617s] [35m[1mConsolidate compiler generated dependencies of target robotic_arm_tf_broadcaster[0m
[0.633s] [ 20%] Built target lqr_lib
[0.636s] [ 40%] Built target goal_planer
[0.637s] [ 60%] Built target robotic_arm_tf_broadcaster
[0.637s] [ 80%] Built target lineFollowing
[0.643s] [35m[1mConsolidate compiler generated dependencies of target lqr_node[0m
[0.664s] [ 90%] [32mBuilding CXX object CMakeFiles/lqr_node.dir/src/lqr_node.cpp.o[0m
[0.990s] In file included from [01m[K/home/maikelborys/assignment_ws/src/robotics_software_engineer/module_5_assignment/src/lqr_node.cpp:3[m[K:
[0.990s] [01m[K/home/maikelborys/assignment_ws/src/robotics_software_engineer/module_5_assignment/include/lqr_node.hpp:12:10:[m[K [01;31m[Kfatal error: [m[Kvisualization_msgs/msg/marker.hpp: No such file or directory
[0.990s]    12 | #include [01;31m[K<visualization_msgs/msg/marker.hpp>[m[K  // added for RViz visualization
[0.991s]       |          [01;31m[K^~~~~~~~~~~~~~~~~~~~~~~~~~~~~~~~~~~[m[K
[0.991s] compilation terminated.
[0.998s] gmake[2]: *** [CMakeFiles/lqr_node.dir/build.make:76: CMakeFiles/lqr_node.dir/src/lqr_node.cpp.o] Error 1
[0.998s] gmake[1]: *** [CMakeFiles/Makefile2:249: CMakeFiles/lqr_node.dir/all] Error 2
[0.999s] gmake: *** [Makefile:146: all] Error 2
[1.003s] Invoked command in '/home/maikelborys/assignment_ws/src/robotics_software_engineer/build/module_5_assignment' returned '2': CMAKE_PREFIX_PATH=${CMAKE_PREFIX_PATH}:/opt/ros/humble /usr/bin/cmake --build /home/maikelborys/assignment_ws/src/robotics_software_engineer/build/module_5_assignment -- -j16 -l16
