[0.011s] Invoking command in '/home/maikelborys/assignment_ws/src/robotics_software_engineer/build/module_6_assignment': CMAKE_PREFIX_PATH=${CMAKE_PREFIX_PATH}:/opt/ros/humble /usr/bin/cmake --build /home/maikelborys/assignment_ws/src/robotics_software_engineer/build/module_6_assignment -- -j16 -l16
[0.033s] -- Found ament_cmake: 1.3.11 (/opt/ros/humble/share/ament_cmake/cmake)
[0.130s] -- Found rclcpp: 16.0.11 (/opt/ros/humble/share/rclcpp/cmake)
[0.173s] -- Found rosidl_generator_c: 3.1.6 (/opt/ros/humble/share/rosidl_generator_c/cmake)
[0.175s] -- Found rosidl_adapter: 3.1.6 (/opt/ros/humble/share/rosidl_adapter/cmake)
[0.179s] -- Found rosidl_generator_cpp: 3.1.6 (/opt/ros/humble/share/rosidl_generator_cpp/cmake)
[0.187s] -- Using all available rosidl_typesupport_c: rosidl_typesupport_fastrtps_c;rosidl_typesupport_introspection_c
[0.197s] -- Using all available rosidl_typesupport_cpp: rosidl_typesupport_fastrtps_cpp;rosidl_typesupport_introspection_cpp
[0.223s] -- Found rmw_implementation_cmake: 6.1.2 (/opt/ros/humble/share/rmw_implementation_cmake/cmake)
[0.224s] -- Found rmw_fastrtps_cpp: 6.2.7 (/opt/ros/humble/share/rmw_fastrtps_cpp/cmake)
[0.330s] -- Using RMW implementation 'rmw_fastrtps_cpp' as default
[0.369s] -- Found nav_msgs: 4.2.4 (/opt/ros/humble/share/nav_msgs/cmake)
[0.390s] -- Found sensor_msgs: 4.2.4 (/opt/ros/humble/share/sensor_msgs/cmake)
[0.403s] -- Found visualization_msgs: 4.2.4 (/opt/ros/humble/share/visualization_msgs/cmake)
[0.422s] -- Found ament_lint_auto: 0.12.11 (/opt/ros/humble/share/ament_lint_auto/cmake)
[0.475s] -- Added test 'cppcheck' to perform static code analysis on C / C++ code
[0.475s] -- Configured cppcheck include dirs: /home/maikelborys/assignment_ws/src/robotics_software_engineer/module_6_assignment/include
[0.475s] -- Configured cppcheck exclude dirs and/or files: 
[0.476s] -- Added test 'flake8' to check Python code syntax and style conventions
[0.476s] -- Added test 'lint_cmake' to check CMake code style
[0.476s] -- Added test 'pep257' to check Python code against some of the docstring style conventions in PEP 257
[0.477s] -- Added test 'uncrustify' to check C / C++ code style
[0.477s] -- Configured uncrustify additional arguments: 
[0.478s] -- Added test 'xmllint' to check XML markup files
[0.478s] -- Configuring done
[0.491s] -- Generating done
[0.496s] -- Build files have been written to: /home/maikelborys/assignment_ws/src/robotics_software_engineer/build/module_6_assignment
[0.523s] [35m[1mConsolidate compiler generated dependencies of target sensor_display_node[0m
[0.524s] [35m[1mConsolidate compiler generated dependencies of target ekf_experiment_node[0m
[0.542s] [ 50%] Built target sensor_display_node
[0.546s] [ 75%] [32mBuilding CXX object CMakeFiles/ekf_experiment_node.dir/src/ekf_experiment.cpp.o[0m
[0.839s] [01m[K/home/maikelborys/assignment_ws/src/robotics_software_engineer/module_6_assignment/src/ekf_experiment.cpp:6:10:[m[K [01;31m[Kfatal error: [m[Kvisualization_msgs/msg/marker.hpp: No such file or directory
[0.839s]     6 | #include [01;31m[K<visualization_msgs/msg/marker.hpp>[m[K
[0.840s]       |          [01;31m[K^~~~~~~~~~~~~~~~~~~~~~~~~~~~~~~~~~~[m[K
[0.840s] compilation terminated.
[0.847s] gmake[2]: *** [CMakeFiles/ekf_experiment_node.dir/build.make:76: CMakeFiles/ekf_experiment_node.dir/src/ekf_experiment.cpp.o] Error 1
[0.848s] gmake[1]: *** [CMakeFiles/Makefile2:165: CMakeFiles/ekf_experiment_node.dir/all] Error 2
[0.848s] gmake: *** [Makefile:146: all] Error 2
[0.851s] Invoked command in '/home/maikelborys/assignment_ws/src/robotics_software_engineer/build/module_6_assignment' returned '2': CMAKE_PREFIX_PATH=${CMAKE_PREFIX_PATH}:/opt/ros/humble /usr/bin/cmake --build /home/maikelborys/assignment_ws/src/robotics_software_engineer/build/module_6_assignment -- -j16 -l16
