[35m[1mConsolidate compiler generated dependencies of target lidar_to_grid[0m
[ 50%] Built target oc_grid_pub
[ 75%] [32mBuilding CXX object CMakeFiles/lidar_to_grid.dir/src/lidar_to_grid.cpp.o[0m
[100%] [32m[1mLinking CXX executable lidar_to_grid[0m
[100%] Built target lidar_to_grid
-- Install configuration: ""
-- Up-to-date: /home/maikelborys/assignment_ws/src/robotics_software_engineer/install/module_7_assignment/lib/module_7_assignment/oc_grid_pub
-- Installing: /home/maikelborys/assignment_ws/src/robotics_software_engineer/install/module_7_assignment/lib/module_7_assignment/lidar_to_grid
-- Set runtime path of "/home/maikelborys/assignment_ws/src/robotics_software_engineer/install/module_7_assignment/lib/module_7_assignment/lidar_to_grid" to ""
-- Up-to-date: /home/maikelborys/assignment_ws/src/robotics_software_engineer/install/module_7_assignment/share/module_7_assignment//launch
-- Up-to-date: /home/maikelborys/assignment_ws/src/robotics_software_engineer/install/module_7_assignment/share/module_7_assignment//worlds
-- Up-to-date: /home/maikelborys/assignment_ws/src/robotics_software_engineer/install/module_7_assignment/share/module_7_assignment//map
-- Up-to-date: /home/maikelborys/assignment_ws/src/robotics_software_engineer/install/module_7_assignment/share/ament_index/resource_index/package_run_dependencies/module_7_assignment
-- Up-to-date: /home/maikelborys/assignment_ws/src/robotics_software_engineer/install/module_7_assignment/share/ament_index/resource_index/parent_prefix_path/module_7_assignment
-- Up-to-date: /home/maikelborys/assignment_ws/src/robotics_software_engineer/install/module_7_assignment/share/module_7_assignment/environment/ament_prefix_path.sh
-- Up-to-date: /home/maikelborys/assignment_ws/src/robotics_software_engineer/install/module_7_assignment/share/module_7_assignment/environment/ament_prefix_path.dsv
-- Up-to-date: /home/maikelborys/assignment_ws/src/robotics_software_engineer/install/module_7_assignment/share/module_7_assignment/environment/path.sh
-- Up-to-date: /home/maikelborys/assignment_ws/src/robotics_software_engineer/install/module_7_assignment/share/module_7_assignment/environment/path.dsv
-- Up-to-date: /home/maikelborys/assignment_ws/src/robotics_software_engineer/install/module_7_assignment/share/module_7_assignment/local_setup.bash
-- Up-to-date: /home/maikelborys/assignment_ws/src/robotics_software_engineer/install/module_7_assignment/share/module_7_assignment/local_setup.sh
-- Up-to-date: /home/maikelborys/assignment_ws/src/robotics_software_engineer/install/module_7_assignment/share/module_7_assignment/local_setup.zsh
-- Up-to-date: /home/maikelborys/assignment_ws/src/robotics_software_engineer/install/module_7_assignment/share/module_7_assignment/local_setup.dsv
-- Installing: /home/maikelborys/assignment_ws/src/robotics_software_engineer/install/module_7_assignment/share/module_7_assignment/package.dsv
-- Up-to-date: /home/maikelborys/assignment_ws/src/robotics_software_engineer/install/module_7_assignment/share/ament_index/resource_index/packages/module_7_assignment
-- Up-to-date: /home/maikelborys/assignment_ws/src/robotics_software_engineer/install/module_7_assignment/share/module_7_assignment/cmake/module_7_assignmentConfig.cmake
-- Up-to-date: /home/maikelborys/assignment_ws/src/robotics_software_engineer/install/module_7_assignment/share/module_7_assignment/cmake/module_7_assignmentConfig-version.cmake
-- Up-to-date: /home/maikelborys/assignment_ws/src/robotics_software_engineer/install/module_7_assignment/share/module_7_assignment/package.xml
