[0.012s] Invoking command in '/home/maikelborys/assignment_ws/src/robotics_software_engineer/build/module_4_assignment': CMAKE_PREFIX_PATH=${CMAKE_PREFIX_PATH}:/opt/ros/humble /usr/bin/cmake --build /home/maikelborys/assignment_ws/src/robotics_software_engineer/build/module_4_assignment -- -j16 -l16
[0.036s] -- Found ament_cmake: 1.3.11 (/opt/ros/humble/share/ament_cmake/cmake)
[0.159s] -- Override CMake install command with custom implementation using symlinks instead of copying resources
[0.193s] -- Found rclcpp: 16.0.11 (/opt/ros/humble/share/rclcpp/cmake)
[0.239s] -- Found rosidl_generator_c: 3.1.6 (/opt/ros/humble/share/rosidl_generator_c/cmake)
[0.241s] -- Found rosidl_adapter: 3.1.6 (/opt/ros/humble/share/rosidl_adapter/cmake)
[0.246s] -- Found rosidl_generator_cpp: 3.1.6 (/opt/ros/humble/share/rosidl_generator_cpp/cmake)
[0.254s] -- Using all available rosidl_typesupport_c: rosidl_typesupport_fastrtps_c;rosidl_typesupport_introspection_c
[0.265s] -- Using all available rosidl_typesupport_cpp: rosidl_typesupport_fastrtps_cpp;rosidl_typesupport_introspection_cpp
[0.291s] -- Found rmw_implementation_cmake: 6.1.2 (/opt/ros/humble/share/rmw_implementation_cmake/cmake)
[0.292s] -- Found rmw_fastrtps_cpp: 6.2.7 (/opt/ros/humble/share/rmw_fastrtps_cpp/cmake)
[0.398s] -- Using RMW implementation 'rmw_fastrtps_cpp' as default
[0.438s] -- Found sensor_msgs: 4.2.4 (/opt/ros/humble/share/sensor_msgs/cmake)
[0.460s] -- Found cv_bridge: 3.2.1 (/opt/ros/humble/share/cv_bridge/cmake)
[0.528s] -- Configuring done
[0.546s] -- Generating done
[0.552s] -- Build files have been written to: /home/maikelborys/assignment_ws/src/robotics_software_engineer/build/module_4_assignment
[0.586s] [35m[1mConsolidate compiler generated dependencies of target mazeSolving[0m
[0.586s] [35m[1mConsolidate compiler generated dependencies of target lineFollowing[0m
[0.608s] [ 25%] [32m[1mLinking CXX executable mazeSolving[0m
[0.611s] [ 75%] Built target lineFollowing
[1.293s] [100%] Built target mazeSolving
[1.306s] Invoked command in '/home/maikelborys/assignment_ws/src/robotics_software_engineer/build/module_4_assignment' returned '0': CMAKE_PREFIX_PATH=${CMAKE_PREFIX_PATH}:/opt/ros/humble /usr/bin/cmake --build /home/maikelborys/assignment_ws/src/robotics_software_engineer/build/module_4_assignment -- -j16 -l16
[1.316s] Invoking command in '/home/maikelborys/assignment_ws/src/robotics_software_engineer/build/module_4_assignment': CMAKE_PREFIX_PATH=${CMAKE_PREFIX_PATH}:/opt/ros/humble /usr/bin/cmake --install /home/maikelborys/assignment_ws/src/robotics_software_engineer/build/module_4_assignment
[1.323s] -- Install configuration: ""
[1.324s] -- Execute custom install script
[1.324s] -- Symlinking: /home/maikelborys/assignment_ws/src/robotics_software_engineer/install/module_4_assignment/lib/module_4_assignment/mazeSolving
[1.333s] -- Symlinking: /home/maikelborys/assignment_ws/src/robotics_software_engineer/install/module_4_assignment/lib/module_4_assignment/lineFollowing
[1.341s] -- Symlinking: /home/maikelborys/assignment_ws/src/robotics_software_engineer/install/module_4_assignment/share/module_4_assignment//launch/camera_line_following.launch.py
[1.350s] -- Symlinking: /home/maikelborys/assignment_ws/src/robotics_software_engineer/install/module_4_assignment/share/module_4_assignment//launch/custom_sensors.launch.py
[1.359s] -- Symlinking: /home/maikelborys/assignment_ws/src/robotics_software_engineer/install/module_4_assignment/share/module_4_assignment//launch/lidar_maze_solving.launch.py
[1.368s] -- Symlinking: /home/maikelborys/assignment_ws/src/robotics_software_engineer/install/module_4_assignment/share/module_4_assignment//worlds/line_following.world
[1.376s] -- Symlinking: /home/maikelborys/assignment_ws/src/robotics_software_engineer/install/module_4_assignment/share/module_4_assignment//worlds/maze.world
[1.386s] -- Symlinking: /home/maikelborys/assignment_ws/src/robotics_software_engineer/install/module_4_assignment/share/module_4_assignment//urdf/diff_drive.urdf
[1.394s] -- Symlinking: /home/maikelborys/assignment_ws/src/robotics_software_engineer/install/module_4_assignment/share/ament_index/resource_index/package_run_dependencies/module_4_assignment
[1.404s] -- Symlinking: /home/maikelborys/assignment_ws/src/robotics_software_engineer/install/module_4_assignment/share/ament_index/resource_index/parent_prefix_path/module_4_assignment
[1.413s] -- Symlinking: /home/maikelborys/assignment_ws/src/robotics_software_engineer/install/module_4_assignment/share/module_4_assignment/environment/ament_prefix_path.sh
[1.423s] -- Symlinking: /home/maikelborys/assignment_ws/src/robotics_software_engineer/install/module_4_assignment/share/module_4_assignment/environment/ament_prefix_path.dsv
[1.432s] -- Symlinking: /home/maikelborys/assignment_ws/src/robotics_software_engineer/install/module_4_assignment/share/module_4_assignment/environment/path.sh
[1.441s] -- Symlinking: /home/maikelborys/assignment_ws/src/robotics_software_engineer/install/module_4_assignment/share/module_4_assignment/environment/path.dsv
[1.450s] -- Symlinking: /home/maikelborys/assignment_ws/src/robotics_software_engineer/install/module_4_assignment/share/module_4_assignment/local_setup.bash
[1.459s] -- Symlinking: /home/maikelborys/assignment_ws/src/robotics_software_engineer/install/module_4_assignment/share/module_4_assignment/local_setup.sh
[1.468s] -- Symlinking: /home/maikelborys/assignment_ws/src/robotics_software_engineer/install/module_4_assignment/share/module_4_assignment/local_setup.zsh
[1.476s] -- Symlinking: /home/maikelborys/assignment_ws/src/robotics_software_engineer/install/module_4_assignment/share/module_4_assignment/local_setup.dsv
[1.487s] -- Symlinking: /home/maikelborys/assignment_ws/src/robotics_software_engineer/install/module_4_assignment/share/module_4_assignment/package.dsv
[1.495s] -- Symlinking: /home/maikelborys/assignment_ws/src/robotics_software_engineer/install/module_4_assignment/share/ament_index/resource_index/packages/module_4_assignment
[1.505s] -- Symlinking: /home/maikelborys/assignment_ws/src/robotics_software_engineer/install/module_4_assignment/share/module_4_assignment/cmake/module_4_assignmentConfig.cmake
[1.513s] -- Symlinking: /home/maikelborys/assignment_ws/src/robotics_software_engineer/install/module_4_assignment/share/module_4_assignment/cmake/module_4_assignmentConfig-version.cmake
[1.522s] -- Symlinking: /home/maikelborys/assignment_ws/src/robotics_software_engineer/install/module_4_assignment/share/module_4_assignment/package.xml
[1.533s] Invoked command in '/home/maikelborys/assignment_ws/src/robotics_software_engineer/build/module_4_assignment' returned '0': CMAKE_PREFIX_PATH=${CMAKE_PREFIX_PATH}:/opt/ros/humble /usr/bin/cmake --install /home/maikelborys/assignment_ws/src/robotics_software_engineer/build/module_4_assignment
