[ 27%] Built target gtest_main
[ 27%] Built target rrt_node
[ 27%] Built target algo_astar
[ 36%] Built target algo_grid_sweep
[ 45%] Built target gtest
[ 54%] Built target map_republisher_node
[ 63%] Built target occupancy_grid_node
[35m[1mConsolidate compiler generated dependencies of target algo_rrt[0m
[ 72%] Built target test_rrt_node
[ 77%] [32mBuilding CXX object CMakeFiles/algo_rrt.dir/src/algo_rrt.cpp.o[0m
[ 81%] [32m[1mLinking CXX static library libalgo_rrt.a[0m
[ 81%] Built target algo_rrt
[ 86%] [32mBuilding CXX object CMakeFiles/test_rrt.dir/test/test_rrt.cpp.o[0m
[ 90%] [32mBuilding CXX object CMakeFiles/path_planning_node.dir/src/path_planning.cpp.o[0m
[01m[K/home/maikelborys/assignment_ws/src/robotics_software_engineer/module_8_assignment/test/test_rrt.cpp:[m[K In member function ‘[01m[Kvirtual void RRTPlannerTest_IsObstacle_Test::TestBody()[m[K’:
[01m[K/home/maikelborys/assignment_ws/src/robotics_software_engineer/module_8_assignment/test/test_rrt.cpp:39:22:[m[K [01;31m[Kerror: [m[Kno matching function for call to ‘[01m[KRRT_Planner::setDomain(std::vector<int>&)[m[K’
   39 |     [01;31m[Kplanner.setDomain(domain)[m[K;
      |     [01;31m[K~~~~~~~~~~~~~~~~~^~~~~~~~[m[K
In file included from [01m[K/home/maikelborys/assignment_ws/src/robotics_software_engineer/module_8_assignment/test/test_rrt.cpp:2[m[K:
[01m[K/home/maikelborys/assignment_ws/src/robotics_software_engineer/module_8_assignment/include/path_planning/algo_rrt.hpp:16:10:[m[K [01;36m[Knote: [m[Kcandidate: ‘[01m[Kvoid RRT_Planner::setDomain(int, int, const std::vector<signed char>&)[m[K’
   16 |     void [01;36m[KsetDomain[m[K(int width, int height, const std::vector<int8_t>& occupancy_data);
      |          [01;36m[K^~~~~~~~~[m[K
[01m[K/home/maikelborys/assignment_ws/src/robotics_software_engineer/module_8_assignment/include/path_planning/algo_rrt.hpp:16:10:[m[K [01;36m[Knote: [m[K  candidate expects 3 arguments, 1 provided
[01m[K/home/maikelborys/assignment_ws/src/robotics_software_engineer/module_8_assignment/test/test_rrt.cpp:45:22:[m[K [01;31m[Kerror: [m[Kno matching function for call to ‘[01m[KRRT_Planner::setDomain(std::vector<int>&)[m[K’
   45 |     [01;31m[Kplanner.setDomain(domain)[m[K;
      |     [01;31m[K~~~~~~~~~~~~~~~~~^~~~~~~~[m[K
In file included from [01m[K/home/maikelborys/assignment_ws/src/robotics_software_engineer/module_8_assignment/test/test_rrt.cpp:2[m[K:
[01m[K/home/maikelborys/assignment_ws/src/robotics_software_engineer/module_8_assignment/include/path_planning/algo_rrt.hpp:16:10:[m[K [01;36m[Knote: [m[Kcandidate: ‘[01m[Kvoid RRT_Planner::setDomain(int, int, const std::vector<signed char>&)[m[K’
   16 |     void [01;36m[KsetDomain[m[K(int width, int height, const std::vector<int8_t>& occupancy_data);
      |          [01;36m[K^~~~~~~~~[m[K
[01m[K/home/maikelborys/assignment_ws/src/robotics_software_engineer/module_8_assignment/include/path_planning/algo_rrt.hpp:16:10:[m[K [01;36m[Knote: [m[K  candidate expects 3 arguments, 1 provided
[01m[K/home/maikelborys/assignment_ws/src/robotics_software_engineer/module_8_assignment/test/test_rrt.cpp:[m[K In member function ‘[01m[Kvirtual void RRTPlannerTest_PlanPath_Test::TestBody()[m[K’:
[01m[K/home/maikelborys/assignment_ws/src/robotics_software_engineer/module_8_assignment/test/test_rrt.cpp:68:22:[m[K [01;31m[Kerror: [m[Kno matching function for call to ‘[01m[KRRT_Planner::setDomain(std::vector<int>&)[m[K’
   68 |     [01;31m[Kplanner.setDomain(domain)[m[K;
      |     [01;31m[K~~~~~~~~~~~~~~~~~^~~~~~~~[m[K
In file included from [01m[K/home/maikelborys/assignment_ws/src/robotics_software_engineer/module_8_assignment/test/test_rrt.cpp:2[m[K:
[01m[K/home/maikelborys/assignment_ws/src/robotics_software_engineer/module_8_assignment/include/path_planning/algo_rrt.hpp:16:10:[m[K [01;36m[Knote: [m[Kcandidate: ‘[01m[Kvoid RRT_Planner::setDomain(int, int, const std::vector<signed char>&)[m[K’
   16 |     void [01;36m[KsetDomain[m[K(int width, int height, const std::vector<int8_t>& occupancy_data);
      |          [01;36m[K^~~~~~~~~[m[K
[01m[K/home/maikelborys/assignment_ws/src/robotics_software_engineer/module_8_assignment/include/path_planning/algo_rrt.hpp:16:10:[m[K [01;36m[Knote: [m[K  candidate expects 3 arguments, 1 provided
[01m[K/home/maikelborys/assignment_ws/src/robotics_software_engineer/module_8_assignment/test/test_rrt.cpp:[m[K In member function ‘[01m[Kvirtual void RRTPlannerTest_PathValidity_Test::TestBody()[m[K’:
[01m[K/home/maikelborys/assignment_ws/src/robotics_software_engineer/module_8_assignment/test/test_rrt.cpp:85:22:[m[K [01;31m[Kerror: [m[Kno matching function for call to ‘[01m[KRRT_Planner::setDomain(std::vector<int>&)[m[K’
   85 |     [01;31m[Kplanner.setDomain(domain)[m[K;
      |     [01;31m[K~~~~~~~~~~~~~~~~~^~~~~~~~[m[K
In file included from [01m[K/home/maikelborys/assignment_ws/src/robotics_software_engineer/module_8_assignment/test/test_rrt.cpp:2[m[K:
[01m[K/home/maikelborys/assignment_ws/src/robotics_software_engineer/module_8_assignment/include/path_planning/algo_rrt.hpp:16:10:[m[K [01;36m[Knote: [m[Kcandidate: ‘[01m[Kvoid RRT_Planner::setDomain(int, int, const std::vector<signed char>&)[m[K’
   16 |     void [01;36m[KsetDomain[m[K(int width, int height, const std::vector<int8_t>& occupancy_data);
      |          [01;36m[K^~~~~~~~~[m[K
[01m[K/home/maikelborys/assignment_ws/src/robotics_software_engineer/module_8_assignment/include/path_planning/algo_rrt.hpp:16:10:[m[K [01;36m[Knote: [m[K  candidate expects 3 arguments, 1 provided
[01m[K/home/maikelborys/assignment_ws/src/robotics_software_engineer/module_8_assignment/test/test_rrt.cpp:[m[K In member function ‘[01m[Kvirtual void RRTPlannerTest_NoPathFound_Test::TestBody()[m[K’:
[01m[K/home/maikelborys/assignment_ws/src/robotics_software_engineer/module_8_assignment/test/test_rrt.cpp:100:22:[m[K [01;31m[Kerror: [m[Kno matching function for call to ‘[01m[KRRT_Planner::setDomain(std::vector<int>&)[m[K’
  100 |     [01;31m[Kplanner.setDomain(domain)[m[K;
      |     [01;31m[K~~~~~~~~~~~~~~~~~^~~~~~~~[m[K
In file included from [01m[K/home/maikelborys/assignment_ws/src/robotics_software_engineer/module_8_assignment/test/test_rrt.cpp:2[m[K:
[01m[K/home/maikelborys/assignment_ws/src/robotics_software_engineer/module_8_assignment/include/path_planning/algo_rrt.hpp:16:10:[m[K [01;36m[Knote: [m[Kcandidate: ‘[01m[Kvoid RRT_Planner::setDomain(int, int, const std::vector<signed char>&)[m[K’
   16 |     void [01;36m[KsetDomain[m[K(int width, int height, const std::vector<int8_t>& occupancy_data);
      |          [01;36m[K^~~~~~~~~[m[K
[01m[K/home/maikelborys/assignment_ws/src/robotics_software_engineer/module_8_assignment/include/path_planning/algo_rrt.hpp:16:10:[m[K [01;36m[Knote: [m[K  candidate expects 3 arguments, 1 provided
[01m[K/home/maikelborys/assignment_ws/src/robotics_software_engineer/module_8_assignment/test/test_rrt.cpp:[m[K In member function ‘[01m[Kvirtual void RRTPlannerTest_CorrectParentAssignment_Test::TestBody()[m[K’:
[01m[K/home/maikelborys/assignment_ws/src/robotics_software_engineer/module_8_assignment/test/test_rrt.cpp:114:22:[m[K [01;31m[Kerror: [m[Kno matching function for call to ‘[01m[KRRT_Planner::setDomain(std::vector<int>&)[m[K’
  114 |     [01;31m[Kplanner.setDomain(domain)[m[K;
      |     [01;31m[K~~~~~~~~~~~~~~~~~^~~~~~~~[m[K
In file included from [01m[K/home/maikelborys/assignment_ws/src/robotics_software_engineer/module_8_assignment/test/test_rrt.cpp:2[m[K:
[01m[K/home/maikelborys/assignment_ws/src/robotics_software_engineer/module_8_assignment/include/path_planning/algo_rrt.hpp:16:10:[m[K [01;36m[Knote: [m[Kcandidate: ‘[01m[Kvoid RRT_Planner::setDomain(int, int, const std::vector<signed char>&)[m[K’
   16 |     void [01;36m[KsetDomain[m[K(int width, int height, const std::vector<int8_t>& occupancy_data);
      |          [01;36m[K^~~~~~~~~[m[K
[01m[K/home/maikelborys/assignment_ws/src/robotics_software_engineer/module_8_assignment/include/path_planning/algo_rrt.hpp:16:10:[m[K [01;36m[Knote: [m[K  candidate expects 3 arguments, 1 provided
gmake[2]: *** [CMakeFiles/test_rrt.dir/build.make:76: CMakeFiles/test_rrt.dir/test/test_rrt.cpp.o] Error 1
gmake[1]: *** [CMakeFiles/Makefile2:387: CMakeFiles/test_rrt.dir/all] Error 2
gmake[1]: *** Waiting for unfinished jobs....
[ 95%] [32m[1mLinking CXX executable path_planning_node[0m
[ 95%] Built target path_planning_node
gmake: *** [Makefile:146: all] Error 2
