[0.010s] Invoking command in '/home/maikelborys/assignment_ws/src/robotics_software_engineer/build/module_6_assignment': CMAKE_PREFIX_PATH=${CMAKE_PREFIX_PATH}:/opt/ros/humble /usr/bin/cmake --build /home/maikelborys/assignment_ws/src/robotics_software_engineer/build/module_6_assignment -- -j16 -l16
[0.029s] -- Found ament_cmake: 1.3.11 (/opt/ros/humble/share/ament_cmake/cmake)
[0.132s] -- Found rclcpp: 16.0.11 (/opt/ros/humble/share/rclcpp/cmake)
[0.200s] -- Found rosidl_generator_c: 3.1.6 (/opt/ros/humble/share/rosidl_generator_c/cmake)
[0.207s] -- Found rosidl_adapter: 3.1.6 (/opt/ros/humble/share/rosidl_adapter/cmake)
[0.216s] -- Found rosidl_generator_cpp: 3.1.6 (/opt/ros/humble/share/rosidl_generator_cpp/cmake)
[0.229s] -- Using all available rosidl_typesupport_c: rosidl_typesupport_fastrtps_c;rosidl_typesupport_introspection_c
[0.246s] -- Using all available rosidl_typesupport_cpp: rosidl_typesupport_fastrtps_cpp;rosidl_typesupport_introspection_cpp
[0.295s] -- Found rmw_implementation_cmake: 6.1.2 (/opt/ros/humble/share/rmw_implementation_cmake/cmake)
[0.299s] -- Found rmw_fastrtps_cpp: 6.2.7 (/opt/ros/humble/share/rmw_fastrtps_cpp/cmake)
[0.396s] -- Found OpenSSL: /usr/lib/x86_64-linux-gnu/libcrypto.so (found version "3.0.2")  
[0.431s] -- Found FastRTPS: /opt/ros/humble/include  
[0.479s] -- Using RMW implementation 'rmw_fastrtps_cpp' as default
[0.490s] -- Looking for pthread.h
[0.581s] -- Looking for pthread.h - found
[0.581s] -- Performing Test CMAKE_HAVE_LIBC_PTHREAD
[0.646s] -- Performing Test CMAKE_HAVE_LIBC_PTHREAD - Success
[0.647s] -- Found Threads: TRUE  
[0.719s] -- Found nav_msgs: 4.2.4 (/opt/ros/humble/share/nav_msgs/cmake)
[0.745s] -- Found sensor_msgs: 4.2.4 (/opt/ros/humble/share/sensor_msgs/cmake)
[0.760s] -- Found visualization_msgs: 4.2.4 (/opt/ros/humble/share/visualization_msgs/cmake)
[0.778s] -- Found ament_lint_auto: 0.12.11 (/opt/ros/humble/share/ament_lint_auto/cmake)
[0.829s] -- Added test 'cppcheck' to perform static code analysis on C / C++ code
[0.829s] -- Configured cppcheck include dirs: 
[0.829s] -- Configured cppcheck exclude dirs and/or files: 
[0.830s] -- Added test 'flake8' to check Python code syntax and style conventions
[0.830s] -- Added test 'lint_cmake' to check CMake code style
[0.831s] -- Added test 'pep257' to check Python code against some of the docstring style conventions in PEP 257
[0.831s] -- Added test 'uncrustify' to check C / C++ code style
[0.831s] -- Configured uncrustify additional arguments: 
[0.832s] -- Added test 'xmllint' to check XML markup files
[0.833s] -- Configuring done
[0.842s] -- Generating done
[0.846s] -- Build files have been written to: /home/maikelborys/assignment_ws/src/robotics_software_engineer/build/module_6_assignment
[0.881s] [ 50%] [32mBuilding CXX object CMakeFiles/sensor_display_node.dir/src/sensor_display.cpp.o[0m
[9.240s] [100%] [32m[1mLinking CXX executable sensor_display_node[0m
[9.669s] [100%] Built target sensor_display_node
[9.679s] Invoked command in '/home/maikelborys/assignment_ws/src/robotics_software_engineer/build/module_6_assignment' returned '0': CMAKE_PREFIX_PATH=${CMAKE_PREFIX_PATH}:/opt/ros/humble /usr/bin/cmake --build /home/maikelborys/assignment_ws/src/robotics_software_engineer/build/module_6_assignment -- -j16 -l16
[9.688s] Invoking command in '/home/maikelborys/assignment_ws/src/robotics_software_engineer/build/module_6_assignment': CMAKE_PREFIX_PATH=${CMAKE_PREFIX_PATH}:/opt/ros/humble /usr/bin/cmake --install /home/maikelborys/assignment_ws/src/robotics_software_engineer/build/module_6_assignment
[9.695s] -- Install configuration: ""
[9.695s] -- Installing: /home/maikelborys/assignment_ws/src/robotics_software_engineer/install/module_6_assignment/lib/module_6_assignment/sensor_display_node
[9.701s] -- Set runtime path of "/home/maikelborys/assignment_ws/src/robotics_software_engineer/install/module_6_assignment/lib/module_6_assignment/sensor_display_node" to ""
[9.701s] -- Up-to-date: /home/maikelborys/assignment_ws/src/robotics_software_engineer/install/module_6_assignment/share/module_6_assignment/launch
[9.701s] -- Up-to-date: /home/maikelborys/assignment_ws/src/robotics_software_engineer/install/module_6_assignment/share/module_6_assignment/launch/ekf_imu_odom.launch.py
[9.701s] -- Installing: /home/maikelborys/assignment_ws/src/robotics_software_engineer/install/module_6_assignment/share/module_6_assignment/launch/ekf_tb3_imu_odom.launch.py
[9.701s] -- Up-to-date: /home/maikelborys/assignment_ws/src/robotics_software_engineer/install/module_6_assignment/share/module_6_assignment/config
[9.701s] -- Up-to-date: /home/maikelborys/assignment_ws/src/robotics_software_engineer/install/module_6_assignment/share/module_6_assignment/config/ekf_tb3_imu_odom.yaml
[9.701s] -- Up-to-date: /home/maikelborys/assignment_ws/src/robotics_software_engineer/install/module_6_assignment/share/ament_index/resource_index/package_run_dependencies/module_6_assignment
[9.701s] -- Up-to-date: /home/maikelborys/assignment_ws/src/robotics_software_engineer/install/module_6_assignment/share/ament_index/resource_index/parent_prefix_path/module_6_assignment
[9.701s] -- Up-to-date: /home/maikelborys/assignment_ws/src/robotics_software_engineer/install/module_6_assignment/share/module_6_assignment/environment/ament_prefix_path.sh
[9.701s] -- Installing: /home/maikelborys/assignment_ws/src/robotics_software_engineer/install/module_6_assignment/share/module_6_assignment/environment/ament_prefix_path.dsv
[9.701s] -- Up-to-date: /home/maikelborys/assignment_ws/src/robotics_software_engineer/install/module_6_assignment/share/module_6_assignment/environment/path.sh
[9.701s] -- Installing: /home/maikelborys/assignment_ws/src/robotics_software_engineer/install/module_6_assignment/share/module_6_assignment/environment/path.dsv
[9.702s] -- Up-to-date: /home/maikelborys/assignment_ws/src/robotics_software_engineer/install/module_6_assignment/share/module_6_assignment/local_setup.bash
[9.702s] -- Up-to-date: /home/maikelborys/assignment_ws/src/robotics_software_engineer/install/module_6_assignment/share/module_6_assignment/local_setup.sh
[9.702s] -- Up-to-date: /home/maikelborys/assignment_ws/src/robotics_software_engineer/install/module_6_assignment/share/module_6_assignment/local_setup.zsh
[9.702s] -- Installing: /home/maikelborys/assignment_ws/src/robotics_software_engineer/install/module_6_assignment/share/module_6_assignment/local_setup.dsv
[9.702s] -- Installing: /home/maikelborys/assignment_ws/src/robotics_software_engineer/install/module_6_assignment/share/module_6_assignment/package.dsv
[9.702s] -- Up-to-date: /home/maikelborys/assignment_ws/src/robotics_software_engineer/install/module_6_assignment/share/ament_index/resource_index/packages/module_6_assignment
[9.702s] -- Up-to-date: /home/maikelborys/assignment_ws/src/robotics_software_engineer/install/module_6_assignment/share/module_6_assignment/cmake/module_6_assignmentConfig.cmake
[9.702s] -- Up-to-date: /home/maikelborys/assignment_ws/src/robotics_software_engineer/install/module_6_assignment/share/module_6_assignment/cmake/module_6_assignmentConfig-version.cmake
[9.702s] -- Up-to-date: /home/maikelborys/assignment_ws/src/robotics_software_engineer/install/module_6_assignment/share/module_6_assignment/package.xml
[9.704s] Invoked command in '/home/maikelborys/assignment_ws/src/robotics_software_engineer/build/module_6_assignment' returned '0': CMAKE_PREFIX_PATH=${CMAKE_PREFIX_PATH}:/opt/ros/humble /usr/bin/cmake --install /home/maikelborys/assignment_ws/src/robotics_software_engineer/build/module_6_assignment
