[0.010s] Invoking command in '/home/maikelborys/assignment_ws/src/robotics_software_engineer/build/module_6_assignment': CMAKE_PREFIX_PATH=${CMAKE_PREFIX_PATH}:/opt/ros/humble /usr/bin/cmake --build /home/maikelborys/assignment_ws/src/robotics_software_engineer/build/module_6_assignment -- -j16 -l16
[0.032s] -- Found ament_cmake: 1.3.11 (/opt/ros/humble/share/ament_cmake/cmake)
[0.128s] -- Found rclcpp: 16.0.11 (/opt/ros/humble/share/rclcpp/cmake)
[0.155s] -- Found rosidl_generator_c: 3.1.6 (/opt/ros/humble/share/rosidl_generator_c/cmake)
[0.157s] -- Found rosidl_adapter: 3.1.6 (/opt/ros/humble/share/rosidl_adapter/cmake)
[0.162s] -- Found rosidl_generator_cpp: 3.1.6 (/opt/ros/humble/share/rosidl_generator_cpp/cmake)
[0.170s] -- Using all available rosidl_typesupport_c: rosidl_typesupport_fastrtps_c;rosidl_typesupport_introspection_c
[0.180s] -- Using all available rosidl_typesupport_cpp: rosidl_typesupport_fastrtps_cpp;rosidl_typesupport_introspection_cpp
[0.207s] -- Found rmw_implementation_cmake: 6.1.2 (/opt/ros/humble/share/rmw_implementation_cmake/cmake)
[0.208s] -- Found rmw_fastrtps_cpp: 6.2.7 (/opt/ros/humble/share/rmw_fastrtps_cpp/cmake)
[0.314s] -- Using RMW implementation 'rmw_fastrtps_cpp' as default
[0.354s] -- Found nav_msgs: 4.2.4 (/opt/ros/humble/share/nav_msgs/cmake)
[0.376s] -- Found sensor_msgs: 4.2.4 (/opt/ros/humble/share/sensor_msgs/cmake)
[0.390s] -- Found visualization_msgs: 4.2.4 (/opt/ros/humble/share/visualization_msgs/cmake)
[0.408s] -- Found ament_lint_auto: 0.12.11 (/opt/ros/humble/share/ament_lint_auto/cmake)
[0.460s] -- Added test 'cppcheck' to perform static code analysis on C / C++ code
[0.461s] -- Configured cppcheck include dirs: /home/maikelborys/assignment_ws/src/robotics_software_engineer/module_6_assignment/include
[0.461s] -- Configured cppcheck exclude dirs and/or files: 
[0.461s] -- Added test 'flake8' to check Python code syntax and style conventions
[0.461s] -- Added test 'lint_cmake' to check CMake code style
[0.461s] -- Added test 'pep257' to check Python code against some of the docstring style conventions in PEP 257
[0.463s] -- Added test 'uncrustify' to check C / C++ code style
[0.463s] -- Configured uncrustify additional arguments: 
[0.463s] -- Added test 'xmllint' to check XML markup files
[0.464s] -- Configuring done
[0.476s] -- Generating done
[0.481s] -- Build files have been written to: /home/maikelborys/assignment_ws/src/robotics_software_engineer/build/module_6_assignment
[0.509s] [35m[1mConsolidate compiler generated dependencies of target sensor_display_node[0m
[0.509s] [35m[1mConsolidate compiler generated dependencies of target ekf_experiment_node[0m
[0.527s] [ 50%] Built target sensor_display_node
[0.531s] [ 75%] [32mBuilding CXX object CMakeFiles/ekf_experiment_node.dir/src/ekf_experiment.cpp.o[0m
[0.874s] [01m[K/home/maikelborys/assignment_ws/src/robotics_software_engineer/module_6_assignment/src/ekf_experiment.cpp:6:10:[m[K [01;31m[Kfatal error: [m[Kvisualization_msgs/msg/marker.hpp: No such file or directory
[0.875s]     6 | #include [01;31m[K"visualization_msgs/msg/marker.hpp"[m[K
[0.875s]       |          [01;31m[K^~~~~~~~~~~~~~~~~~~~~~~~~~~~~~~~~~~[m[K
[0.875s] compilation terminated.
[0.881s] gmake[2]: *** [CMakeFiles/ekf_experiment_node.dir/build.make:76: CMakeFiles/ekf_experiment_node.dir/src/ekf_experiment.cpp.o] Error 1
[0.882s] gmake[1]: *** [CMakeFiles/Makefile2:165: CMakeFiles/ekf_experiment_node.dir/all] Error 2
[0.882s] gmake: *** [Makefile:146: all] Error 2
[0.886s] Invoked command in '/home/maikelborys/assignment_ws/src/robotics_software_engineer/build/module_6_assignment' returned '2': CMAKE_PREFIX_PATH=${CMAKE_PREFIX_PATH}:/opt/ros/humble /usr/bin/cmake --build /home/maikelborys/assignment_ws/src/robotics_software_engineer/build/module_6_assignment -- -j16 -l16
