[0.012s] Invoking command in '/home/maikelborys/assignment_ws/src/robotics_software_engineer/build/module_8_assignment': CMAKE_PREFIX_PATH=${CMAKE_PREFIX_PATH}:/opt/ros/humble /usr/bin/cmake --build /home/maikelborys/assignment_ws/src/robotics_software_engineer/build/module_8_assignment -- -j16 -l16
[0.063s] [ 18%] Built target algo_grid_sweep
[0.063s] [ 18%] Built target rrt_node
[0.064s] [ 45%] Built target algo_astar
[0.064s] [ 45%] Built target gtest_main
[0.064s] [ 45%] Built target gtest
[0.065s] [ 54%] Built target occupancy_grid_node
[0.066s] [ 63%] Built target map_republisher_node
[0.073s] [35m[1mConsolidate compiler generated dependencies of target algo_rrt[0m
[0.085s] [ 72%] [32mBuilding CXX object CMakeFiles/algo_rrt.dir/src/algo_rrt.cpp.o[0m
[0.085s] [ 77%] Built target test_rrt_node
[0.385s] [01m[K/home/maikelborys/assignment_ws/src/robotics_software_engineer/module_8_assignment/src/algo_rrt.cpp:11:6:[m[K [01;31m[Kerror: [m[Kno declaration matches ‘[01m[Kvoid RRT_Planner::setDomain(std::vector<int>&)[m[K’
[0.385s]    11 | void [01;31m[KRRT_Planner[m[K::setDomain(std::vector<int>& domain) {
[0.385s]       |      [01;31m[K^~~~~~~~~~~[m[K
[0.385s] In file included from [01m[K/home/maikelborys/assignment_ws/src/robotics_software_engineer/module_8_assignment/src/algo_rrt.cpp:1[m[K:
[0.386s] [01m[K/home/maikelborys/assignment_ws/src/robotics_software_engineer/module_8_assignment/include/path_planning/algo_rrt.hpp:16:10:[m[K [01;36m[Knote: [m[Kcandidate is: ‘[01m[Kvoid RRT_Planner::setDomain(int, int, const std::vector<signed char>&)[m[K’
[0.386s]    16 |     void [01;36m[KsetDomain[m[K(int width, int height, const std::vector<int8_t>& occupancy_data);
[0.386s]       |          [01;36m[K^~~~~~~~~[m[K
[0.386s] [01m[K/home/maikelborys/assignment_ws/src/robotics_software_engineer/module_8_assignment/include/path_planning/algo_rrt.hpp:10:7:[m[K [01;36m[Knote: [m[K‘[01m[Kclass RRT_Planner[m[K’ defined here
[0.386s]    10 | class [01;36m[KRRT_Planner[m[K {
[0.386s]       |       [01;36m[K^~~~~~~~~~~[m[K
[0.458s] gmake[2]: *** [CMakeFiles/algo_rrt.dir/build.make:76: CMakeFiles/algo_rrt.dir/src/algo_rrt.cpp.o] Error 1
[0.458s] gmake[1]: *** [CMakeFiles/Makefile2:275: CMakeFiles/algo_rrt.dir/all] Error 2
[0.458s] gmake: *** [Makefile:146: all] Error 2
[0.462s] Invoked command in '/home/maikelborys/assignment_ws/src/robotics_software_engineer/build/module_8_assignment' returned '2': CMAKE_PREFIX_PATH=${CMAKE_PREFIX_PATH}:/opt/ros/humble /usr/bin/cmake --build /home/maikelborys/assignment_ws/src/robotics_software_engineer/build/module_8_assignment -- -j16 -l16
